Component: ARM Compiler 5.05 update 1 (build 106) Tool: armlink [4d0efa]

==============================================================================

Section Cross References

    main.o(.text) refers to common.o(.text) for delay_init
    main.o(.text) refers to led.o(.text) for LED_Init
    main.o(.text) refers to os_core.o(.text) for OSInit
    main.o(.text) refers to os_cpu_a.o(.text) for OS_CPU_SR_Save
    main.o(.text) refers to os_task.o(.text) for OSTaskCreate
    main.o(.text) refers to task.o(.bss) for LED0_TASK_STK
    main.o(.text) refers to task.o(.text) for LED0_Task
    startup_stm32f40_41xxx.o(STACK) refers (Special) to heapauxi.o(.text) for __use_two_region_memory
    startup_stm32f40_41xxx.o(HEAP) refers (Special) to heapauxi.o(.text) for __use_two_region_memory
    startup_stm32f40_41xxx.o(RESET) refers (Special) to heapauxi.o(.text) for __use_two_region_memory
    startup_stm32f40_41xxx.o(RESET) refers to startup_stm32f40_41xxx.o(STACK) for __initial_sp
    startup_stm32f40_41xxx.o(RESET) refers to startup_stm32f40_41xxx.o(.text) for Reset_Handler
    startup_stm32f40_41xxx.o(RESET) refers to stm32f4xx_it.o(.text) for NMI_Handler
    startup_stm32f40_41xxx.o(RESET) refers to os_cpu_a.o(.text) for PendSV_Handler
    startup_stm32f40_41xxx.o(RESET) refers to common.o(.text) for SysTick_Handler
    startup_stm32f40_41xxx.o(RESET) refers to exti.o(.text) for EXTI0_IRQHandler
    startup_stm32f40_41xxx.o(RESET) refers to timer.o(.text) for TIM2_IRQHandler
    startup_stm32f40_41xxx.o(.text) refers (Special) to heapauxi.o(.text) for __use_two_region_memory
    startup_stm32f40_41xxx.o(.text) refers to system_stm32f4xx.o(.text) for SystemInit
    startup_stm32f40_41xxx.o(.text) refers to __main.o(!!!main) for __main
    startup_stm32f40_41xxx.o(.text) refers to startup_stm32f40_41xxx.o(HEAP) for Heap_Mem
    startup_stm32f40_41xxx.o(.text) refers to startup_stm32f40_41xxx.o(STACK) for Stack_Mem
    system_stm32f4xx.o(.text) refers to system_stm32f4xx.o(.data) for SystemCoreClock
    led.o(.text) refers to stm32f4xx_rcc.o(.text) for RCC_AHB1PeriphClockCmd
    led.o(.text) refers to stm32f4xx_gpio.o(.text) for GPIO_Init
    task.o(.text) refers to os_time.o(.text) for OSTimeDlyHMSM
    task.o(.text) refers to exti.o(.text) for EXTIX_Init
    task.o(.text) refers to timer.o(.text) for TIM2_Init
    key.o(.text) refers to stm32f4xx_rcc.o(.text) for RCC_AHB1PeriphClockCmd
    key.o(.text) refers to stm32f4xx_gpio.o(.text) for GPIO_Init
    key.o(.text) refers to common.o(.text) for delay_us
    key.o(.text) refers to key.o(.data) for key_up
    exti.o(.text) refers to stm32f4xx_exti.o(.text) for EXTI_ClearITPendingBit
    exti.o(.text) refers to key.o(.text) for KEY_Init
    exti.o(.text) refers to stm32f4xx_rcc.o(.text) for RCC_APB2PeriphClockCmd
    exti.o(.text) refers to stm32f4xx_syscfg.o(.text) for SYSCFG_EXTILineConfig
    exti.o(.text) refers to misc.o(.text) for NVIC_Init
    exti.o(.text) refers to exti.o(.data) for i
    exti.o(.text) refers to timer.o(.data) for pluse_num
    timer.o(.text) refers to stm32f4xx_rcc.o(.text) for RCC_APB1PeriphClockCmd
    timer.o(.text) refers to stm32f4xx_tim.o(.text) for TIM_TimeBaseInit
    timer.o(.text) refers to misc.o(.text) for NVIC_Init
    stm32f4xx_gpio.o(.text) refers to stm32f4xx_rcc.o(.text) for RCC_AHB1PeriphResetCmd
    stm32f4xx_rcc.o(.text) refers to stm32f4xx_rcc.o(.data) for APBAHBPrescTable
    stm32f4xx_adc.o(.text) refers to stm32f4xx_rcc.o(.text) for RCC_APB2PeriphResetCmd
    stm32f4xx_can.o(.text) refers to stm32f4xx_rcc.o(.text) for RCC_APB1PeriphResetCmd
    stm32f4xx_cryp.o(.text) refers to stm32f4xx_rcc.o(.text) for RCC_AHB2PeriphResetCmd
    stm32f4xx_cryp_aes.o(.text) refers to stm32f4xx_cryp.o(.text) for CRYP_KeyStructInit
    stm32f4xx_cryp_des.o(.text) refers to stm32f4xx_cryp.o(.text) for CRYP_KeyStructInit
    stm32f4xx_cryp_tdes.o(.text) refers to stm32f4xx_cryp.o(.text) for CRYP_KeyStructInit
    stm32f4xx_dac.o(.text) refers to stm32f4xx_rcc.o(.text) for RCC_APB1PeriphResetCmd
    stm32f4xx_dma2d.o(.text) refers to stm32f4xx_rcc.o(.text) for RCC_AHB1PeriphResetCmd
    stm32f4xx_fsmc.o(.text) refers to stm32f4xx_fsmc.o(.constdata) for FSMC_DefaultTimingStruct
    stm32f4xx_hash.o(.text) refers to stm32f4xx_rcc.o(.text) for RCC_AHB2PeriphResetCmd
    stm32f4xx_hash_md5.o(.text) refers to stm32f4xx_hash.o(.text) for HASH_DeInit
    stm32f4xx_hash_sha1.o(.text) refers to stm32f4xx_hash.o(.text) for HASH_DeInit
    stm32f4xx_i2c.o(.text) refers to stm32f4xx_rcc.o(.text) for RCC_APB1PeriphResetCmd
    stm32f4xx_ltdc.o(.text) refers to stm32f4xx_rcc.o(.text) for RCC_APB2PeriphResetCmd
    stm32f4xx_pwr.o(.text) refers to stm32f4xx_rcc.o(.text) for RCC_APB1PeriphResetCmd
    stm32f4xx_rng.o(.text) refers to stm32f4xx_rcc.o(.text) for RCC_AHB2PeriphResetCmd
    stm32f4xx_sai.o(.text) refers to stm32f4xx_rcc.o(.text) for RCC_APB2PeriphResetCmd
[...]
    Removing os_q.o(.rev16_text), (4 bytes).
    Removing os_q.o(.revsh_text), (4 bytes).
    Removing os_sem.o(.rev16_text), (4 bytes).
    Removing os_sem.o(.revsh_text), (4 bytes).
    Removing os_sem.o(.text), (908 bytes).
    Removing os_task.o(.rev16_text), (4 bytes).
    Removing os_task.o(.revsh_text), (4 bytes).
    Removing os_time.o(.rev16_text), (4 bytes).
    Removing os_time.o(.revsh_text), (4 bytes).
    Removing os_tmr.o(.rev16_text), (4 bytes).
    Removing os_tmr.o(.revsh_text), (4 bytes).
    Removing os_cpu_c.o(.rev16_text), (4 bytes).
    Removing os_cpu_c.o(.revsh_text), (4 bytes).
    Removing os_cpu_c.o(.data), (4 bytes).

145 unused section(s) (total 32070 bytes) removed from the image.

==============================================================================

Image Symbol Table

    Local Symbols

    Symbol Name                              Value     Ov Type        Size  Object(Section)

    ../clib/angel/boardlib.s                 0x00000000   Number         0  boardshut.o ABSOLUTE
    ../clib/angel/boardlib.s                 0x00000000   Number         0  boardinit2.o ABSOLUTE
    ../clib/angel/boardlib.s                 0x00000000   Number         0  boardinit1.o ABSOLUTE
    ../clib/angel/boardlib.s                 0x00000000   Number         0  boardinit3.o ABSOLUTE
    ../clib/angel/handlers.s                 0x00000000   Number         0  __scatter_copy.o ABSOLUTE
    ../clib/angel/handlers.s                 0x00000000   Number         0  __scatter_zi.o ABSOLUTE
    ../clib/angel/kernel.s                   0x00000000   Number         0  __rtentry.o ABSOLUTE
    ../clib/angel/kernel.s                   0x00000000   Number         0  rtexit2.o ABSOLUTE
    ../clib/angel/kernel.s                   0x00000000   Number         0  rtexit.o ABSOLUTE
    ../clib/angel/kernel.s                   0x00000000   Number         0  __rtentry2.o ABSOLUTE
    ../clib/angel/kernel.s                   0x00000000   Number         0  __rtentry4.o ABSOLUTE
    ../clib/angel/rt.s                       0x00000000   Number         0  rt_raise.o ABSOLUTE
    ../clib/angel/scatter.s                  0x00000000   Number         0  __scatter.o ABSOLUTE
    ../clib/angel/startup.s                  0x00000000   Number         0  __main.o ABSOLUTE
    ../clib/angel/sys.s                      0x00000000   Number         0  use_no_semi.o ABSOLUTE
    ../clib/angel/sys.s                      0x00000000   Number         0  libspace.o ABSOLUTE
    ../clib/angel/sys.s                      0x00000000   Number         0  sys_stackheap_outer.o ABSOLUTE
    ../clib/angel/sys.s                      0x00000000   Number         0  indicate_semi.o ABSOLUTE
    ../clib/angel/sysapp.c                   0x00000000   Number         0  sys_command.o ABSOLUTE
    ../clib/angel/sysapp.c                   0x00000000   Number         0  sys_exit.o ABSOLUTE
    ../clib/angel/sysapp.c                   0x00000000   Number         0  sys_wrch.o ABSOLUTE
    ../clib/armsys.c                         0x00000000   Number         0  no_argv.o ABSOLUTE
    ../clib/armsys.c                         0x00000000   Number         0  _get_argv_nomalloc.o ABSOLUTE
    ../clib/armsys.c                         0x00000000   Number         0  argv_veneer.o ABSOLUTE
    ../clib/armsys.c                         0x00000000   Number         0  argv_veneer.o ABSOLUTE
    ../clib/heapalloc.c                      0x00000000   Number         0  hrguard.o ABSOLUTE
    ../clib/heapaux.c                        0x00000000   Number         0  heapauxi.o ABSOLUTE
    ../clib/libinit.s                        0x00000000   Number         0  libshutdown2.o ABSOLUTE
    ../clib/libinit.s                        0x00000000   Number         0  libshutdown.o ABSOLUTE
    ../clib/libinit.s                        0x00000000   Number         0  libinit2.o ABSOLUTE
    ../clib/libinit.s                        0x00000000   Number         0  libinit.o ABSOLUTE
    ../clib/signal.c                         0x00000000   Number         0  defsig_segv_inner.o ABSOLUTE
    ../clib/signal.c                         0x00000000   Number         0  defsig_cppl_inner.o ABSOLUTE
    ../clib/signal.c                         0x00000000   Number         0  defsig_pvfn_inner.o ABSOLUTE
    ../clib/signal.c                         0x00000000   Number         0  defsig_stak_inner.o ABSOLUTE
    ../clib/signal.c                         0x00000000   Number         0  defsig_rtred_inner.o ABSOLUTE
    ../clib/signal.c                         0x00000000   Number         0  defsig_fpe_inner.o ABSOLUTE
    ../clib/signal.c                         0x00000000   Number         0  defsig_abrt_inner.o ABSOLUTE
    ../clib/signal.c                         0x00000000   Number         0  defsig_rtmem_inner.o ABSOLUTE
    ../clib/signal.c                         0x00000000   Number         0  defsig_general.o ABSOLUTE
    ../clib/signal.c                         0x00000000   Number         0  __raise.o ABSOLUTE
    ../clib/signal.c                         0x00000000   Number         0  defsig_exit.o ABSOLUTE
    ../clib/signal.c                         0x00000000   Number         0  defsig_rtmem_formal.o ABSOLUTE
    ../clib/signal.c                         0x00000000   Number         0  defsig_rtmem_outer.o ABSOLUTE
    ../clib/signal.c                         0x00000000   Number         0  defsig_other.o ABSOLUTE
    ../clib/signal.s                         0x00000000   Number         0  defsig.o ABSOLUTE
    ../clib/stdlib.c                         0x00000000   Number         0  exit.o ABSOLUTE
    ../fplib/fpinit.s                        0x00000000   Number         0  fpinit.o ABSOLUTE
    ..\Common\common.c                       0x00000000   Number         0  common.o ABSOLUTE
    ..\Main\main.c                           0x00000000   Number         0  main.o ABSOLUTE
    ..\Main\stm32f4xx_it.c                   0x00000000   Number         0  stm32f4xx_it.o ABSOLUTE
    ..\STM32F4_FWLIB\src\misc.c              0x00000000   Number         0  misc.o ABSOLUTE
    ..\STM32F4_FWLIB\src\stm32f4xx_adc.c     0x00000000   Number         0  stm32f4xx_adc.o ABSOLUTE
    ..\STM32F4_FWLIB\src\stm32f4xx_can.c     0x00000000   Number         0  stm32f4xx_can.o ABSOLUTE
    ..\STM32F4_FWLIB\src\stm32f4xx_crc.c     0x00000000   Number         0  stm32f4xx_crc.o ABSOLUTE
    ..\STM32F4_FWLIB\src\stm32f4xx_cryp.c    0x00000000   Number         0  stm32f4xx_cryp.o ABSOLUTE
    ..\STM32F4_FWLIB\src\stm32f4xx_cryp_aes.c 0x00000000   Number         0  stm32f4xx_cryp_aes.o ABSOLUTE
    ..\STM32F4_FWLIB\src\stm32f4xx_cryp_des.c 0x00000000   Number         0  stm32f4xx_cryp_des.o ABSOLUTE
    ..\STM32F4_FWLIB\src\stm32f4xx_cryp_tdes.c 0x00000000   Number         0  stm32f4xx_cryp_tdes.o ABSOLUTE
    ..\STM32F4_FWLIB\src\stm32f4xx_dac.c     0x00000000   Number         0  stm32f4xx_dac.o ABSOLUTE
    ..\STM32F4_FWLIB\src\stm32f4xx_dbgmcu.c  0x00000000   Number         0  stm32f4xx_dbgmcu.o ABSOLUTE
    ..\STM32F4_FWLIB\src\stm32f4xx_dcmi.c    0x00000000   Number         0  stm32f4xx_dcmi.o ABSOLUTE
    ..\STM32F4_FWLIB\src\stm32f4xx_dma.c     0x00000000   Number         0  stm32f4xx_dma.o ABSOLUTE
    ..\STM32F4_FWLIB\src\stm32f4xx_dma2d.c   0x00000000   Number         0  stm32f4xx_dma2d.o ABSOLUTE
    ..\STM32F4_FWLIB\src\stm32f4xx_exti.c    0x00000000   Number         0  stm32f4xx_exti.o ABSOLUTE
    ..\STM32F4_FWLIB\src\stm32f4xx_flash.c   0x00000000   Number         0  stm32f4xx_flash.o ABSOLUTE
    ..\STM32F4_FWLIB\src\stm32f4xx_flash_ramfunc.c 0x00000000   Number         0  stm32f4xx_flash_ramfunc.o ABSOLUTE
    ..\STM32F4_FWLIB\src\stm32f4xx_fsmc.c    0x00000000   Number         0  stm32f4xx_fsmc.o ABSOLUTE
    ..\STM32F4_FWLIB\src\stm32f4xx_gpio.c    0x00000000   Number         0  stm32f4xx_gpio.o ABSOLUTE
    ..\STM32F4_FWLIB\src\stm32f4xx_hash.c    0x00000000   Number         0  stm32f4xx_hash.o ABSOLUTE
    ..\STM32F4_FWLIB\src\stm32f4xx_hash_md5.c 0x00000000   Number         0  stm32f4xx_hash_md5.o ABSOLUTE
    ..\STM32F4_FWLIB\src\stm32f4xx_hash_sha1.c 0x00000000   Number         0  stm32f4xx_hash_sha1.o ABSOLUTE
    ..\STM32F4_FWLIB\src\stm32f4xx_i2c.c     0x00000000   Number         0  stm32f4xx_i2c.o ABSOLUTE
    ..\STM32F4_FWLIB\src\stm32f4xx_iwdg.c    0x00000000   Number         0  stm32f4xx_iwdg.o ABSOLUTE
    ..\STM32F4_FWLIB\src\stm32f4xx_ltdc.c    0x00000000   Number         0  stm32f4xx_ltdc.o ABSOLUTE
    ..\STM32F4_FWLIB\src\stm32f4xx_pwr.c     0x00000000   Number         0  stm32f4xx_pwr.o ABSOLUTE
    ..\STM32F4_FWLIB\src\stm32f4xx_rcc.c     0x00000000   Number         0  stm32f4xx_rcc.o ABSOLUTE
    ..\STM32F4_FWLIB\src\stm32f4xx_rng.c     0x00000000   Number         0  stm32f4xx_rng.o ABSOLUTE
    ..\STM32F4_FWLIB\src\stm32f4xx_rtc.c     0x00000000   Number         0  stm32f4xx_rtc.o ABSOLUTE
    ..\STM32F4_FWLIB\src\stm32f4xx_sai.c     0x00000000   Number         0  stm32f4xx_sai.o ABSOLUTE
    ..\STM32F4_FWLIB\src\stm32f4xx_sdio.c    0x00000000   Number         0  stm32f4xx_sdio.o ABSOLUTE
    ..\STM32F4_FWLIB\src\stm32f4xx_spi.c     0x00000000   Number         0  stm32f4xx_spi.o ABSOLUTE
    ..\STM32F4_FWLIB\src\stm32f4xx_syscfg.c  0x00000000   Number         0  stm32f4xx_syscfg.o ABSOLUTE
    ..\STM32F4_FWLIB\src\stm32f4xx_tim.c     0x00000000   Number         0  stm32f4xx_tim.o ABSOLUTE
    ..\STM32F4_FWLIB\src\stm32f4xx_usart.c   0x00000000   Number         0  stm32f4xx_usart.o ABSOLUTE
    ..\STM32F4_FWLIB\src\stm32f4xx_wwdg.c    0x00000000   Number         0  stm32f4xx_wwdg.o ABSOLUTE
    ..\Startup_config\startup_stm32f40_41xxx.s 0x00000000   Number         0  startup_stm32f40_41xxx.o ABSOLUTE
    ..\Startup_config\system_stm32f4xx.c     0x00000000   Number         0  system_stm32f4xx.o ABSOLUTE
    ..\UCOSII\PORT\os_cpu_a.asm              0x00000000   Number         0  os_cpu_a.o ABSOLUTE
    ..\UCOSII\PORT\os_cpu_c.c                0x00000000   Number         0  os_cpu_c.o ABSOLUTE
    ..\UCOSII\Source\os_core.c               0x00000000   Number         0  os_core.o ABSOLUTE
    ..\UCOSII\Source\os_flag.c               0x00000000   Number         0  os_flag.o ABSOLUTE
    ..\UCOSII\Source\os_mbox.c               0x00000000   Number         0  os_mbox.o ABSOLUTE
    ..\UCOSII\Source\os_mem.c                0x00000000   Number         0  os_mem.o ABSOLUTE
    ..\UCOSII\Source\os_mutex.c              0x00000000   Number         0  os_mutex.o ABSOLUTE
    ..\UCOSII\Source\os_q.c                  0x00000000   Number         0  os_q.o ABSOLUTE
    ..\UCOSII\Source\os_sem.c                0x00000000   Number         0  os_sem.o ABSOLUTE
    ..\UCOSII\Source\os_task.c               0x00000000   Number         0  os_task.o ABSOLUTE
    ..\UCOSII\Source\os_time.c               0x00000000   Number         0  os_time.o ABSOLUTE
    ..\UCOSII\Source\os_tmr.c                0x00000000   Number         0  os_tmr.o ABSOLUTE
    ..\USER\LED\led.c                        0x00000000   Number         0  led.o ABSOLUTE
    ..\USER\TASK\task.c                      0x00000000   Number         0  task.o ABSOLUTE
    ..\USER\TIMER\timer.c                    0x00000000   Number         0  timer.o ABSOLUTE
    ..\USER\extint\exti.c                    0x00000000   Number         0  exti.o ABSOLUTE
    ..\USER\key\key.c                        0x00000000   Number         0  key.o ABSOLUTE
    ..\\Common\\common.c                     0x00000000   Number         0  common.o ABSOLUTE
    ..\\Main\\main.c                         0x00000000   Number         0  main.o ABSOLUTE
    ..\\Main\\stm32f4xx_it.c                 0x00000000   Number         0  stm32f4xx_it.o ABSOLUTE
    ..\\STM32F4_FWLIB\\src\\misc.c           0x00000000   Number         0  misc.o ABSOLUTE
    ..\\STM32F4_FWLIB\\src\\stm32f4xx_adc.c  0x00000000   Number         0  stm32f4xx_adc.o ABSOLUTE
    ..\\STM32F4_FWLIB\\src\\stm32f4xx_can.c  0x00000000   Number         0  stm32f4xx_can.o ABSOLUTE
    ..\\STM32F4_FWLIB\\src\\stm32f4xx_crc.c  0x00000000   Number         0  stm32f4xx_crc.o ABSOLUTE
    ..\\STM32F4_FWLIB\\src\\stm32f4xx_cryp.c 0x00000000   Number         0  stm32f4xx_cryp.o ABSOLUTE
    ..\\STM32F4_FWLIB\\src\\stm32f4xx_cryp_aes.c 0x00000000   Number         0  stm32f4xx_cryp_aes.o ABSOLUTE
    ..\\STM32F4_FWLIB\\src\\stm32f4xx_cryp_des.c 0x00000000   Number         0  stm32f4xx_cryp_des.o ABSOLUTE
    ..\\STM32F4_FWLIB\\src\\stm32f4xx_cryp_tdes.c 0x00000000   Number         0  stm32f4xx_cryp_tdes.o ABSOLUTE
    ..\\STM32F4_FWLIB\\src\\stm32f4xx_dac.c  0x00000000   Number         0  stm32f4xx_dac.o ABSOLUTE
    ..\\STM32F4_FWLIB\\src\\stm32f4xx_dbgmcu.c 0x00000000   Number         0  stm32f4xx_dbgmcu.o ABSOLUTE
    ..\\STM32F4_FWLIB\\src\\stm32f4xx_dcmi.c 0x00000000   Number         0  stm32f4xx_dcmi.o ABSOLUTE
    ..\\STM32F4_FWLIB\\src\\stm32f4xx_dma.c  0x00000000   Number         0  stm32f4xx_dma.o ABSOLUTE
    ..\\STM32F4_FWLIB\\src\\stm32f4xx_dma2d.c 0x00000000   Number         0  stm32f4xx_dma2d.o ABSOLUTE
    ..\\STM32F4_FWLIB\\src\\stm32f4xx_exti.c 0x00000000   Number         0  stm32f4xx_exti.o ABSOLUTE
    ..\\STM32F4_FWLIB\\src\\stm32f4xx_flash.c 0x00000000   Number         0  stm32f4xx_flash.o ABSOLUTE
    ..\\STM32F4_FWLIB\\src\\stm32f4xx_flash_ramfunc.c 0x00000000   Number         0  stm32f4xx_flash_ramfunc.o ABSOLUTE
    ..\\STM32F4_FWLIB\\src\\stm32f4xx_fsmc.c 0x00000000   Number         0  stm32f4xx_fsmc.o ABSOLUTE
    ..\\STM32F4_FWLIB\\src\\stm32f4xx_gpio.c 0x00000000   Number         0  stm32f4xx_gpio.o ABSOLUTE
    ..\\STM32F4_FWLIB\\src\\stm32f4xx_hash.c 0x00000000   Number         0  stm32f4xx_hash.o ABSOLUTE
    ..\\STM32F4_FWLIB\\src\\stm32f4xx_hash_md5.c 0x00000000   Number         0  stm32f4xx_hash_md5.o ABSOLUTE
    ..\\STM32F4_FWLIB\\src\\stm32f4xx_hash_sha1.c 0x00000000   Number         0  stm32f4xx_hash_sha1.o ABSOLUTE
    ..\\STM32F4_FWLIB\\src\\stm32f4xx_i2c.c  0x00000000   Number         0  stm32f4xx_i2c.o ABSOLUTE
    ..\\STM32F4_FWLIB\\src\\stm32f4xx_iwdg.c 0x00000000   Number         0  stm32f4xx_iwdg.o ABSOLUTE
    ..\\STM32F4_FWLIB\\src\\stm32f4xx_ltdc.c 0x00000000   Number         0  stm32f4xx_ltdc.o ABSOLUTE
    ..\\STM32F4_FWLIB\\src\\stm32f4xx_pwr.c  0x00000000   Number         0  stm32f4xx_pwr.o ABSOLUTE
    ..\\STM32F4_FWLIB\\src\\stm32f4xx_rcc.c  0x00000000   Number         0  stm32f4xx_rcc.o ABSOLUTE
    ..\\STM32F4_FWLIB\\src\\stm32f4xx_rng.c  0x00000000   Number         0  stm32f4xx_rng.o ABSOLUTE
    ..\\STM32F4_FWLIB\\src\\stm32f4xx_rtc.c  0x00000000   Number         0  stm32f4xx_rtc.o ABSOLUTE
    ..\\STM32F4_FWLIB\\src\\stm32f4xx_sai.c  0x00000000   Number         0  stm32f4xx_sai.o ABSOLUTE
    ..\\STM32F4_FWLIB\\src\\stm32f4xx_sdio.c 0x00000000   Number         0  stm32f4xx_sdio.o ABSOLUTE
    ..\\STM32F4_FWLIB\\src\\stm32f4xx_spi.c  0x00000000   Number         0  stm32f4xx_spi.o ABSOLUTE
    ..\\STM32F4_FWLIB\\src\\stm32f4xx_syscfg.c 0x00000000   Number         0  stm32f4xx_syscfg.o ABSOLUTE
    ..\\STM32F4_FWLIB\\src\\stm32f4xx_tim.c  0x00000000   Number         0  stm32f4xx_tim.o ABSOLUTE
    ..\\STM32F4_FWLIB\\src\\stm32f4xx_usart.c 0x00000000   Number         0  stm32f4xx_usart.o ABSOLUTE
    ..\\STM32F4_FWLIB\\src\\stm32f4xx_wwdg.c 0x00000000   Number         0  stm32f4xx_wwdg.o ABSOLUTE
    ..\\Startup_config\\system_stm32f4xx.c   0x00000000   Number         0  system_stm32f4xx.o ABSOLUTE
    ..\\UCOSII\\PORT\\os_cpu_c.c             0x00000000   Number         0  os_cpu_c.o ABSOLUTE
    ..\\UCOSII\\Source\\os_core.c            0x00000000   Number         0  os_core.o ABSOLUTE
    ..\\UCOSII\\Source\\os_flag.c            0x00000000   Number         0  os_flag.o ABSOLUTE
    ..\\UCOSII\\Source\\os_mbox.c            0x00000000   Number         0  os_mbox.o ABSOLUTE
    ..\\UCOSII\\Source\\os_mem.c             0x00000000   Number         0  os_mem.o ABSOLUTE
    ..\\UCOSII\\Source\\os_mutex.c           0x00000000   Number         0  os_mutex.o ABSOLUTE
    ..\\UCOSII\\Source\\os_q.c               0x00000000   Number         0  os_q.o ABSOLUTE
    ..\\UCOSII\\Source\\os_sem.c             0x00000000   Number         0  os_sem.o ABSOLUTE
    ..\\UCOSII\\Source\\os_task.c            0x00000000   Number         0  os_task.o ABSOLUTE
    ..\\UCOSII\\Source\\os_time.c            0x00000000   Number         0  os_time.o ABSOLUTE
    ..\\UCOSII\\Source\\os_tmr.c             0x00000000   Number         0  os_tmr.o ABSOLUTE
    ..\\USER\\LED\\led.c                     0x00000000   Number         0  led.o ABSOLUTE
    ..\\USER\\TASK\\task.c                   0x00000000   Number         0  task.o ABSOLUTE
    ..\\USER\\TIMER\\timer.c                 0x00000000   Number         0  timer.o ABSOLUTE
    ..\\USER\\extint\\exti.c                 0x00000000   Number         0  exti.o ABSOLUTE
    ..\\USER\\key\\key.c                     0x00000000   Number         0  key.o ABSOLUTE
    dc.s                                     0x00000000   Number         0  dc.o ABSOLUTE
    RESET                                    0x08000000   Section      392  startup_stm32f40_41xxx.o(RESET)
    !!!main                                  0x08000188   Section        8  __main.o(!!!main)
    !!!scatter                               0x08000190   Section       52  __scatter.o(!!!scatter)
    !!handler_copy                           0x080001c4   Section       26  __scatter_copy.o(!!handler_copy)
    !!handler_zi                             0x080001e0   Section       28  __scatter_zi.o(!!handler_zi)
    .ARM.Collect$$libinit$$00000000          0x080001fc   Section        2  libinit.o(.ARM.Collect$$libinit$$00000000)
    .ARM.Collect$$libinit$$00000001          0x080001fe   Section        4  libinit2.o(.ARM.Collect$$libinit$$00000001)
    .ARM.Collect$$libinit$$00000004          0x08000202   Section        0  libinit2.o(.ARM.Collect$$libinit$$00000004)
    .ARM.Collect$$libinit$$0000000A          0x08000202   Section        0  libinit2.o(.ARM.Collect$$libinit$$0000000A)
    .ARM.Collect$$libinit$$0000000C          0x08000202   Section        0  libinit2.o(.ARM.Collect$$libinit$$0000000C)
    .ARM.Collect$$libinit$$0000000E          0x08000202   Section        0  libinit2.o(.ARM.Collect$$libinit$$0000000E)
    .ARM.Collect$$libinit$$00000011          0x08000202   Section        0  libinit2.o(.ARM.Collect$$libinit$$00000011)
    .ARM.Collect$$libinit$$00000013          0x08000202   Section        0  libinit2.o(.ARM.Collect$$libinit$$00000013)
    .ARM.Collect$$libinit$$00000015          0x08000202   Section        0  libinit2.o(.ARM.Collect$$libinit$$00000015)
    .ARM.Collect$$libinit$$00000017          0x08000202   Section        0  libinit2.o(.ARM.Collect$$libinit$$00000017)
    .ARM.Collect$$libinit$$00000019          0x08000202   Section        0  libinit2.o(.ARM.Collect$$libinit$$00000019)
    .ARM.Collect$$libinit$$0000001B          0x08000202   Section        0  libinit2.o(.ARM.Collect$$libinit$$0000001B)
    .ARM.Collect$$libinit$$0000001D          0x08000202   Section        0  libinit2.o(.ARM.Collect$$libinit$$0000001D)
    .ARM.Collect$$libinit$$0000001F          0x08000202   Section        0  libinit2.o(.ARM.Collect$$libinit$$0000001F)
    .ARM.Collect$$libinit$$00000021          0x08000202   Section        0  libinit2.o(.ARM.Collect$$libinit$$00000021)
    .ARM.Collect$$libinit$$00000023          0x08000202   Section        0  libinit2.o(.ARM.Collect$$libinit$$00000023)
    .ARM.Collect$$libinit$$00000025          0x08000202   Section        0  libinit2.o(.ARM.Collect$$libinit$$00000025)
    .ARM.Collect$$libinit$$0000002C          0x08000202   Section        0  libinit2.o(.ARM.Collect$$libinit$$0000002C)
    .ARM.Collect$$libinit$$0000002E          0x08000202   Section        0  libinit2.o(.ARM.Collect$$libinit$$0000002E)
    .ARM.Collect$$libinit$$00000030          0x08000202   Section        0  libinit2.o(.ARM.Collect$$libinit$$00000030)
    .ARM.Collect$$libinit$$00000032          0x08000202   Section        0  libinit2.o(.ARM.Collect$$libinit$$00000032)
    .ARM.Collect$$libinit$$00000033          0x08000202   Section        2  libinit2.o(.ARM.Collect$$libinit$$00000033)
    .ARM.Collect$$libshutdown$$00000000      0x08000204   Section        2  libshutdown.o(.ARM.Collect$$libshutdown$$00000000)
    .ARM.Collect$$libshutdown$$00000003      0x08000206   Section        0  libshutdown2.o(.ARM.Collect$$libshutdown$$00000003)
    .ARM.Collect$$libshutdown$$00000006      0x08000206   Section        0  libshutdown2.o(.ARM.Collect$$libshutdown$$00000006)
    .ARM.Collect$$libshutdown$$00000009      0x08000206   Section        0  libshutdown2.o(.ARM.Collect$$libshutdown$$00000009)
    .ARM.Collect$$libshutdown$$0000000B      0x08000206   Section        0  libshutdown2.o(.ARM.Collect$$libshutdown$$0000000B)
    .ARM.Collect$$libshutdown$$0000000E      0x08000206   Section        0  libshutdown2.o(.ARM.Collect$$libshutdown$$0000000E)
    .ARM.Collect$$libshutdown$$0000000F      0x08000206   Section        2  libshutdown2.o(.ARM.Collect$$libshutdown$$0000000F)
    .ARM.Collect$$rtentry$$00000000          0x08000208   Section        0  __rtentry.o(.ARM.Collect$$rtentry$$00000000)
    .ARM.Collect$$rtentry$$00000002          0x08000208   Section        0  __rtentry2.o(.ARM.Collect$$rtentry$$00000002)
    .ARM.Collect$$rtentry$$00000004          0x08000208   Section        6  __rtentry4.o(.ARM.Collect$$rtentry$$00000004)
    .ARM.Collect$$rtentry$$00000009          0x0800020e   Section        0  __rtentry2.o(.ARM.Collect$$rtentry$$00000009)
    .ARM.Collect$$rtentry$$0000000A          0x0800020e   Section        4  __rtentry2.o(.ARM.Collect$$rtentry$$0000000A)
    .ARM.Collect$$rtentry$$0000000C          0x08000212   Section        0  __rtentry2.o(.ARM.Collect$$rtentry$$0000000C)
    .ARM.Collect$$rtentry$$0000000D          0x08000212   Section        8  __rtentry2.o(.ARM.Collect$$rtentry$$0000000D)
    .ARM.Collect$$rtexit$$00000000           0x0800021a   Section        2  rtexit.o(.ARM.Collect$$rtexit$$00000000)
    .ARM.Collect$$rtexit$$00000002           0x0800021c   Section        0  rtexit2.o(.ARM.Collect$$rtexit$$00000002)
    .ARM.Collect$$rtexit$$00000003           0x0800021c   Section        4  rtexit2.o(.ARM.Collect$$rtexit$$00000003)
    .ARM.Collect$$rtexit$$00000004           0x08000220   Section        6  rtexit2.o(.ARM.Collect$$rtexit$$00000004)
    .text                                    0x08000228   Section        0  main.o(.text)
    .text                                    0x08000288   Section        0  stm32f4xx_it.o(.text)
    .text                                    0x080002a0   Section       64  startup_stm32f40_41xxx.o(.text)
    $v0                                      0x080002a0   Number         0  startup_stm32f40_41xxx.o(.text)
    .text                                    0x080002e0   Section        0  system_stm32f4xx.o(.text)
    SetSysClock                              0x080002e1   Thumb Code   220  system_stm32f4xx.o(.text)
    .text                                    0x080004f0   Section        0  led.o(.text)
    .text                                    0x08000548   Section        0  task.o(.text)
    .text                                    0x080005d0   Section        0  key.o(.text)
    .text                                    0x080006c8   Section        0  exti.o(.text)
    .text                                    0x08000758   Section        0  timer.o(.text)
    .text                                    0x080007e0   Section        0  misc.o(.text)
    .text                                    0x080008c0   Section        0  stm32f4xx_gpio.o(.text)
    .text                                    0x08000b54   Section        0  stm32f4xx_rcc.o(.text)
    .text                                    0x080011b0   Section        0  stm32f4xx_exti.o(.text)
    .text                                    0x080012c0   Section        0  stm32f4xx_syscfg.o(.text)
    .text                                    0x08001354   Section        0  stm32f4xx_tim.o(.text)
    TI4_Config                               0x08001af3   Thumb Code    80  stm32f4xx_tim.o(.text)
    TI3_Config                               0x08001b55   Thumb Code    72  stm32f4xx_tim.o(.text)
    TI2_Config                               0x08001bb7   Thumb Code    90  stm32f4xx_tim.o(.text)
    TI1_Config                               0x08001c23   Thumb Code    58  stm32f4xx_tim.o(.text)
    .text                                    0x08001ff8   Section        0  common.o(.text)
    .text                                    0x080022bc   Section        0  os_core.o(.text)
    OS_InitTaskStat                          0x08002367   Thumb Code    52  os_core.o(.text)
    OS_InitTaskIdle                          0x080023bd   Thumb Code    52  os_core.o(.text)
    OS_InitEventList                         0x08002403   Thumb Code    74  os_core.o(.text)
    OS_InitTCBList                           0x0800244d   Thumb Code   106  os_core.o(.text)
    OS_InitRdyList                           0x080024b7   Thumb Code    44  os_core.o(.text)
    OS_InitMisc                              0x080024e3   Thumb Code    44  os_core.o(.text)
    OS_SchedNew                              0x08002557   Thumb Code    26  os_core.o(.text)
    .text                                    0x08002b4c   Section        0  os_flag.o(.text)
    OS_FlagTaskRdy                           0x08002cc3   Thumb Code    82  os_flag.o(.text)
    OS_FlagBlock                             0x08002e7d   Thumb Code   152  os_flag.o(.text)
    .text                                    0x08003358   Section        0  os_q.o(.text)
    .text                                    0x08003940   Section        0  os_task.o(.text)
    .text                                    0x08004104   Section        0  os_time.o(.text)
    .text                                    0x080042b4   Section        0  os_cpu_c.o(.text)
    .text                                    0x08004478   Section      200  os_cpu_a.o(.text)
    $v0                                      0x08004478   Number         0  os_cpu_a.o(.text)
    .text                                    0x08004540   Section        0  heapauxi.o(.text)
    .text                                    0x08004546   Section       74  sys_stackheap_outer.o(.text)
    .text                                    0x08004590   Section        0  exit.o(.text)
    .text                                    0x0800459c   Section        8  libspace.o(.text)
    .text                                    0x080045a4   Section        0  sys_exit.o(.text)
    .text                                    0x080045b0   Section        2  use_no_semi.o(.text)
    .text                                    0x080045b2   Section        0  indicate_semi.o(.text)
    x$fpl$fpinit                             0x080045b2   Section       10  fpinit.o(x$fpl$fpinit)
    $v0                                      0x080045b2   Number         0  fpinit.o(x$fpl$fpinit)
    .constdata                               0x080045bc   Section      256  os_core.o(.constdata)
    .data                                    0x20000000   Section       20  system_stm32f4xx.o(.data)
    .data                                    0x20000014   Section        1  key.o(.data)
    key_up                                   0x20000014   Data           1  key.o(.data)
    .data                                    0x20000018   Section        4  exti.o(.data)
    i                                        0x20000018   Data           4  exti.o(.data)
    .data                                    0x2000001c   Section        4  timer.o(.data)
    .data                                    0x20000020   Section       16  stm32f4xx_rcc.o(.data)
    APBAHBPrescTable                         0x20000020   Data          16  stm32f4xx_rcc.o(.data)
    .data                                    0x20000030   Section        1  common.o(.data)
    fac_us                                   0x20000030   Data           1  common.o(.data)
    .data                                    0x20000034   Section       72  os_core.o(.data)
    .bss                                     0x2000007c   Section      768  task.o(.bss)
    .bss                                     0x2000037c   Section     2688  os_core.o(.bss)
    .bss                                     0x20000dfc   Section       96  libspace.o(.bss)
    HEAP                                     0x20000e60   Section      512  startup_stm32f40_41xxx.o(HEAP)
    Heap_Mem                                 0x20000e60   Data         512  startup_stm32f40_41xxx.o(HEAP)
    STACK                                    0x20001060   Section     1024  startup_stm32f40_41xxx.o(STACK)
    Stack_Mem                                0x20001060   Data        1024  startup_stm32f40_41xxx.o(STACK)
    __initial_sp                             0x20001460   Data           0  startup_stm32f40_41xxx.o(STACK)

    Global Symbols

    Symbol Name                              Value     Ov Type        Size  Object(Section)

    BuildAttributes$$THM_ISAv4$E$P$D$K$B$S$7EM$VFPi3$EXTD16$VFPS$VFMA$PE$A:L22UL41UL21$X:L11$S22US41US21$IEEE1$IW$USESV6$~STKCKD$USESV7$~SHL$OSPACE$ROPI$EBA8$UX$STANDARDLIB$REQ8$PRES8$EABIv2 0x00000000   Number         0  anon$$obj.o ABSOLUTE
    __ARM_use_no_argv                        0x00000000   Number         0  main.o ABSOLUTE
    __ARM_exceptions_init                     - Undefined Weak Reference
    __alloca_initialize                       - Undefined Weak Reference
    __arm_preinit_                            - Undefined Weak Reference
    __cpp_initialize__aeabi_                  - Undefined Weak Reference
    __cxa_finalize                            - Undefined Weak Reference
    __rt_locale                               - Undefined Weak Reference
    __sigvec_lookup                           - Undefined Weak Reference
    _atexit_init                              - Undefined Weak Reference
    _call_atexit_fns                          - Undefined Weak Reference
    _clock_init                               - Undefined Weak Reference
    _fp_trap_init                             - Undefined Weak Reference
    _fp_trap_shutdown                         - Undefined Weak Reference
    _get_lc_collate                           - Undefined Weak Reference
    _get_lc_ctype                             - Undefined Weak Reference
    _get_lc_monetary                          - Undefined Weak Reference
    _get_lc_numeric                           - Undefined Weak Reference
    _get_lc_time                              - Undefined Weak Reference
    _getenv_init                              - Undefined Weak Reference
    _handle_redirection                       - Undefined Weak Reference
    _init_alloc                               - Undefined Weak Reference
    _init_user_alloc                          - Undefined Weak Reference
    _initio                                   - Undefined Weak Reference
    _rand_init                                - Undefined Weak Reference
    _signal_finish                            - Undefined Weak Reference
    _signal_init                              - Undefined Weak Reference
    _terminate_alloc                          - Undefined Weak Reference
    _terminate_user_alloc                     - Undefined Weak Reference
    _terminateio                              - Undefined Weak Reference
    __Vectors_Size                           0x00000188   Number         0  startup_stm32f40_41xxx.o ABSOLUTE
    __Vectors                                0x08000000   Data           4  startup_stm32f40_41xxx.o(RESET)
    __Vectors_End                            0x08000188   Data           0  startup_stm32f40_41xxx.o(RESET)
    __main                                   0x08000189   Thumb Code     8  __main.o(!!!main)
    __scatterload                            0x08000191   Thumb Code     0  __scatter.o(!!!scatter)
    __scatterload_rt2                        0x08000191   Thumb Code    44  __scatter.o(!!!scatter)
    __scatterload_rt2_thumb_only             0x08000191   Thumb Code     0  __scatter.o(!!!scatter)
    __scatterload_null                       0x0800019f   Thumb Code     0  __scatter.o(!!!scatter)
    __scatterload_copy                       0x080001c5   Thumb Code    26  __scatter_copy.o(!!handler_copy)
    __scatterload_zeroinit                   0x080001e1   Thumb Code    28  __scatter_zi.o(!!handler_zi)
    __rt_lib_init                            0x080001fd   Thumb Code     0  libinit.o(.ARM.Collect$$libinit$$00000000)
    __rt_lib_init_fp_1                       0x080001ff   Thumb Code     0  libinit2.o(.ARM.Collect$$libinit$$00000001)
    __rt_lib_init_alloca_1                   0x08000203   Thumb Code     0  libinit2.o(.ARM.Collect$$libinit$$0000002E)
    __rt_lib_init_argv_1                     0x08000203   Thumb Code     0  libinit2.o(.ARM.Collect$$libinit$$0000002C)
    __rt_lib_init_atexit_1                   0x08000203   Thumb Code     0  libinit2.o(.ARM.Collect$$libinit$$0000001B)
    __rt_lib_init_clock_1                    0x08000203   Thumb Code     0  libinit2.o(.ARM.Collect$$libinit$$00000021)
    __rt_lib_init_cpp_1                      0x08000203   Thumb Code     0  libinit2.o(.ARM.Collect$$libinit$$00000032)
    __rt_lib_init_exceptions_1               0x08000203   Thumb Code     0  libinit2.o(.ARM.Collect$$libinit$$00000030)
    __rt_lib_init_fp_trap_1                  0x08000203   Thumb Code     0  libinit2.o(.ARM.Collect$$libinit$$0000001F)
    __rt_lib_init_getenv_1                   0x08000203   Thumb Code     0  libinit2.o(.ARM.Collect$$libinit$$00000023)
    __rt_lib_init_heap_1                     0x08000203   Thumb Code     0  libinit2.o(.ARM.Collect$$libinit$$0000000A)
    __rt_lib_init_lc_collate_1               0x08000203   Thumb Code     0  libinit2.o(.ARM.Collect$$libinit$$00000011)
    __rt_lib_init_lc_ctype_1                 0x08000203   Thumb Code     0  libinit2.o(.ARM.Collect$$libinit$$00000013)
    __rt_lib_init_lc_monetary_1              0x08000203   Thumb Code     0  libinit2.o(.ARM.Collect$$libinit$$00000015)
    __rt_lib_init_lc_numeric_1               0x08000203   Thumb Code     0  libinit2.o(.ARM.Collect$$libinit$$00000017)
    __rt_lib_init_lc_time_1                  0x08000203   Thumb Code     0  libinit2.o(.ARM.Collect$$libinit$$00000019)
    __rt_lib_init_preinit_1                  0x08000203   Thumb Code     0  libinit2.o(.ARM.Collect$$libinit$$00000004)
    __rt_lib_init_rand_1                     0x08000203   Thumb Code     0  libinit2.o(.ARM.Collect$$libinit$$0000000E)
    __rt_lib_init_return                     0x08000203   Thumb Code     0  libinit2.o(.ARM.Collect$$libinit$$00000033)
    __rt_lib_init_signal_1                   0x08000203   Thumb Code     0  libinit2.o(.ARM.Collect$$libinit$$0000001D)
    __rt_lib_init_stdio_1                    0x08000203   Thumb Code     0  libinit2.o(.ARM.Collect$$libinit$$00000025)
    __rt_lib_init_user_alloc_1               0x08000203   Thumb Code     0  libinit2.o(.ARM.Collect$$libinit$$0000000C)
    __rt_lib_shutdown                        0x08000205   Thumb Code     0  libshutdown.o(.ARM.Collect$$libshutdown$$00000000)
    __rt_lib_shutdown_fp_trap_1              0x08000207   Thumb Code     0  libshutdown2.o(.ARM.Collect$$libshutdown$$00000006)
    __rt_lib_shutdown_heap_1                 0x08000207   Thumb Code     0  libshutdown2.o(.ARM.Collect$$libshutdown$$0000000E)
    __rt_lib_shutdown_return                 0x08000207   Thumb Code     0  libshutdown2.o(.ARM.Collect$$libshutdown$$0000000F)
    __rt_lib_shutdown_signal_1               0x08000207   Thumb Code     0  libshutdown2.o(.ARM.Collect$$libshutdown$$00000009)
    __rt_lib_shutdown_stdio_1                0x08000207   Thumb Code     0  libshutdown2.o(.ARM.Collect$$libshutdown$$00000003)
    __rt_lib_shutdown_user_alloc_1           0x08000207   Thumb Code     0  libshutdown2.o(.ARM.Collect$$libshutdown$$0000000B)
    __rt_entry                               0x08000209   Thumb Code     0  __rtentry.o(.ARM.Collect$$rtentry$$00000000)
    __rt_entry_presh_1                       0x08000209   Thumb Code     0  __rtentry2.o(.ARM.Collect$$rtentry$$00000002)
    __rt_entry_sh                            0x08000209   Thumb Code     0  __rtentry4.o(.ARM.Collect$$rtentry$$00000004)
    __rt_entry_li                            0x0800020f   Thumb Code     0  __rtentry2.o(.ARM.Collect$$rtentry$$0000000A)
    __rt_entry_postsh_1                      0x0800020f   Thumb Code     0  __rtentry2.o(.ARM.Collect$$rtentry$$00000009)
    __rt_entry_main                          0x08000213   Thumb Code     0  __rtentry2.o(.ARM.Collect$$rtentry$$0000000D)
    __rt_entry_postli_1                      0x08000213   Thumb Code     0  __rtentry2.o(.ARM.Collect$$rtentry$$0000000C)
    __rt_exit                                0x0800021b   Thumb Code     0  rtexit.o(.ARM.Collect$$rtexit$$00000000)
    __rt_exit_ls                             0x0800021d   Thumb Code     0  rtexit2.o(.ARM.Collect$$rtexit$$00000003)
    __rt_exit_prels_1                        0x0800021d   Thumb Code     0  rtexit2.o(.ARM.Collect$$rtexit$$00000002)
    __rt_exit_exit                           0x08000221   Thumb Code     0  rtexit2.o(.ARM.Collect$$rtexit$$00000004)
    main                                     0x08000229   Thumb Code    72  main.o(.text)
    NMI_Handler                              0x08000289   Thumb Code     2  stm32f4xx_it.o(.text)
    HardFault_Handler                        0x0800028b   Thumb Code     4  stm32f4xx_it.o(.text)
    MemManage_Handler                        0x0800028f   Thumb Code     4  stm32f4xx_it.o(.text)
    BusFault_Handler                         0x08000293   Thumb Code     4  stm32f4xx_it.o(.text)
    UsageFault_Handler                       0x08000297   Thumb Code     4  stm32f4xx_it.o(.text)
    SVC_Handler                              0x0800029b   Thumb Code     2  stm32f4xx_it.o(.text)
    DebugMon_Handler                         0x0800029d   Thumb Code     2  stm32f4xx_it.o(.text)
    Reset_Handler                            0x080002a1   Thumb Code     8  startup_stm32f40_41xxx.o(.text)
    ADC_IRQHandler                           0x080002bb   Thumb Code     0  startup_stm32f40_41xxx.o(.text)
    CAN1_RX0_IRQHandler                      0x080002bb   Thumb Code     0  startup_stm32f40_41xxx.o(.text)
    CAN1_RX1_IRQHandler                      0x080002bb   Thumb Code     0  startup_stm32f40_41xxx.o(.text)
    CAN1_SCE_IRQHandler                      0x080002bb   Thumb Code     0  startup_stm32f40_41xxx.o(.text)
    CAN1_TX_IRQHandler                       0x080002bb   Thumb Code     0  startup_stm32f40_41xxx.o(.text)
    CAN2_RX0_IRQHandler                      0x080002bb   Thumb Code     0  startup_stm32f40_41xxx.o(.text)
    CAN2_RX1_IRQHandler                      0x080002bb   Thumb Code     0  startup_stm32f40_41xxx.o(.text)
    CAN2_SCE_IRQHandler                      0x080002bb   Thumb Code     0  startup_stm32f40_41xxx.o(.text)
    CAN2_TX_IRQHandler                       0x080002bb   Thumb Code     0  startup_stm32f40_41xxx.o(.text)
    CRYP_IRQHandler                          0x080002bb   Thumb Code     0  startup_stm32f40_41xxx.o(.text)
    DCMI_IRQHandler                          0x080002bb   Thumb Code     0  startup_stm32f40_41xxx.o(.text)
    DMA1_Stream0_IRQHandler                  0x080002bb   Thumb Code     0  startup_stm32f40_41xxx.o(.text)
    DMA1_Stream1_IRQHandler                  0x080002bb   Thumb Code     0  startup_stm32f40_41xxx.o(.text)
    DMA1_Stream2_IRQHandler                  0x080002bb   Thumb Code     0  startup_stm32f40_41xxx.o(.text)
    DMA1_Stream3_IRQHandler                  0x080002bb   Thumb Code     0  startup_stm32f40_41xxx.o(.text)
    DMA1_Stream4_IRQHandler                  0x080002bb   Thumb Code     0  startup_stm32f40_41xxx.o(.text)
    DMA1_Stream5_IRQHandler                  0x080002bb   Thumb Code     0  startup_stm32f40_41xxx.o(.text)
    DMA1_Stream6_IRQHandler                  0x080002bb   Thumb Code     0  startup_stm32f40_41xxx.o(.text)
    DMA1_Stream7_IRQHandler                  0x080002bb   Thumb Code     0  startup_stm32f40_41xxx.o(.text)
    DMA2_Stream0_IRQHandler                  0x080002bb   Thumb Code     0  startup_stm32f40_41xxx.o(.text)
    DMA2_Stream1_IRQHandler                  0x080002bb   Thumb Code     0  startup_stm32f40_41xxx.o(.text)
    DMA2_Stream2_IRQHandler                  0x080002bb   Thumb Code     0  startup_stm32f40_41xxx.o(.text)
    DMA2_Stream3_IRQHandler                  0x080002bb   Thumb Code     0  startup_stm32f40_41xxx.o(.text)
    DMA2_Stream4_IRQHandler                  0x080002bb   Thumb Code     0  startup_stm32f40_41xxx.o(.text)
    DMA2_Stream5_IRQHandler                  0x080002bb   Thumb Code     0  startup_stm32f40_41xxx.o(.text)
    DMA2_Stream6_IRQHandler                  0x080002bb   Thumb Code     0  startup_stm32f40_41xxx.o(.text)
    DMA2_Stream7_IRQHandler                  0x080002bb   Thumb Code     0  startup_stm32f40_41xxx.o(.text)
    ETH_IRQHandler                           0x080002bb   Thumb Code     0  startup_stm32f40_41xxx.o(.text)
    ETH_WKUP_IRQHandler                      0x080002bb   Thumb Code     0  startup_stm32f40_41xxx.o(.text)
    EXTI15_10_IRQHandler                     0x080002bb   Thumb Code     0  startup_stm32f40_41xxx.o(.text)
    EXTI1_IRQHandler                         0x080002bb   Thumb Code     0  startup_stm32f40_41xxx.o(.text)
    FLASH_IRQHandler                         0x080002bb   Thumb Code     0  startup_stm32f40_41xxx.o(.text)
    FPU_IRQHandler                           0x080002bb   Thumb Code     0  startup_stm32f40_41xxx.o(.text)
    FSMC_IRQHandler                          0x080002bb   Thumb Code     0  startup_stm32f40_41xxx.o(.text)
    HASH_RNG_IRQHandler                      0x080002bb   Thumb Code     0  startup_stm32f40_41xxx.o(.text)
    I2C1_ER_IRQHandler                       0x080002bb   Thumb Code     0  startup_stm32f40_41xxx.o(.text)
    I2C1_EV_IRQHandler                       0x080002bb   Thumb Code     0  startup_stm32f40_41xxx.o(.text)
    I2C2_ER_IRQHandler                       0x080002bb   Thumb Code     0  startup_stm32f40_41xxx.o(.text)
    I2C2_EV_IRQHandler                       0x080002bb   Thumb Code     0  startup_stm32f40_41xxx.o(.text)
    I2C3_ER_IRQHandler                       0x080002bb   Thumb Code     0  startup_stm32f40_41xxx.o(.text)
    I2C3_EV_IRQHandler                       0x080002bb   Thumb Code     0  startup_stm32f40_41xxx.o(.text)
    OTG_FS_IRQHandler                        0x080002bb   Thumb Code     0  startup_stm32f40_41xxx.o(.text)
    OTG_FS_WKUP_IRQHandler                   0x080002bb   Thumb Code     0  startup_stm32f40_41xxx.o(.text)
    OTG_HS_EP1_IN_IRQHandler                 0x080002bb   Thumb Code     0  startup_stm32f40_41xxx.o(.text)
    OTG_HS_EP1_OUT_IRQHandler                0x080002bb   Thumb Code     0  startup_stm32f40_41xxx.o(.text)
    OTG_HS_IRQHandler                        0x080002bb   Thumb Code     0  startup_stm32f40_41xxx.o(.text)
    OTG_HS_WKUP_IRQHandler                   0x080002bb   Thumb Code     0  startup_stm32f40_41xxx.o(.text)
    PVD_IRQHandler                           0x080002bb   Thumb Code     0  startup_stm32f40_41xxx.o(.text)
    RCC_IRQHandler                           0x080002bb   Thumb Code     0  startup_stm32f40_41xxx.o(.text)
    RTC_Alarm_IRQHandler                     0x080002bb   Thumb Code     0  startup_stm32f40_41xxx.o(.text)
    RTC_WKUP_IRQHandler                      0x080002bb   Thumb Code     0  startup_stm32f40_41xxx.o(.text)
    SDIO_IRQHandler                          0x080002bb   Thumb Code     0  startup_stm32f40_41xxx.o(.text)
    SPI1_IRQHandler                          0x080002bb   Thumb Code     0  startup_stm32f40_41xxx.o(.text)
    SPI2_IRQHandler                          0x080002bb   Thumb Code     0  startup_stm32f40_41xxx.o(.text)
    SPI3_IRQHandler                          0x080002bb   Thumb Code     0  startup_stm32f40_41xxx.o(.text)
    TAMP_STAMP_IRQHandler                    0x080002bb   Thumb Code     0  startup_stm32f40_41xxx.o(.text)
    TIM1_BRK_TIM9_IRQHandler                 0x080002bb   Thumb Code     0  startup_stm32f40_41xxx.o(.text)
    TIM1_CC_IRQHandler                       0x080002bb   Thumb Code     0  startup_stm32f40_41xxx.o(.text)
    TIM1_TRG_COM_TIM11_IRQHandler            0x080002bb   Thumb Code     0  startup_stm32f40_41xxx.o(.text)
    TIM1_UP_TIM10_IRQHandler                 0x080002bb   Thumb Code     0  startup_stm32f40_41xxx.o(.text)
    TIM3_IRQHandler                          0x080002bb   Thumb Code     0  startup_stm32f40_41xxx.o(.text)
    TIM4_IRQHandler                          0x080002bb   Thumb Code     0  startup_stm32f40_41xxx.o(.text)
    TIM5_IRQHandler                          0x080002bb   Thumb Code     0  startup_stm32f40_41xxx.o(.text)
    TIM6_DAC_IRQHandler                      0x080002bb   Thumb Code     0  startup_stm32f40_41xxx.o(.text)
    TIM7_IRQHandler                          0x080002bb   Thumb Code     0  startup_stm32f40_41xxx.o(.text)
    TIM8_BRK_TIM12_IRQHandler                0x080002bb   Thumb Code     0  startup_stm32f40_41xxx.o(.text)
    TIM8_CC_IRQHandler                       0x080002bb   Thumb Code     0  startup_stm32f40_41xxx.o(.text)
    TIM8_TRG_COM_TIM14_IRQHandler            0x080002bb   Thumb Code     0  startup_stm32f40_41xxx.o(.text)
    TIM8_UP_TIM13_IRQHandler                 0x080002bb   Thumb Code     0  startup_stm32f40_41xxx.o(.text)
    UART4_IRQHandler                         0x080002bb   Thumb Code     0  startup_stm32f40_41xxx.o(.text)
    UART5_IRQHandler                         0x080002bb   Thumb Code     0  startup_stm32f40_41xxx.o(.text)
    USART1_IRQHandler                        0x080002bb   Thumb Code     0  startup_stm32f40_41xxx.o(.text)
    USART2_IRQHandler                        0x080002bb   Thumb Code     0  startup_stm32f40_41xxx.o(.text)
    USART3_IRQHandler                        0x080002bb   Thumb Code     0  startup_stm32f40_41xxx.o(.text)
    USART6_IRQHandler                        0x080002bb   Thumb Code     0  startup_stm32f40_41xxx.o(.text)
    WWDG_IRQHandler                          0x080002bb   Thumb Code     0  startup_stm32f40_41xxx.o(.text)
    __user_initial_stackheap                 0x080002bd   Thumb Code     0  startup_stm32f40_41xxx.o(.text)
    SystemInit                               0x080003bd   Thumb Code    88  system_stm32f4xx.o(.text)
    SystemCoreClockUpdate                    0x08000415   Thumb Code   174  system_stm32f4xx.o(.text)
    LED_Init                                 0x080004f1   Thumb Code    80  led.o(.text)
    LED0_Task                                0x08000549   Thumb Code    32  task.o(.text)
    LED1_Task                                0x08000569   Thumb Code    32  task.o(.text)
    SPEED_CAL_Task                           0x08000589   Thumb Code    62  task.o(.text)
    KEY_Init                                 0x080005d1   Thumb Code    42  key.o(.text)
    KEY_Scan                                 0x080005fb   Thumb Code   188  key.o(.text)
    EXTI0_IRQHandler                         0x080006c9   Thumb Code     2  exti.o(.text)
    EXTI2_IRQHandler                         0x080006cb   Thumb Code     2  exti.o(.text)
    EXTI3_IRQHandler                         0x080006cd   Thumb Code     2  exti.o(.text)
    EXTI4_IRQHandler                         0x080006cf   Thumb Code     2  exti.o(.text)
    EXTI9_5_IRQHandler                       0x080006d1   Thumb Code    42  exti.o(.text)
    EXTIX_Init                               0x080006fb   Thumb Code    82  exti.o(.text)
    TIM2_Init                                0x08000759   Thumb Code    90  timer.o(.text)
    TIM2_IRQHandler                          0x080007b3   Thumb Code    40  timer.o(.text)
    NVIC_PriorityGroupConfig                 0x080007e1   Thumb Code    10  misc.o(.text)
    NVIC_Init                                0x080007eb   Thumb Code   106  misc.o(.text)
    NVIC_SetVectorTable                      0x08000855   Thumb Code    14  misc.o(.text)
    NVIC_SystemLPConfig                      0x08000863   Thumb Code    34  misc.o(.text)
    SysTick_CLKSourceConfig                  0x08000885   Thumb Code    40  misc.o(.text)
    GPIO_DeInit                              0x080008c1   Thumb Code   268  stm32f4xx_gpio.o(.text)
    GPIO_Init                                0x080009cd   Thumb Code   144  stm32f4xx_gpio.o(.text)
    GPIO_StructInit                          0x08000a5d   Thumb Code    18  stm32f4xx_gpio.o(.text)
    GPIO_PinLockConfig                       0x08000a6f   Thumb Code    34  stm32f4xx_gpio.o(.text)
    GPIO_ReadInputDataBit                    0x08000a91   Thumb Code    18  stm32f4xx_gpio.o(.text)
    GPIO_ReadInputData                       0x08000aa3   Thumb Code     8  stm32f4xx_gpio.o(.text)
    GPIO_ReadOutputDataBit                   0x08000aab   Thumb Code    18  stm32f4xx_gpio.o(.text)
    GPIO_ReadOutputData                      0x08000abd   Thumb Code     8  stm32f4xx_gpio.o(.text)
    GPIO_SetBits                             0x08000ac5   Thumb Code     4  stm32f4xx_gpio.o(.text)
    GPIO_ResetBits                           0x08000ac9   Thumb Code     4  stm32f4xx_gpio.o(.text)
    GPIO_WriteBit                            0x08000acd   Thumb Code    10  stm32f4xx_gpio.o(.text)
    GPIO_Write                               0x08000ad7   Thumb Code     4  stm32f4xx_gpio.o(.text)
    GPIO_ToggleBits                          0x08000adb   Thumb Code     8  stm32f4xx_gpio.o(.text)
    GPIO_PinAFConfig                         0x08000ae3   Thumb Code    70  stm32f4xx_gpio.o(.text)
    RCC_DeInit                               0x08000b55   Thumb Code    82  stm32f4xx_rcc.o(.text)
    RCC_HSEConfig                            0x08000ba7   Thumb Code    14  stm32f4xx_rcc.o(.text)
    RCC_GetFlagStatus                        0x08000bb5   Thumb Code    60  stm32f4xx_rcc.o(.text)
    RCC_WaitForHSEStartUp                    0x08000bf1   Thumb Code    56  stm32f4xx_rcc.o(.text)
    RCC_AdjustHSICalibrationValue            0x08000c29   Thumb Code    20  stm32f4xx_rcc.o(.text)
    RCC_HSICmd                               0x08000c3d   Thumb Code     6  stm32f4xx_rcc.o(.text)
    RCC_LSEConfig                            0x08000c43   Thumb Code    46  stm32f4xx_rcc.o(.text)
    RCC_LSICmd                               0x08000c71   Thumb Code     6  stm32f4xx_rcc.o(.text)
    RCC_PLLConfig                            0x08000c77   Thumb Code    32  stm32f4xx_rcc.o(.text)
    RCC_PLLCmd                               0x08000c97   Thumb Code     6  stm32f4xx_rcc.o(.text)
    RCC_PLLI2SConfig                         0x08000c9d   Thumb Code    14  stm32f4xx_rcc.o(.text)
    RCC_PLLI2SCmd                            0x08000cab   Thumb Code     6  stm32f4xx_rcc.o(.text)
    RCC_PLLSAIConfig                         0x08000cb1   Thumb Code    20  stm32f4xx_rcc.o(.text)
    RCC_PLLSAICmd                            0x08000cc5   Thumb Code     6  stm32f4xx_rcc.o(.text)
    RCC_ClockSecuritySystemCmd               0x08000ccb   Thumb Code     6  stm32f4xx_rcc.o(.text)
    RCC_MCO1Config                           0x08000cd1   Thumb Code    28  stm32f4xx_rcc.o(.text)
    RCC_MCO2Config                           0x08000ced   Thumb Code    28  stm32f4xx_rcc.o(.text)
    RCC_SYSCLKConfig                         0x08000d09   Thumb Code    20  stm32f4xx_rcc.o(.text)
    RCC_GetSYSCLKSource                      0x08000d1d   Thumb Code    12  stm32f4xx_rcc.o(.text)
    RCC_HCLKConfig                           0x08000d29   Thumb Code    20  stm32f4xx_rcc.o(.text)
    RCC_PCLK1Config                          0x08000d3d   Thumb Code    20  stm32f4xx_rcc.o(.text)
    RCC_PCLK2Config                          0x08000d51   Thumb Code    22  stm32f4xx_rcc.o(.text)
    RCC_GetClocksFreq                        0x08000d67   Thumb Code   222  stm32f4xx_rcc.o(.text)
    RCC_RTCCLKConfig                         0x08000e45   Thumb Code    54  stm32f4xx_rcc.o(.text)
    RCC_RTCCLKCmd                            0x08000e7b   Thumb Code     8  stm32f4xx_rcc.o(.text)
    RCC_BackupResetCmd                       0x08000e83   Thumb Code     8  stm32f4xx_rcc.o(.text)
    RCC_I2SCLKConfig                         0x08000e8b   Thumb Code     6  stm32f4xx_rcc.o(.text)
    RCC_SAIPLLI2SClkDivConfig                0x08000e91   Thumb Code    26  stm32f4xx_rcc.o(.text)
    RCC_SAIPLLSAIClkDivConfig                0x08000eab   Thumb Code    28  stm32f4xx_rcc.o(.text)
    RCC_SAIBlockACLKConfig                   0x08000ec7   Thumb Code    20  stm32f4xx_rcc.o(.text)
    RCC_SAIBlockBCLKConfig                   0x08000edb   Thumb Code    20  stm32f4xx_rcc.o(.text)
    RCC_LTDCCLKDivConfig                     0x08000eef   Thumb Code    20  stm32f4xx_rcc.o(.text)
    RCC_TIMCLKPresConfig                     0x08000f03   Thumb Code     6  stm32f4xx_rcc.o(.text)
    RCC_AHB1PeriphClockCmd                   0x08000f09   Thumb Code    34  stm32f4xx_rcc.o(.text)
    RCC_AHB2PeriphClockCmd                   0x08000f2b   Thumb Code    78  stm32f4xx_rcc.o(.text)
    RCC_AHB3PeriphClockCmd                   0x08000f79   Thumb Code    34  stm32f4xx_rcc.o(.text)
    RCC_APB1PeriphClockCmd                   0x08000f9b   Thumb Code    34  stm32f4xx_rcc.o(.text)
    RCC_APB2PeriphClockCmd                   0x08000fbd   Thumb Code    34  stm32f4xx_rcc.o(.text)
    RCC_AHB1PeriphResetCmd                   0x08000fdf   Thumb Code    34  stm32f4xx_rcc.o(.text)
    RCC_AHB2PeriphResetCmd                   0x08001001   Thumb Code    34  stm32f4xx_rcc.o(.text)
    RCC_AHB3PeriphResetCmd                   0x08001023   Thumb Code    34  stm32f4xx_rcc.o(.text)
    RCC_APB1PeriphResetCmd                   0x08001045   Thumb Code    34  stm32f4xx_rcc.o(.text)
    RCC_APB2PeriphResetCmd                   0x08001067   Thumb Code    34  stm32f4xx_rcc.o(.text)
    RCC_AHB1PeriphClockLPModeCmd             0x08001089   Thumb Code    34  stm32f4xx_rcc.o(.text)
    RCC_AHB2PeriphClockLPModeCmd             0x080010ab   Thumb Code    34  stm32f4xx_rcc.o(.text)
    RCC_AHB3PeriphClockLPModeCmd             0x080010cd   Thumb Code    34  stm32f4xx_rcc.o(.text)
    RCC_APB1PeriphClockLPModeCmd             0x080010ef   Thumb Code    34  stm32f4xx_rcc.o(.text)
    RCC_APB2PeriphClockLPModeCmd             0x08001111   Thumb Code    34  stm32f4xx_rcc.o(.text)
    RCC_LSEModeConfig                        0x08001133   Thumb Code    40  stm32f4xx_rcc.o(.text)
    RCC_ITConfig                             0x0800115b   Thumb Code    34  stm32f4xx_rcc.o(.text)
    RCC_ClearFlag                            0x0800117d   Thumb Code    18  stm32f4xx_rcc.o(.text)
    RCC_GetITStatus                          0x0800118f   Thumb Code    22  stm32f4xx_rcc.o(.text)
    RCC_ClearITPendingBit                    0x080011a5   Thumb Code     8  stm32f4xx_rcc.o(.text)
    EXTI_DeInit                              0x080011b1   Thumb Code    28  stm32f4xx_exti.o(.text)
    EXTI_Init                                0x080011cd   Thumb Code   142  stm32f4xx_exti.o(.text)
    EXTI_StructInit                          0x0800125b   Thumb Code    16  stm32f4xx_exti.o(.text)
    EXTI_GenerateSWInterrupt                 0x0800126b   Thumb Code    16  stm32f4xx_exti.o(.text)
    EXTI_GetFlagStatus                       0x0800127b   Thumb Code    22  stm32f4xx_exti.o(.text)
    EXTI_ClearFlag                           0x08001291   Thumb Code     8  stm32f4xx_exti.o(.text)
    EXTI_GetITStatus                         0x08001299   Thumb Code    22  stm32f4xx_exti.o(.text)
    EXTI_ClearITPendingBit                   0x080012af   Thumb Code     8  stm32f4xx_exti.o(.text)
    SYSCFG_DeInit                            0x080012c1   Thumb Code    22  stm32f4xx_syscfg.o(.text)
    SYSCFG_MemoryRemapConfig                 0x080012d7   Thumb Code     6  stm32f4xx_syscfg.o(.text)
    SYSCFG_MemorySwappingBank                0x080012dd   Thumb Code     6  stm32f4xx_syscfg.o(.text)
    SYSCFG_EXTILineConfig                    0x080012e3   Thumb Code    66  stm32f4xx_syscfg.o(.text)
    SYSCFG_ETH_MediaInterfaceConfig          0x08001325   Thumb Code     8  stm32f4xx_syscfg.o(.text)
    SYSCFG_CompensationCellCmd               0x0800132d   Thumb Code     6  stm32f4xx_syscfg.o(.text)
    SYSCFG_GetCompensationCellStatus         0x08001333   Thumb Code    22  stm32f4xx_syscfg.o(.text)
    TIM_DeInit                               0x08001355   Thumb Code   346  stm32f4xx_tim.o(.text)
    TIM_TimeBaseInit                         0x080014af   Thumb Code   104  stm32f4xx_tim.o(.text)
    TIM_TimeBaseStructInit                   0x08001517   Thumb Code    18  stm32f4xx_tim.o(.text)
    TIM_PrescalerConfig                      0x08001529   Thumb Code     6  stm32f4xx_tim.o(.text)
    TIM_CounterModeConfig                    0x0800152f   Thumb Code    18  stm32f4xx_tim.o(.text)
    TIM_SetCounter                           0x08001541   Thumb Code     4  stm32f4xx_tim.o(.text)
    TIM_SetAutoreload                        0x08001545   Thumb Code     4  stm32f4xx_tim.o(.text)
    TIM_GetCounter                           0x08001549   Thumb Code     6  stm32f4xx_tim.o(.text)
    TIM_GetPrescaler                         0x0800154f   Thumb Code     6  stm32f4xx_tim.o(.text)
    TIM_UpdateDisableConfig                  0x08001555   Thumb Code    24  stm32f4xx_tim.o(.text)
    TIM_UpdateRequestConfig                  0x0800156d   Thumb Code    24  stm32f4xx_tim.o(.text)
    TIM_ARRPreloadConfig                     0x08001585   Thumb Code    24  stm32f4xx_tim.o(.text)
    TIM_SelectOnePulseMode                   0x0800159d   Thumb Code    18  stm32f4xx_tim.o(.text)
    TIM_SetClockDivision                     0x080015af   Thumb Code    18  stm32f4xx_tim.o(.text)
    TIM_Cmd                                  0x080015c1   Thumb Code    24  stm32f4xx_tim.o(.text)
    TIM_OC1Init                              0x080015d9   Thumb Code   114  stm32f4xx_tim.o(.text)
    TIM_OC2Init                              0x0800164b   Thumb Code   154  stm32f4xx_tim.o(.text)
    TIM_OC3Init                              0x080016e5   Thumb Code   204  stm32f4xx_tim.o(.text)
    TIM_OC4Init                              0x080017b1   Thumb Code   112  stm32f4xx_tim.o(.text)
    TIM_OCStructInit                         0x08001821   Thumb Code    20  stm32f4xx_tim.o(.text)
    TIM_SelectOCxM                           0x08001835   Thumb Code    86  stm32f4xx_tim.o(.text)
    TIM_SetCompare1                          0x0800188b   Thumb Code     4  stm32f4xx_tim.o(.text)
    TIM_SetCompare2                          0x0800188f   Thumb Code     4  stm32f4xx_tim.o(.text)
    TIM_SetCompare3                          0x08001893   Thumb Code     4  stm32f4xx_tim.o(.text)
    TIM_SetCompare4                          0x08001897   Thumb Code     4  stm32f4xx_tim.o(.text)
    TIM_ForcedOC1Config                      0x0800189b   Thumb Code    18  stm32f4xx_tim.o(.text)
    TIM_ForcedOC2Config                      0x080018ad   Thumb Code    26  stm32f4xx_tim.o(.text)
    TIM_ForcedOC3Config                      0x080018c7   Thumb Code    18  stm32f4xx_tim.o(.text)
    TIM_ForcedOC4Config                      0x080018d9   Thumb Code    26  stm32f4xx_tim.o(.text)
    TIM_OC1PreloadConfig                     0x080018f3   Thumb Code    18  stm32f4xx_tim.o(.text)
    TIM_OC2PreloadConfig                     0x08001905   Thumb Code    26  stm32f4xx_tim.o(.text)
    TIM_OC3PreloadConfig                     0x0800191f   Thumb Code    18  stm32f4xx_tim.o(.text)
    TIM_OC4PreloadConfig                     0x08001931   Thumb Code    26  stm32f4xx_tim.o(.text)
    TIM_OC1FastConfig                        0x0800194b   Thumb Code    18  stm32f4xx_tim.o(.text)
    TIM_OC2FastConfig                        0x0800195d   Thumb Code    26  stm32f4xx_tim.o(.text)
    TIM_OC3FastConfig                        0x08001977   Thumb Code    18  stm32f4xx_tim.o(.text)
    TIM_OC4FastConfig                        0x08001989   Thumb Code    26  stm32f4xx_tim.o(.text)
    TIM_ClearOC1Ref                          0x080019a3   Thumb Code    18  stm32f4xx_tim.o(.text)
    TIM_ClearOC2Ref                          0x080019b5   Thumb Code    24  stm32f4xx_tim.o(.text)
    TIM_ClearOC3Ref                          0x080019cd   Thumb Code    18  stm32f4xx_tim.o(.text)
    TIM_ClearOC4Ref                          0x080019df   Thumb Code    24  stm32f4xx_tim.o(.text)
    TIM_OC1PolarityConfig                    0x080019f7   Thumb Code    18  stm32f4xx_tim.o(.text)
    TIM_OC1NPolarityConfig                   0x08001a09   Thumb Code    18  stm32f4xx_tim.o(.text)
    TIM_OC2PolarityConfig                    0x08001a1b   Thumb Code    26  stm32f4xx_tim.o(.text)
    TIM_OC2NPolarityConfig                   0x08001a35   Thumb Code    26  stm32f4xx_tim.o(.text)
    TIM_OC3PolarityConfig                    0x08001a4f   Thumb Code    26  stm32f4xx_tim.o(.text)
    TIM_OC3NPolarityConfig                   0x08001a69   Thumb Code    26  stm32f4xx_tim.o(.text)
    TIM_OC4PolarityConfig                    0x08001a83   Thumb Code    26  stm32f4xx_tim.o(.text)
    TIM_CCxCmd                               0x08001a9d   Thumb Code    30  stm32f4xx_tim.o(.text)
    TIM_CCxNCmd                              0x08001abb   Thumb Code    30  stm32f4xx_tim.o(.text)
    TIM_SetIC4Prescaler                      0x08001ad9   Thumb Code    26  stm32f4xx_tim.o(.text)
    TIM_SetIC3Prescaler                      0x08001b43   Thumb Code    18  stm32f4xx_tim.o(.text)
    TIM_SetIC2Prescaler                      0x08001b9d   Thumb Code    26  stm32f4xx_tim.o(.text)
    TIM_SetIC1Prescaler                      0x08001c11   Thumb Code    18  stm32f4xx_tim.o(.text)
    TIM_ICInit                               0x08001c5d   Thumb Code   110  stm32f4xx_tim.o(.text)
    TIM_ICStructInit                         0x08001ccb   Thumb Code    18  stm32f4xx_tim.o(.text)
    TIM_PWMIConfig                           0x08001cdd   Thumb Code   124  stm32f4xx_tim.o(.text)
    TIM_GetCapture1                          0x08001d59   Thumb Code     6  stm32f4xx_tim.o(.text)
    TIM_GetCapture2                          0x08001d5f   Thumb Code     6  stm32f4xx_tim.o(.text)
    TIM_GetCapture3                          0x08001d65   Thumb Code     6  stm32f4xx_tim.o(.text)
    TIM_GetCapture4                          0x08001d6b   Thumb Code     6  stm32f4xx_tim.o(.text)
    TIM_BDTRConfig                           0x08001d71   Thumb Code    32  stm32f4xx_tim.o(.text)
    TIM_BDTRStructInit                       0x08001d91   Thumb Code    18  stm32f4xx_tim.o(.text)
    TIM_CtrlPWMOutputs                       0x08001da3   Thumb Code    30  stm32f4xx_tim.o(.text)
    TIM_SelectCOM                            0x08001dc1   Thumb Code    24  stm32f4xx_tim.o(.text)
    TIM_CCPreloadControl                     0x08001dd9   Thumb Code    24  stm32f4xx_tim.o(.text)
    TIM_ITConfig                             0x08001df1   Thumb Code    18  stm32f4xx_tim.o(.text)
    TIM_GenerateEvent                        0x08001e03   Thumb Code     4  stm32f4xx_tim.o(.text)
    TIM_GetFlagStatus                        0x08001e07   Thumb Code    18  stm32f4xx_tim.o(.text)
    TIM_ClearFlag                            0x08001e19   Thumb Code     6  stm32f4xx_tim.o(.text)
    TIM_GetITStatus                          0x08001e1f   Thumb Code    34  stm32f4xx_tim.o(.text)
    TIM_ClearITPendingBit                    0x08001e41   Thumb Code     6  stm32f4xx_tim.o(.text)
    TIM_DMAConfig                            0x08001e47   Thumb Code    10  stm32f4xx_tim.o(.text)
    TIM_DMACmd                               0x08001e51   Thumb Code    18  stm32f4xx_tim.o(.text)
    TIM_SelectCCDMA                          0x08001e63   Thumb Code    24  stm32f4xx_tim.o(.text)
    TIM_InternalClockConfig                  0x08001e7b   Thumb Code    12  stm32f4xx_tim.o(.text)
    TIM_SelectInputTrigger                   0x08001e87   Thumb Code    18  stm32f4xx_tim.o(.text)
    TIM_ITRxExternalClockConfig              0x08001e99   Thumb Code    24  stm32f4xx_tim.o(.text)
    TIM_TIxExternalClockConfig               0x08001eb1   Thumb Code    62  stm32f4xx_tim.o(.text)
    TIM_ETRConfig                            0x08001eef   Thumb Code    28  stm32f4xx_tim.o(.text)
    TIM_ETRClockMode1Config                  0x08001f0b   Thumb Code    54  stm32f4xx_tim.o(.text)
    TIM_ETRClockMode2Config                  0x08001f41   Thumb Code    32  stm32f4xx_tim.o(.text)
    TIM_SelectOutputTrigger                  0x08001f61   Thumb Code    18  stm32f4xx_tim.o(.text)
    TIM_SelectSlaveMode                      0x08001f73   Thumb Code    18  stm32f4xx_tim.o(.text)
    TIM_SelectMasterSlaveMode                0x08001f85   Thumb Code    18  stm32f4xx_tim.o(.text)
    TIM_EncoderInterfaceConfig               0x08001f97   Thumb Code    66  stm32f4xx_tim.o(.text)
    TIM_SelectHallSensor                     0x08001fd9   Thumb Code    24  stm32f4xx_tim.o(.text)
    TIM_RemapConfig                          0x08001ff1   Thumb Code     6  stm32f4xx_tim.o(.text)
    GPIO_group_OUT                           0x08001ff9   Thumb Code   454  common.o(.text)
    GPIO_bits_OUT                            0x080021bf   Thumb Code    92  common.o(.text)
    delay_init                               0x0800221b   Thumb Code    56  common.o(.text)
    delay_us                                 0x08002253   Thumb Code    86  common.o(.text)
    SysTick_Handler                          0x080022a9   Thumb Code    16  common.o(.text)
    OS_TaskStatStkChk                        0x080022bd   Thumb Code    54  os_core.o(.text)
    OS_TaskStat                              0x080022f3   Thumb Code   116  os_core.o(.text)
    OS_TaskIdle                              0x0800239b   Thumb Code    34  os_core.o(.text)
    OS_MemClr                                0x080023f1   Thumb Code    18  os_core.o(.text)
    OSInit                                   0x0800250f   Thumb Code    44  os_core.o(.text)
    OSIntEnter                               0x0800253b   Thumb Code    28  os_core.o(.text)
    OSIntExit                                0x08002571   Thumb Code   112  os_core.o(.text)
    OSSchedLock                              0x080025e1   Thumb Code    50  os_core.o(.text)
    OS_Sched                                 0x08002613   Thumb Code    88  os_core.o(.text)
    OSSchedUnlock                            0x0800266b   Thumb Code   238  os_core.o(.text)
    OSStart                                  0x08002759   Thumb Code    48  os_core.o(.text)
    OSStatInit                               0x08002789   Thumb Code    62  os_core.o(.text)
    OSTimeTick                               0x080027c7   Thumb Code   210  os_core.o(.text)
    OSVersion                                0x08002899   Thumb Code     6  os_core.o(.text)
    OS_Dummy                                 0x0800289f   Thumb Code     2  os_core.o(.text)
    OS_EventTaskRemove                       0x080028a1   Thumb Code    42  os_core.o(.text)
    OS_EventTaskRdy                          0x080028cb   Thumb Code   114  os_core.o(.text)
    OS_EventTaskWait                         0x0800293d   Thumb Code   112  os_core.o(.text)
    OS_EventWaitListInit                     0x080029ad   Thumb Code    28  os_core.o(.text)
    OS_MemCopy                               0x080029c9   Thumb Code    20  os_core.o(.text)
    OS_StrLen                                0x080029dd   Thumb Code    20  os_core.o(.text)
    OS_TCBInit                               0x080029f1   Thumb Code   280  os_core.o(.text)
    OSFlagAccept                             0x08002b4d   Thumb Code   252  os_flag.o(.text)
    OSFlagCreate                             0x08002c49   Thumb Code    86  os_flag.o(.text)
    OS_FlagUnlink                            0x08002c9f   Thumb Code    36  os_flag.o(.text)
    OSFlagDel                                0x08002d15   Thumb Code   214  os_flag.o(.text)
    OSFlagNameGet                            0x08002deb   Thumb Code    80  os_flag.o(.text)
    OSFlagNameSet                            0x08002e3b   Thumb Code    66  os_flag.o(.text)
    OSFlagPend                               0x08002f15   Thumb Code   614  os_flag.o(.text)
    OSFlagPendGetFlagsRdy                    0x0800317b   Thumb Code    26  os_flag.o(.text)
    OSFlagPost                               0x08003195   Thumb Code   312  os_flag.o(.text)
    OSFlagQuery                              0x080032cd   Thumb Code    48  os_flag.o(.text)
    OS_FlagInit                              0x080032fd   Thumb Code    78  os_flag.o(.text)
    OSQAccept                                0x08003359   Thumb Code    88  os_q.o(.text)
    OSQCreate                                0x080033b1   Thumb Code   140  os_q.o(.text)
    OSQDel                                   0x0800343d   Thumb Code   236  os_q.o(.text)
    OSQFlush                                 0x08003529   Thumb Code    36  os_q.o(.text)
    OSQPend                                  0x0800354d   Thumb Code   272  os_q.o(.text)
    OSQPendAbort                             0x0800365d   Thumb Code   128  os_q.o(.text)
    OSQPost                                  0x080036dd   Thumb Code   114  os_q.o(.text)
    OSQPostFront                             0x0800374f   Thumb Code   136  os_q.o(.text)
    OSQPostOpt                               0x080037d7   Thumb Code   182  os_q.o(.text)
    OSQQuery                                 0x0800388d   Thumb Code    98  os_q.o(.text)
    OS_QInit                                 0x080038ef   Thumb Code    72  os_q.o(.text)
    OSTaskChangePrio                         0x08003941   Thumb Code   308  os_task.o(.text)
    OSTaskCreate                             0x08003a75   Thumb Code   148  os_task.o(.text)
    OS_TaskStkClr                            0x08003b09   Thumb Code    26  os_task.o(.text)
    OSTaskCreateExt                          0x08003b23   Thumb Code   170  os_task.o(.text)
    OSTaskDel                                0x08003bcd   Thumb Code   294  os_task.o(.text)
    OSTaskDelReq                             0x08003cf3   Thumb Code   144  os_task.o(.text)
    OSTaskNameGet                            0x08003d83   Thumb Code   114  os_task.o(.text)
    OSTaskNameSet                            0x08003df5   Thumb Code    98  os_task.o(.text)
    OSTaskResume                             0x08003e57   Thumb Code   154  os_task.o(.text)
    OSTaskStkChk                             0x08003ef1   Thumb Code   132  os_task.o(.text)
    OSTaskSuspend                            0x08003f75   Thumb Code   152  os_task.o(.text)
    OSTaskQuery                              0x0800400d   Thumb Code    82  os_task.o(.text)
    OSTaskRegGet                             0x0800405f   Thumb Code    60  os_task.o(.text)
    OSTaskRegSet                             0x0800409b   Thumb Code    62  os_task.o(.text)
    OS_TaskReturn                            0x080040d9   Thumb Code    18  os_task.o(.text)
    OSTimeDly                                0x08004105   Thumb Code   100  os_time.o(.text)
    OSTimeDlyHMSM                            0x08004169   Thumb Code    86  os_time.o(.text)
    OSTimeDlyResume                          0x080041bf   Thumb Code   168  os_time.o(.text)
    OSTimeGet                                0x08004267   Thumb Code    24  os_time.o(.text)
    OSTimeSet                                0x0800427f   Thumb Code    24  os_time.o(.text)
    OSInitHookBegin                          0x080042b5   Thumb Code     2  os_cpu_c.o(.text)
    OSInitHookEnd                            0x080042b7   Thumb Code     2  os_cpu_c.o(.text)
    OSTaskCreateHook                         0x080042b9   Thumb Code     2  os_cpu_c.o(.text)
    OSTaskDelHook                            0x080042bb   Thumb Code     2  os_cpu_c.o(.text)
    OSTaskIdleHook                           0x080042bd   Thumb Code     2  os_cpu_c.o(.text)
    OSTaskStatHook                           0x080042bf   Thumb Code     2  os_cpu_c.o(.text)
    OSTaskStkInit                            0x080042c1   Thumb Code   426  os_cpu_c.o(.text)
    OSTaskSwHook                             0x0800446b   Thumb Code     2  os_cpu_c.o(.text)
    OSTCBInitHook                            0x0800446d   Thumb Code     2  os_cpu_c.o(.text)
    OSTimeTickHook                           0x0800446f   Thumb Code     2  os_cpu_c.o(.text)
    OSTaskReturnHook                         0x08004471   Thumb Code     2  os_cpu_c.o(.text)
    OS_CPU_SR_Save                           0x08004479   Thumb Code     0  os_cpu_a.o(.text)
    OS_CPU_SR_Restore                        0x08004481   Thumb Code     0  os_cpu_a.o(.text)
    OSStartHighRdy                           0x08004487   Thumb Code     0  os_cpu_a.o(.text)
    OSCtxSw                                  0x080044ab   Thumb Code     0  os_cpu_a.o(.text)
    OSIntCtxSw                               0x080044b9   Thumb Code     0  os_cpu_a.o(.text)
    PendSV_Handler                           0x080044c9   Thumb Code     0  os_cpu_a.o(.text)
    __use_two_region_memory                  0x08004541   Thumb Code     2  heapauxi.o(.text)
    __rt_heap_escrow$2region                 0x08004543   Thumb Code     2  heapauxi.o(.text)
    __rt_heap_expand$2region                 0x08004545   Thumb Code     2  heapauxi.o(.text)
    __user_setup_stackheap                   0x08004547   Thumb Code    74  sys_stackheap_outer.o(.text)
    exit                                     0x08004591   Thumb Code    12  exit.o(.text)
    __user_libspace                          0x0800459d   Thumb Code     8  libspace.o(.text)
    __user_perproc_libspace                  0x0800459d   Thumb Code     0  libspace.o(.text)
    __user_perthread_libspace                0x0800459d   Thumb Code     0  libspace.o(.text)
    _sys_exit                                0x080045a5   Thumb Code     8  sys_exit.o(.text)
    __I$use$semihosting                      0x080045b1   Thumb Code     0  use_no_semi.o(.text)
    __use_no_semihosting_swi                 0x080045b1   Thumb Code     2  use_no_semi.o(.text)
    __semihosting_library_function           0x080045b3   Thumb Code     0  indicate_semi.o(.text)
    _fp_init                                 0x080045b3   Thumb Code    10  fpinit.o(x$fpl$fpinit)
    __fplib_config_fpu_vfp                   0x080045bb   Thumb Code     0  fpinit.o(x$fpl$fpinit)
    __fplib_config_pureend_doubles           0x080045bb   Thumb Code     0  fpinit.o(x$fpl$fpinit)
    OSUnMapTbl                               0x080045bc   Data         256  os_core.o(.constdata)
    Region$$Table$$Base                      0x080046bc   Number         0  anon$$obj.o(Region$$Table)
    Region$$Table$$Limit                     0x080046dc   Number         0  anon$$obj.o(Region$$Table)
    SystemCoreClock                          0x20000000   Data           4  system_stm32f4xx.o(.data)
    AHBPrescTable                            0x20000004   Data          16  system_stm32f4xx.o(.data)
    pluse_num                                0x2000001c   Data           4  timer.o(.data)
    OSCtxSwCtr                               0x20000034   Data           4  os_core.o(.data)
    OSEventFreeList                          0x20000038   Data           4  os_core.o(.data)
    OSFlagFreeList                           0x2000003c   Data           4  os_core.o(.data)
    OSCPUUsage                               0x20000040   Data           1  os_core.o(.data)
    OSIdleCtrMax                             0x20000044   Data           4  os_core.o(.data)
    OSIdleCtrRun                             0x20000048   Data           4  os_core.o(.data)
    OSStatRdy                                0x2000004c   Data           1  os_core.o(.data)
    OSIntNesting                             0x2000004d   Data           1  os_core.o(.data)
    OSLockNesting                            0x2000004e   Data           1  os_core.o(.data)
    OSPrioCur                                0x2000004f   Data           1  os_core.o(.data)
    OSPrioHighRdy                            0x20000050   Data           1  os_core.o(.data)
    OSRdyGrp                                 0x20000051   Data           1  os_core.o(.data)
    OSRdyTbl                                 0x20000052   Data           8  os_core.o(.data)
    OSRunning                                0x2000005a   Data           1  os_core.o(.data)
    OSTaskCtr                                0x2000005b   Data           1  os_core.o(.data)
    OSIdleCtr                                0x2000005c   Data           4  os_core.o(.data)
    OSTCBCur                                 0x20000060   Data           4  os_core.o(.data)
    OSTCBFreeList                            0x20000064   Data           4  os_core.o(.data)
    OSTCBHighRdy                             0x20000068   Data           4  os_core.o(.data)
    OSTCBList                                0x2000006c   Data           4  os_core.o(.data)
    OSTickStepState                          0x20000070   Data           1  os_core.o(.data)
    OSQFreeList                              0x20000074   Data           4  os_core.o(.data)
    OSTime                                   0x20000078   Data           4  os_core.o(.data)
    LED0_TASK_STK                            0x2000007c   Data         256  task.o(.bss)
    LED1_TASK_STK                            0x2000017c   Data         256  task.o(.bss)
    SPEED_TASK_STK                           0x2000027c   Data         256  task.o(.bss)
    OSEventTbl                               0x2000037c   Data         200  os_core.o(.bss)
    OSFlagTbl                                0x20000444   Data          80  os_core.o(.bss)
    OSTaskStatStk                            0x20000494   Data         512  os_core.o(.bss)
    OSTaskIdleStk                            0x20000694   Data         512  os_core.o(.bss)
    OSTCBPrioTbl                             0x20000894   Data         256  os_core.o(.bss)
    OSTCBTbl                                 0x20000994   Data        1008  os_core.o(.bss)
    OSQTbl                                   0x20000d84   Data         120  os_core.o(.bss)
    __libspace_start                         0x20000dfc   Data          96  libspace.o(.bss)
    __temporary_stack_top$libspace           0x20000e5c   Data           0  libspace.o(.bss)



==============================================================================

Memory Map of the image

  Image Entry point : 0x08000189

  Load Region LR_IROM1 (Base: 0x08000000, Size: 0x00004758, Max: 0x00100000, ABSOLUTE)

    Execution Region ER_IROM1 (Base: 0x08000000, Size: 0x000046dc, Max: 0x00100000, ABSOLUTE)

    Base Addr    Size         Type   Attr      Idx    E Section Name        Object

    0x08000000   0x00000188   Data   RO          194    RESET               startup_stm32f40_41xxx.o
    0x08000188   0x00000008   Code   RO         1325  * !!!main             c_w.l(__main.o)
    0x08000190   0x00000034   Code   RO         1481    !!!scatter          c_w.l(__scatter.o)
    0x080001c4   0x0000001a   Code   RO         1483    !!handler_copy      c_w.l(__scatter_copy.o)
    0x080001de   0x00000002   PAD
    0x080001e0   0x0000001c   Code   RO         1485    !!handler_zi        c_w.l(__scatter_zi.o)
    0x080001fc   0x00000002   Code   RO         1352    .ARM.Collect$$libinit$$00000000  c_w.l(libinit.o)
    0x080001fe   0x00000004   Code   RO         1358    .ARM.Collect$$libinit$$00000001  c_w.l(libinit2.o)
    0x08000202   0x00000000   Code   RO         1361    .ARM.Collect$$libinit$$00000004  c_w.l(libinit2.o)
    0x08000202   0x00000000   Code   RO         1364    .ARM.Collect$$libinit$$0000000A  c_w.l(libinit2.o)
    0x08000202   0x00000000   Code   RO         1366    .ARM.Collect$$libinit$$0000000C  c_w.l(libinit2.o)
    0x08000202   0x00000000   Code   RO         1368    .ARM.Collect$$libinit$$0000000E  c_w.l(libinit2.o)
    0x08000202   0x00000000   Code   RO         1371    .ARM.Collect$$libinit$$00000011  c_w.l(libinit2.o)
    0x08000202   0x00000000   Code   RO         1373    .ARM.Collect$$libinit$$00000013  c_w.l(libinit2.o)
    0x08000202   0x00000000   Code   RO         1375    .ARM.Collect$$libinit$$00000015  c_w.l(libinit2.o)
    0x08000202   0x00000000   Code   RO         1377    .ARM.Collect$$libinit$$00000017  c_w.l(libinit2.o)
    0x08000202   0x00000000   Code   RO         1379    .ARM.Collect$$libinit$$00000019  c_w.l(libinit2.o)
    0x08000202   0x00000000   Code   RO         1381    .ARM.Collect$$libinit$$0000001B  c_w.l(libinit2.o)
    0x08000202   0x00000000   Code   RO         1383    .ARM.Collect$$libinit$$0000001D  c_w.l(libinit2.o)
    0x08000202   0x00000000   Code   RO         1385    .ARM.Collect$$libinit$$0000001F  c_w.l(libinit2.o)
    0x08000202   0x00000000   Code   RO         1387    .ARM.Collect$$libinit$$00000021  c_w.l(libinit2.o)
    0x08000202   0x00000000   Code   RO         1389    .ARM.Collect$$libinit$$00000023  c_w.l(libinit2.o)
    0x08000202   0x00000000   Code   RO         1391    .ARM.Collect$$libinit$$00000025  c_w.l(libinit2.o)
    0x08000202   0x00000000   Code   RO         1395    .ARM.Collect$$libinit$$0000002C  c_w.l(libinit2.o)
    0x08000202   0x00000000   Code   RO         1397    .ARM.Collect$$libinit$$0000002E  c_w.l(libinit2.o)
    0x08000202   0x00000000   Code   RO         1399    .ARM.Collect$$libinit$$00000030  c_w.l(libinit2.o)
    0x08000202   0x00000000   Code   RO         1401    .ARM.Collect$$libinit$$00000032  c_w.l(libinit2.o)
    0x08000202   0x00000002   Code   RO         1402    .ARM.Collect$$libinit$$00000033  c_w.l(libinit2.o)
    0x08000204   0x00000002   Code   RO         1422    .ARM.Collect$$libshutdown$$00000000  c_w.l(libshutdown.o)
    0x08000206   0x00000000   Code   RO         1436    .ARM.Collect$$libshutdown$$00000003  c_w.l(libshutdown2.o)
    0x08000206   0x00000000   Code   RO         1439    .ARM.Collect$$libshutdown$$00000006  c_w.l(libshutdown2.o)
    0x08000206   0x00000000   Code   RO         1442    .ARM.Collect$$libshutdown$$00000009  c_w.l(libshutdown2.o)
    0x08000206   0x00000000   Code   RO         1444    .ARM.Collect$$libshutdown$$0000000B  c_w.l(libshutdown2.o)
    0x08000206   0x00000000   Code   RO         1447    .ARM.Collect$$libshutdown$$0000000E  c_w.l(libshutdown2.o)
    0x08000206   0x00000002   Code   RO         1448    .ARM.Collect$$libshutdown$$0000000F  c_w.l(libshutdown2.o)
    0x08000208   0x00000000   Code   RO         1327    .ARM.Collect$$rtentry$$00000000  c_w.l(__rtentry.o)
    0x08000208   0x00000000   Code   RO         1329    .ARM.Collect$$rtentry$$00000002  c_w.l(__rtentry2.o)
    0x08000208   0x00000006   Code   RO         1341    .ARM.Collect$$rtentry$$00000004  c_w.l(__rtentry4.o)
    0x0800020e   0x00000000   Code   RO         1331    .ARM.Collect$$rtentry$$00000009  c_w.l(__rtentry2.o)
    0x0800020e   0x00000004   Code   RO         1332    .ARM.Collect$$rtentry$$0000000A  c_w.l(__rtentry2.o)
    0x08000212   0x00000000   Code   RO         1334    .ARM.Collect$$rtentry$$0000000C  c_w.l(__rtentry2.o)
    0x08000212   0x00000008   Code   RO         1335    .ARM.Collect$$rtentry$$0000000D  c_w.l(__rtentry2.o)
    0x0800021a   0x00000002   Code   RO         1356    .ARM.Collect$$rtexit$$00000000  c_w.l(rtexit.o)
    0x0800021c   0x00000000   Code   RO         1404    .ARM.Collect$$rtexit$$00000002  c_w.l(rtexit2.o)
    0x0800021c   0x00000004   Code   RO         1405    .ARM.Collect$$rtexit$$00000003  c_w.l(rtexit2.o)
    0x08000220   0x00000006   Code   RO         1406    .ARM.Collect$$rtexit$$00000004  c_w.l(rtexit2.o)
    0x08000226   0x00000002   PAD
    0x08000228   0x00000060   Code   RO            3    .text               main.o
    0x08000288   0x00000016   Code   RO          171    .text               stm32f4xx_it.o
    0x0800029e   0x00000002   PAD
    0x080002a0   0x00000040   Code   RO          195    .text               startup_stm32f40_41xxx.o
    0x080002e0   0x00000210   Code   RO          201    .text               system_stm32f4xx.o
    0x080004f0   0x00000058   Code   RO          227    .text               led.o
    0x08000548   0x00000088   Code   RO          247    .text               task.o
    0x080005d0   0x000000f8   Code   RO          282    .text               key.o
    0x080006c8   0x00000090   Code   RO          303    .text               exti.o
    0x08000758   0x00000088   Code   RO          325    .text               timer.o
    0x080007e0   0x000000e0   Code   RO          348    .text               misc.o
    0x080008c0   0x00000294   Code   RO          368    .text               stm32f4xx_gpio.o
    0x08000b54   0x0000065c   Code   RO          388    .text               stm32f4xx_rcc.o
    0x080011b0   0x00000110   Code   RO          653    .text               stm32f4xx_exti.o
    0x080012c0   0x00000094   Code   RO          985    .text               stm32f4xx_syscfg.o
    0x08001354   0x00000ca2   Code   RO         1005    .text               stm32f4xx_tim.o
    0x08001ff6   0x00000002   PAD
    0x08001ff8   0x000002c4   Code   RO         1066    .text               common.o
    0x080022bc   0x00000890   Code   RO         1091    .text               os_core.o
    0x08002b4c   0x0000080c   Code   RO         1119    .text               os_flag.o
    0x08003358   0x000005e8   Code   RO         1193    .text               os_q.o
    0x08003940   0x000007c4   Code   RO         1233    .text               os_task.o
    0x08004104   0x000001b0   Code   RO         1253    .text               os_time.o
    0x080042b4   0x000001c4   Code   RO         1287    .text               os_cpu_c.o
    0x08004478   0x000000c8   Code   RO         1318    .text               os_cpu_a.o
    0x08004540   0x00000006   Code   RO         1323    .text               c_w.l(heapauxi.o)
    0x08004546   0x0000004a   Code   RO         1343    .text               c_w.l(sys_stackheap_outer.o)
    0x08004590   0x0000000c   Code   RO         1345    .text               c_w.l(exit.o)
    0x0800459c   0x00000008   Code   RO         1353    .text               c_w.l(libspace.o)
    0x080045a4   0x0000000c   Code   RO         1414    .text               c_w.l(sys_exit.o)
    0x080045b0   0x00000002   Code   RO         1425    .text               c_w.l(use_no_semi.o)
    0x080045b2   0x00000000   Code   RO         1427    .text               c_w.l(indicate_semi.o)
    0x080045b2   0x0000000a   Code   RO         1412    x$fpl$fpinit        fz_wm.l(fpinit.o)
    0x080045bc   0x00000100   Data   RO         1093    .constdata          os_core.o
    0x080046bc   0x00000020   Data   RO         1479    Region$$Table       anon$$obj.o


    Execution Region RW_IRAM1 (Base: 0x20000000, Size: 0x00001460, Max: 0x00020000, ABSOLUTE)

    Base Addr    Size         Type   Attr      Idx    E Section Name        Object

    0x20000000   0x00000014   Data   RW          202    .data               system_stm32f4xx.o
    0x20000014   0x00000001   Data   RW          283    .data               key.o
    0x20000015   0x00000003   PAD
    0x20000018   0x00000004   Data   RW          304    .data               exti.o
    0x2000001c   0x00000004   Data   RW          326    .data               timer.o
    0x20000020   0x00000010   Data   RW          389    .data               stm32f4xx_rcc.o
    0x20000030   0x00000001   Data   RW         1067    .data               common.o
    0x20000031   0x00000003   PAD
    0x20000034   0x00000048   Data   RW         1094    .data               os_core.o
    0x2000007c   0x00000300   Zero   RW          248    .bss                task.o
    0x2000037c   0x00000a80   Zero   RW         1092    .bss                os_core.o
    0x20000dfc   0x00000060   Zero   RW         1354    .bss                c_w.l(libspace.o)
    0x20000e5c   0x00000004   PAD
    0x20000e60   0x00000200   Zero   RW          193    HEAP                startup_stm32f40_41xxx.o
    0x20001060   0x00000400   Zero   RW          192    STACK               startup_stm32f40_41xxx.o


==============================================================================

Image component sizes


      Code (inc. data)   RO Data    RW Data    ZI Data      Debug   Object Name

       708         36          0          1          0       2411   common.o
       144         12          0          4          0       1216   exti.o
       248         18          0          1          0        836   key.o
        88          8          0          0          0        523   led.o
        96         24          0          0          0     288736   main.o
       224         20          0          0          0       1841   misc.o
      2192        218        256         72       2688      15063   os_core.o
       200         32          0          0          0        316   os_cpu_a.o
       452          6          0          0          0      10562   os_cpu_c.o
      2060         42          0          0          0       6892   os_flag.o
      1512         30          0          0          0       5525   os_q.o
      1988         70          0          0          0       7549   os_task.o
       432         30          0          0          0       1802   os_time.o
        64         26        392          0       1536        848   startup_stm32f40_41xxx.o
       272         10          0          0          0       2287   stm32f4xx_exti.o
       660         44          0          0          0       4117   stm32f4xx_gpio.o
        22          0          0          0          0       1043   stm32f4xx_it.o
      1628         52          0         16          0      12904   stm32f4xx_rcc.o
       148         12          0          0          0       1853   stm32f4xx_syscfg.o
      3234         60          0          0          0      22320   stm32f4xx_tim.o
       528         46          0         20          0       1863   system_stm32f4xx.o
       136         10          0          0        768       1422   task.o
       136          6          0          4          0       1008   timer.o

    ----------------------------------------------------------------------
     17176        812        680        124       4992     392937   Object Totals
         0          0         32          0          0          0   (incl. Generated)
         4          0          0          6          0          0   (incl. Padding)

    ----------------------------------------------------------------------

      Code (inc. data)   RO Data    RW Data    ZI Data      Debug   Library Member Name

         8          0          0          0          0         68   __main.o
         0          0          0          0          0          0   __rtentry.o
        12          0          0          0          0          0   __rtentry2.o
         6          0          0          0          0          0   __rtentry4.o
        52          8          0          0          0          0   __scatter.o
        26          0          0          0          0          0   __scatter_copy.o
        28          0          0          0          0          0   __scatter_zi.o
        12          0          0          0          0         72   exit.o
         6          0          0          0          0        152   heapauxi.o
         0          0          0          0          0          0   indicate_semi.o
         2          0          0          0          0          0   libinit.o
         6          0          0          0          0          0   libinit2.o
         2          0          0          0          0          0   libshutdown.o
         2          0          0          0          0          0   libshutdown2.o
         8          4          0          0         96         68   libspace.o
         2          0          0          0          0          0   rtexit.o
        10          0          0          0          0          0   rtexit2.o
        12          4          0          0          0         68   sys_exit.o
        74          0          0          0          0         80   sys_stackheap_outer.o
         2          0          0          0          0         68   use_no_semi.o
        10          0          0          0          0        116   fpinit.o

    ----------------------------------------------------------------------
       284         16          0          0        100        692   Library Totals
         4          0          0          0          4          0   (incl. Padding)

    ----------------------------------------------------------------------

      Code (inc. data)   RO Data    RW Data    ZI Data      Debug   Library Name

       270         16          0          0         96        576   c_w.l
        10          0          0          0          0        116   fz_wm.l

    ----------------------------------------------------------------------
       284         16          0          0        100        692   Library Totals

    ----------------------------------------------------------------------

==============================================================================


      Code (inc. data)   RO Data    RW Data    ZI Data      Debug   

     17460        828        680        124       5092     389373   Grand Totals
     17460        828        680        124       5092     389373   ELF Image Totals
     17460        828        680        124          0          0   ROM Totals

==============================================================================

    Total RO  Size (Code + RO Data)                18140 (  17.71kB)
    Total RW  Size (RW Data + ZI Data)              5216 (   5.09kB)
    Total ROM Size (Code + RO Data + RW Data)      18264 (  17.84kB)

==============================================================================

