Component: ARM Compiler 5.05 update 1 (build 106) Tool: armlink [4d0efa]

==============================================================================

Section Cross References

    main.o(.text) refers to common.o(.text) for delay_init
    main.o(.text) refers to led.o(.text) for LED_Init
    main.o(.text) refers to os_core.o(.text) for OSInit
    main.o(.text) refers to os_cpu_a.o(.text) for OS_CPU_SR_Save
    main.o(.text) refers to os_task.o(.text) for OSTaskCreate
    main.o(.text) refers to task.o(.bss) for LED0_TASK_STK
    main.o(.text) refers to task.o(.text) for LED0_Task
    startup_stm32f40_41xxx.o(STACK) refers (Special) to heapauxi.o(.text) for __use_two_region_memory
    startup_stm32f40_41xxx.o(HEAP) refers (Special) to heapauxi.o(.text) for __use_two_region_memory
    startup_stm32f40_41xxx.o(RESET) refers (Special) to heapauxi.o(.text) for __use_two_region_memory
    startup_stm32f40_41xxx.o(RESET) refers to startup_stm32f40_41xxx.o(STACK) for __initial_sp
    startup_stm32f40_41xxx.o(RESET) refers to startup_stm32f40_41xxx.o(.text) for Reset_Handler
    startup_stm32f40_41xxx.o(RESET) refers to stm32f4xx_it.o(.text) for NMI_Handler
    startup_stm32f40_41xxx.o(RESET) refers to os_cpu_a.o(.text) for PendSV_Handler
    startup_stm32f40_41xxx.o(RESET) refers to common.o(.text) for SysTick_Handler
    startup_stm32f40_41xxx.o(RESET) refers to exti.o(.text) for EXTI0_IRQHandler
    startup_stm32f40_41xxx.o(RESET) refers to timer.o(.text) for TIM2_IRQHandler
    startup_stm32f40_41xxx.o(RESET) refers to usart.o(.text) for USART1_IRQHandler
    startup_stm32f40_41xxx.o(.text) refers (Special) to heapauxi.o(.text) for __use_two_region_memory
    startup_stm32f40_41xxx.o(.text) refers to system_stm32f4xx.o(.text) for SystemInit
    startup_stm32f40_41xxx.o(.text) refers to __main.o(!!!main) for __main
    startup_stm32f40_41xxx.o(.text) refers to startup_stm32f40_41xxx.o(HEAP) for Heap_Mem
    startup_stm32f40_41xxx.o(.text) refers to startup_stm32f40_41xxx.o(STACK) for Stack_Mem
    system_stm32f4xx.o(.text) refers to system_stm32f4xx.o(.data) for SystemCoreClock
    led.o(.text) refers to stm32f4xx_rcc.o(.text) for RCC_AHB1PeriphClockCmd
    led.o(.text) refers to stm32f4xx_gpio.o(.text) for GPIO_Init
    task.o(.text) refers to os_time.o(.text) for OSTimeDlyHMSM
    task.o(.text) refers to usart.o(.text) for uart1_init
    task.o(.text) refers to exti.o(.text) for EXTIX_Init
    task.o(.text) refers to timer.o(.text) for TIM2_Init
    key.o(.text) refers to stm32f4xx_rcc.o(.text) for RCC_AHB1PeriphClockCmd
    key.o(.text) refers to stm32f4xx_gpio.o(.text) for GPIO_Init
    key.o(.text) refers to common.o(.text) for delay_us
    key.o(.text) refers to key.o(.data) for key_up
    exti.o(.text) refers to _printf_percent.o(.ARM.Collect$$_printf_percent$$00000000) for _printf_percent
    exti.o(.text) refers to _printf_d.o(.ARM.Collect$$_printf_percent$$00000009) for _printf_d
    exti.o(.text) refers to _printf_f.o(.ARM.Collect$$_printf_percent$$00000003) for _printf_f
    exti.o(.text) refers to _printf_dec.o(.text) for _printf_int_dec
    exti.o(.text) refers to printf1.o(x$fpl$printf1) for _printf_fp_dec
    exti.o(.text) refers to stm32f4xx_tim.o(.text) for TIM_GetCounter
    exti.o(.text) refers to dflt_clz.o(x$fpl$dflt) for __aeabi_i2d
    exti.o(.text) refers to ddiv.o(x$fpl$ddiv) for __aeabi_ddiv
    exti.o(.text) refers to dmul.o(x$fpl$dmul) for __aeabi_dmul
    exti.o(.text) refers to d2f.o(x$fpl$d2f) for __aeabi_d2f
    exti.o(.text) refers to f2d.o(x$fpl$f2d) for __aeabi_f2d
    exti.o(.text) refers to aeabi_memset.o(.text) for __aeabi_memset
    exti.o(.text) refers to noretval__2sprintf.o(.text) for __2sprintf
    exti.o(.text) refers to strlen.o(.text) for strlen
    exti.o(.text) refers to usart.o(.text) for uart1SendChars
    exti.o(.text) refers to stm32f4xx_exti.o(.text) for EXTI_ClearITPendingBit
    exti.o(.text) refers to key.o(.text) for KEY_Init
    exti.o(.text) refers to stm32f4xx_rcc.o(.text) for RCC_APB2PeriphClockCmd
    exti.o(.text) refers to stm32f4xx_syscfg.o(.text) for SYSCFG_EXTILineConfig
    exti.o(.text) refers to misc.o(.text) for NVIC_Init
    exti.o(.text) refers to timer.o(.data) for exp_num
    timer.o(.text) refers to stm32f4xx_rcc.o(.text) for RCC_APB1PeriphClockCmd
    timer.o(.text) refers to stm32f4xx_tim.o(.text) for TIM_TimeBaseInit
    timer.o(.text) refers to misc.o(.text) for NVIC_Init
    timer.o(.text) refers to timer.o(.data) for exp_num
    usart.o(.text) refers to stm32f4xx_rcc.o(.text) for RCC_AHB1PeriphClockCmd
    usart.o(.text) refers to stm32f4xx_gpio.o(.text) for GPIO_PinAFConfig
    usart.o(.text) refers to stm32f4xx_usart.o(.text) for USART_Init
    usart.o(.text) refers to misc.o(.text) for NVIC_Init
    usart.o(.text) refers to strcmpv7m.o(.text) for strcmp
    usart.o(.text) refers to usart.o(.data) for uart_byte_count
[...]
    .text                                    0x08000704   Section        0  exti.o(.text)
    .text                                    0x080008d4   Section        0  timer.o(.text)
    .text                                    0x08000968   Section        0  usart.o(.text)
    .text                                    0x08000b30   Section        0  misc.o(.text)
    .text                                    0x08000c10   Section        0  stm32f4xx_gpio.o(.text)
    .text                                    0x08000ea4   Section        0  stm32f4xx_rcc.o(.text)
    .text                                    0x08001500   Section        0  stm32f4xx_exti.o(.text)
    .text                                    0x08001610   Section        0  stm32f4xx_syscfg.o(.text)
    .text                                    0x080016a4   Section        0  stm32f4xx_tim.o(.text)
    TI4_Config                               0x08001e43   Thumb Code    80  stm32f4xx_tim.o(.text)
    TI3_Config                               0x08001ea5   Thumb Code    72  stm32f4xx_tim.o(.text)
    TI2_Config                               0x08001f07   Thumb Code    90  stm32f4xx_tim.o(.text)
    TI1_Config                               0x08001f73   Thumb Code    58  stm32f4xx_tim.o(.text)
    .text                                    0x08002348   Section        0  stm32f4xx_usart.o(.text)
    .text                                    0x0800279c   Section        0  common.o(.text)
    .text                                    0x08002a60   Section        0  os_core.o(.text)
    OS_InitTaskStat                          0x08002b0b   Thumb Code    52  os_core.o(.text)
    OS_InitTaskIdle                          0x08002b61   Thumb Code    52  os_core.o(.text)
    OS_InitEventList                         0x08002ba7   Thumb Code    74  os_core.o(.text)
    OS_InitTCBList                           0x08002bf1   Thumb Code   106  os_core.o(.text)
    OS_InitRdyList                           0x08002c5b   Thumb Code    44  os_core.o(.text)
    OS_InitMisc                              0x08002c87   Thumb Code    44  os_core.o(.text)
    OS_SchedNew                              0x08002cfb   Thumb Code    26  os_core.o(.text)
    .text                                    0x080032f0   Section        0  os_flag.o(.text)
    OS_FlagTaskRdy                           0x08003467   Thumb Code    82  os_flag.o(.text)
    OS_FlagBlock                             0x08003621   Thumb Code   152  os_flag.o(.text)
    .text                                    0x08003afc   Section        0  os_q.o(.text)
    .text                                    0x080040e4   Section        0  os_task.o(.text)
    .text                                    0x080048a8   Section        0  os_time.o(.text)
    .text                                    0x08004a58   Section        0  os_cpu_c.o(.text)
    .text                                    0x08004c1c   Section      200  os_cpu_a.o(.text)
    $v0                                      0x08004c1c   Number         0  os_cpu_a.o(.text)
    .text                                    0x08004ce4   Section        0  noretval__2sprintf.o(.text)
    .text                                    0x08004d0c   Section        0  __printf.o(.text)
    .text                                    0x08004d74   Section        0  _printf_dec.o(.text)
    .text                                    0x08004dec   Section        0  strlen.o(.text)
    .text                                    0x08004e2a   Section       16  aeabi_memset.o(.text)
    .text                                    0x08004e3c   Section      128  strcmpv7m.o(.text)
    .text                                    0x08004ebc   Section        0  heapauxi.o(.text)
    .text                                    0x08004ec2   Section        0  _printf_intcommon.o(.text)
    .text                                    0x08004f74   Section        0  _printf_fp_dec.o(.text)
    _fp_digits                               0x08004f77   Thumb Code   428  _printf_fp_dec.o(.text)
    .text                                    0x08005390   Section        0  _printf_char_common.o(.text)
    _printf_input_char                       0x08005391   Thumb Code    10  _printf_char_common.o(.text)
    .text                                    0x080053c0   Section        0  _sputc.o(.text)
    .text                                    0x080053ca   Section       68  rt_memclr.o(.text)
    .text                                    0x08005410   Section        8  rt_locale_intlibspace.o(.text)
    .text                                    0x08005418   Section      138  lludiv10.o(.text)
    .text                                    0x080054a4   Section        0  _printf_fp_infnan.o(.text)
    .text                                    0x08005524   Section        0  bigflt0.o(.text)
    .text                                    0x08005600   Section       78  rt_memclr_w.o(.text)
    .text                                    0x08005650   Section        8  libspace.o(.text)
    .text                                    0x08005658   Section       74  sys_stackheap_outer.o(.text)
    .text                                    0x080056a2   Section        0  exit.o(.text)
    .text                                    0x080056b0   Section        0  sys_exit.o(.text)
    .text                                    0x080056bc   Section        2  use_no_semi.o(.text)
    .text                                    0x080056be   Section        0  indicate_semi.o(.text)
    CL$$btod_d2e                             0x080056be   Section       62  btod.o(CL$$btod_d2e)
    CL$$btod_d2e_denorm_low                  0x080056fc   Section       70  btod.o(CL$$btod_d2e_denorm_low)
    CL$$btod_d2e_norm_op1                    0x08005742   Section       96  btod.o(CL$$btod_d2e_norm_op1)
    CL$$btod_div_common                      0x080057a2   Section      824  btod.o(CL$$btod_div_common)
    CL$$btod_e2e                             0x08005ada   Section      198  btod.o(CL$$btod_e2e)
    CL$$btod_ediv                            0x08005ba0   Section       40  btod.o(CL$$btod_ediv)
    CL$$btod_emul                            0x08005bc8   Section       40  btod.o(CL$$btod_emul)
    CL$$btod_mult_common                     0x08005bf0   Section      580  btod.o(CL$$btod_mult_common)
    i.__ARM_fpclassify                       0x08005e34   Section        0  fpclassify.o(i.__ARM_fpclassify)
    locale$$code                             0x08005e64   Section       44  lc_numeric_c.o(locale$$code)
    x$fpl$d2f                                0x08005e90   Section       98  d2f.o(x$fpl$d2f)
    $v0                                      0x08005e90   Number         0  d2f.o(x$fpl$d2f)
    x$fpl$ddiv                               0x08005ef4   Section      688  ddiv.o(x$fpl$ddiv)
    $v0                                      0x08005ef4   Number         0  ddiv.o(x$fpl$ddiv)
    ddiv_entry                               0x08005efb   Thumb Code     0  ddiv.o(x$fpl$ddiv)
    x$fpl$dflt                               0x080061a4   Section       46  dflt_clz.o(x$fpl$dflt)
    $v0                                      0x080061a4   Number         0  dflt_clz.o(x$fpl$dflt)
    x$fpl$dmul                               0x080061d4   Section      340  dmul.o(x$fpl$dmul)
    $v0                                      0x080061d4   Number         0  dmul.o(x$fpl$dmul)
    x$fpl$dnaninf                            0x08006328   Section      156  dnaninf.o(x$fpl$dnaninf)
    $v0                                      0x08006328   Number         0  dnaninf.o(x$fpl$dnaninf)
    x$fpl$dretinf                            0x080063c4   Section       12  dretinf.o(x$fpl$dretinf)
    $v0                                      0x080063c4   Number         0  dretinf.o(x$fpl$dretinf)
    x$fpl$f2d                                0x080063d0   Section       86  f2d.o(x$fpl$f2d)
    $v0                                      0x080063d0   Number         0  f2d.o(x$fpl$f2d)
    x$fpl$fnaninf                            0x08006426   Section      140  fnaninf.o(x$fpl$fnaninf)
    $v0                                      0x08006426   Number         0  fnaninf.o(x$fpl$fnaninf)
    x$fpl$fpinit                             0x080064b2   Section       10  fpinit.o(x$fpl$fpinit)
    $v0                                      0x080064b2   Number         0  fpinit.o(x$fpl$fpinit)
    x$fpl$fretinf                            0x080064bc   Section       10  fretinf.o(x$fpl$fretinf)
    $v0                                      0x080064bc   Number         0  fretinf.o(x$fpl$fretinf)
    x$fpl$printf1                            0x080064c6   Section        4  printf1.o(x$fpl$printf1)
    $v0                                      0x080064c6   Number         0  printf1.o(x$fpl$printf1)
    .constdata                               0x080064ca   Section      256  os_core.o(.constdata)
    x$fpl$usenofp                            0x080064ca   Section        0  usenofp.o(x$fpl$usenofp)
    .constdata                               0x080065cc   Section      148  bigflt0.o(.constdata)
    tenpwrs_x                                0x080065cc   Data          60  bigflt0.o(.constdata)
    tenpwrs_i                                0x08006608   Data          64  bigflt0.o(.constdata)
    locale$$data                             0x08006680   Section       28  lc_numeric_c.o(locale$$data)
    __lcnum_c_name                           0x08006684   Data           2  lc_numeric_c.o(locale$$data)
    __lcnum_c_start                          0x0800668c   Data           0  lc_numeric_c.o(locale$$data)
    __lcnum_c_point                          0x08006698   Data           0  lc_numeric_c.o(locale$$data)
    __lcnum_c_thousands                      0x0800669a   Data           0  lc_numeric_c.o(locale$$data)
    __lcnum_c_grouping                       0x0800669b   Data           0  lc_numeric_c.o(locale$$data)
    __lcnum_c_end                            0x0800669c   Data           0  lc_numeric_c.o(locale$$data)
    .data                                    0x20000000   Section       20  system_stm32f4xx.o(.data)
    .data                                    0x20000014   Section        1  key.o(.data)
    key_up                                   0x20000014   Data           1  key.o(.data)
    .data                                    0x20000018   Section        4  timer.o(.data)
    .data                                    0x2000001c   Section        1  usart.o(.data)
    .data                                    0x2000001d   Section       16  stm32f4xx_rcc.o(.data)
    APBAHBPrescTable                         0x2000001d   Data          16  stm32f4xx_rcc.o(.data)
    .data                                    0x2000002d   Section        1  common.o(.data)
    fac_us                                   0x2000002d   Data           1  common.o(.data)
    .data                                    0x20000030   Section       72  os_core.o(.data)
    .bss                                     0x20000078   Section      768  task.o(.bss)
    .bss                                     0x20000378   Section      100  usart.o(.bss)
    .bss                                     0x200003dc   Section     2688  os_core.o(.bss)
    .bss                                     0x20000e5c   Section       96  libspace.o(.bss)
    HEAP                                     0x20000ec0   Section      512  startup_stm32f40_41xxx.o(HEAP)
    Heap_Mem                                 0x20000ec0   Data         512  startup_stm32f40_41xxx.o(HEAP)
    STACK                                    0x200010c0   Section     1024  startup_stm32f40_41xxx.o(STACK)
    Stack_Mem                                0x200010c0   Data        1024  startup_stm32f40_41xxx.o(STACK)
    __initial_sp                             0x200014c0   Data           0  startup_stm32f40_41xxx.o(STACK)

    Global Symbols

    Symbol Name                              Value     Ov Type        Size  Object(Section)

    BuildAttributes$$THM_ISAv4$E$P$D$K$B$S$7EM$VFPi3$EXTD16$VFPS$VFMA$PE$A:L22UL41UL21$X:L11$S22US41US21$IEEE1$IW$USESV6$~STKCKD$USESV7$~SHL$OTIME$ROPI$IEEEJ$EBA8$UX$STANDARDLIB$REQ8$PRES8$EABIv2 0x00000000   Number         0  anon$$obj.o ABSOLUTE
    __ARM_use_no_argv                        0x00000000   Number         0  main.o ABSOLUTE
    __ARM_exceptions_init                     - Undefined Weak Reference
    __alloca_initialize                       - Undefined Weak Reference
    __arm_preinit_                            - Undefined Weak Reference
    __cpp_initialize__aeabi_                  - Undefined Weak Reference
    __cxa_finalize                            - Undefined Weak Reference
    __sigvec_lookup                           - Undefined Weak Reference
    _atexit_init                              - Undefined Weak Reference
    _call_atexit_fns                          - Undefined Weak Reference
    _clock_init                               - Undefined Weak Reference
    _fp_trap_init                             - Undefined Weak Reference
    _fp_trap_shutdown                         - Undefined Weak Reference
    _get_lc_collate                           - Undefined Weak Reference
    _get_lc_ctype                             - Undefined Weak Reference
    _get_lc_monetary                          - Undefined Weak Reference
    _get_lc_time                              - Undefined Weak Reference
    _getenv_init                              - Undefined Weak Reference
    _handle_redirection                       - Undefined Weak Reference
    _init_alloc                               - Undefined Weak Reference
    _init_user_alloc                          - Undefined Weak Reference
    _initio                                   - Undefined Weak Reference
    _printf_post_padding                      - Undefined Weak Reference
    _printf_pre_padding                       - Undefined Weak Reference
    _printf_truncate_signed                   - Undefined Weak Reference
    _printf_truncate_unsigned                 - Undefined Weak Reference
    _rand_init                                - Undefined Weak Reference
    _signal_finish                            - Undefined Weak Reference
    _signal_init                              - Undefined Weak Reference
    _terminate_alloc                          - Undefined Weak Reference
    _terminate_user_alloc                     - Undefined Weak Reference
    _terminateio                              - Undefined Weak Reference
    __Vectors_Size                           0x00000188   Number         0  startup_stm32f40_41xxx.o ABSOLUTE
    __Vectors                                0x08000000   Data           4  startup_stm32f40_41xxx.o(RESET)
    __Vectors_End                            0x08000188   Data           0  startup_stm32f40_41xxx.o(RESET)
    __main                                   0x08000189   Thumb Code     8  __main.o(!!!main)
    __scatterload                            0x08000191   Thumb Code     0  __scatter.o(!!!scatter)
    __scatterload_rt2                        0x08000191   Thumb Code    44  __scatter.o(!!!scatter)
    __scatterload_rt2_thumb_only             0x08000191   Thumb Code     0  __scatter.o(!!!scatter)
    __scatterload_null                       0x0800019f   Thumb Code     0  __scatter.o(!!!scatter)
    __scatterload_copy                       0x080001c5   Thumb Code    26  __scatter_copy.o(!!handler_copy)
    __scatterload_zeroinit                   0x080001e1   Thumb Code    28  __scatter_zi.o(!!handler_zi)
    _printf_f                                0x080001fd   Thumb Code     0  _printf_f.o(.ARM.Collect$$_printf_percent$$00000003)
    _printf_percent                          0x080001fd   Thumb Code     0  _printf_percent.o(.ARM.Collect$$_printf_percent$$00000000)
    _printf_d                                0x08000203   Thumb Code     0  _printf_d.o(.ARM.Collect$$_printf_percent$$00000009)
    _printf_percent_end                      0x08000209   Thumb Code     0  _printf_percent_end.o(.ARM.Collect$$_printf_percent$$00000017)
    __rt_lib_init                            0x0800020d   Thumb Code     0  libinit.o(.ARM.Collect$$libinit$$00000000)
    __rt_lib_init_fp_1                       0x0800020f   Thumb Code     0  libinit2.o(.ARM.Collect$$libinit$$00000001)
    __rt_lib_init_heap_1                     0x08000213   Thumb Code     0  libinit2.o(.ARM.Collect$$libinit$$0000000A)
    __rt_lib_init_lc_common                  0x08000213   Thumb Code     0  libinit2.o(.ARM.Collect$$libinit$$0000000F)
    __rt_lib_init_preinit_1                  0x08000213   Thumb Code     0  libinit2.o(.ARM.Collect$$libinit$$00000004)
    __rt_lib_init_rand_1                     0x08000213   Thumb Code     0  libinit2.o(.ARM.Collect$$libinit$$0000000E)
    __rt_lib_init_user_alloc_1               0x08000213   Thumb Code     0  libinit2.o(.ARM.Collect$$libinit$$0000000C)
    __rt_lib_init_lc_collate_1               0x08000219   Thumb Code     0  libinit2.o(.ARM.Collect$$libinit$$00000011)
    __rt_lib_init_lc_ctype_1                 0x08000219   Thumb Code     0  libinit2.o(.ARM.Collect$$libinit$$00000013)
    __rt_lib_init_lc_monetary_1              0x08000219   Thumb Code     0  libinit2.o(.ARM.Collect$$libinit$$00000015)
    __rt_lib_init_lc_numeric_2               0x08000219   Thumb Code     0  libinit2.o(.ARM.Collect$$libinit$$00000016)
    __rt_lib_init_alloca_1                   0x08000223   Thumb Code     0  libinit2.o(.ARM.Collect$$libinit$$0000002E)
    __rt_lib_init_argv_1                     0x08000223   Thumb Code     0  libinit2.o(.ARM.Collect$$libinit$$0000002C)
    __rt_lib_init_atexit_1                   0x08000223   Thumb Code     0  libinit2.o(.ARM.Collect$$libinit$$0000001B)
    __rt_lib_init_clock_1                    0x08000223   Thumb Code     0  libinit2.o(.ARM.Collect$$libinit$$00000021)
    __rt_lib_init_cpp_1                      0x08000223   Thumb Code     0  libinit2.o(.ARM.Collect$$libinit$$00000032)
    __rt_lib_init_exceptions_1               0x08000223   Thumb Code     0  libinit2.o(.ARM.Collect$$libinit$$00000030)
    __rt_lib_init_fp_trap_1                  0x08000223   Thumb Code     0  libinit2.o(.ARM.Collect$$libinit$$0000001F)
    __rt_lib_init_getenv_1                   0x08000223   Thumb Code     0  libinit2.o(.ARM.Collect$$libinit$$00000023)
    __rt_lib_init_lc_numeric_1               0x08000223   Thumb Code     0  libinit2.o(.ARM.Collect$$libinit$$00000017)
    __rt_lib_init_lc_time_1                  0x08000223   Thumb Code     0  libinit2.o(.ARM.Collect$$libinit$$00000019)
    __rt_lib_init_return                     0x08000223   Thumb Code     0  libinit2.o(.ARM.Collect$$libinit$$00000033)
    __rt_lib_init_signal_1                   0x08000223   Thumb Code     0  libinit2.o(.ARM.Collect$$libinit$$0000001D)
    __rt_lib_init_stdio_1                    0x08000223   Thumb Code     0  libinit2.o(.ARM.Collect$$libinit$$00000025)
    __rt_lib_shutdown                        0x08000225   Thumb Code     0  libshutdown.o(.ARM.Collect$$libshutdown$$00000000)
    __rt_lib_shutdown_fp_trap_1              0x08000227   Thumb Code     0  libshutdown2.o(.ARM.Collect$$libshutdown$$00000006)
    __rt_lib_shutdown_heap_1                 0x08000227   Thumb Code     0  libshutdown2.o(.ARM.Collect$$libshutdown$$0000000E)
    __rt_lib_shutdown_return                 0x08000227   Thumb Code     0  libshutdown2.o(.ARM.Collect$$libshutdown$$0000000F)
    __rt_lib_shutdown_signal_1               0x08000227   Thumb Code     0  libshutdown2.o(.ARM.Collect$$libshutdown$$00000009)
    __rt_lib_shutdown_stdio_1                0x08000227   Thumb Code     0  libshutdown2.o(.ARM.Collect$$libshutdown$$00000003)
    __rt_lib_shutdown_user_alloc_1           0x08000227   Thumb Code     0  libshutdown2.o(.ARM.Collect$$libshutdown$$0000000B)
    __rt_entry                               0x08000229   Thumb Code     0  __rtentry.o(.ARM.Collect$$rtentry$$00000000)
    __rt_entry_presh_1                       0x08000229   Thumb Code     0  __rtentry2.o(.ARM.Collect$$rtentry$$00000002)
    __rt_entry_sh                            0x08000229   Thumb Code     0  __rtentry4.o(.ARM.Collect$$rtentry$$00000004)
    __rt_entry_li                            0x0800022f   Thumb Code     0  __rtentry2.o(.ARM.Collect$$rtentry$$0000000A)
    __rt_entry_postsh_1                      0x0800022f   Thumb Code     0  __rtentry2.o(.ARM.Collect$$rtentry$$00000009)
    __rt_entry_main                          0x08000233   Thumb Code     0  __rtentry2.o(.ARM.Collect$$rtentry$$0000000D)
    __rt_entry_postli_1                      0x08000233   Thumb Code     0  __rtentry2.o(.ARM.Collect$$rtentry$$0000000C)
    __rt_exit                                0x0800023b   Thumb Code     0  rtexit.o(.ARM.Collect$$rtexit$$00000000)
    __rt_exit_ls                             0x0800023d   Thumb Code     0  rtexit2.o(.ARM.Collect$$rtexit$$00000003)
    __rt_exit_prels_1                        0x0800023d   Thumb Code     0  rtexit2.o(.ARM.Collect$$rtexit$$00000002)
    __rt_exit_exit                           0x08000241   Thumb Code     0  rtexit2.o(.ARM.Collect$$rtexit$$00000004)
    main                                     0x08000249   Thumb Code    72  main.o(.text)
    NMI_Handler                              0x080002a9   Thumb Code     2  stm32f4xx_it.o(.text)
    HardFault_Handler                        0x080002ab   Thumb Code     4  stm32f4xx_it.o(.text)
    MemManage_Handler                        0x080002af   Thumb Code     4  stm32f4xx_it.o(.text)
    BusFault_Handler                         0x080002b3   Thumb Code     4  stm32f4xx_it.o(.text)
    UsageFault_Handler                       0x080002b7   Thumb Code     4  stm32f4xx_it.o(.text)
    SVC_Handler                              0x080002bb   Thumb Code     2  stm32f4xx_it.o(.text)
    DebugMon_Handler                         0x080002bd   Thumb Code     2  stm32f4xx_it.o(.text)
    Reset_Handler                            0x080002c1   Thumb Code     8  startup_stm32f40_41xxx.o(.text)
    ADC_IRQHandler                           0x080002db   Thumb Code     0  startup_stm32f40_41xxx.o(.text)
    CAN1_RX0_IRQHandler                      0x080002db   Thumb Code     0  startup_stm32f40_41xxx.o(.text)
    CAN1_RX1_IRQHandler                      0x080002db   Thumb Code     0  startup_stm32f40_41xxx.o(.text)
    CAN1_SCE_IRQHandler                      0x080002db   Thumb Code     0  startup_stm32f40_41xxx.o(.text)
    CAN1_TX_IRQHandler                       0x080002db   Thumb Code     0  startup_stm32f40_41xxx.o(.text)
    CAN2_RX0_IRQHandler                      0x080002db   Thumb Code     0  startup_stm32f40_41xxx.o(.text)
    CAN2_RX1_IRQHandler                      0x080002db   Thumb Code     0  startup_stm32f40_41xxx.o(.text)
    CAN2_SCE_IRQHandler                      0x080002db   Thumb Code     0  startup_stm32f40_41xxx.o(.text)
    CAN2_TX_IRQHandler                       0x080002db   Thumb Code     0  startup_stm32f40_41xxx.o(.text)
    CRYP_IRQHandler                          0x080002db   Thumb Code     0  startup_stm32f40_41xxx.o(.text)
    DCMI_IRQHandler                          0x080002db   Thumb Code     0  startup_stm32f40_41xxx.o(.text)
    DMA1_Stream0_IRQHandler                  0x080002db   Thumb Code     0  startup_stm32f40_41xxx.o(.text)
    DMA1_Stream1_IRQHandler                  0x080002db   Thumb Code     0  startup_stm32f40_41xxx.o(.text)
    DMA1_Stream2_IRQHandler                  0x080002db   Thumb Code     0  startup_stm32f40_41xxx.o(.text)
    DMA1_Stream3_IRQHandler                  0x080002db   Thumb Code     0  startup_stm32f40_41xxx.o(.text)
    DMA1_Stream4_IRQHandler                  0x080002db   Thumb Code     0  startup_stm32f40_41xxx.o(.text)
    DMA1_Stream5_IRQHandler                  0x080002db   Thumb Code     0  startup_stm32f40_41xxx.o(.text)
    DMA1_Stream6_IRQHandler                  0x080002db   Thumb Code     0  startup_stm32f40_41xxx.o(.text)
    DMA1_Stream7_IRQHandler                  0x080002db   Thumb Code     0  startup_stm32f40_41xxx.o(.text)
    DMA2_Stream0_IRQHandler                  0x080002db   Thumb Code     0  startup_stm32f40_41xxx.o(.text)
    DMA2_Stream1_IRQHandler                  0x080002db   Thumb Code     0  startup_stm32f40_41xxx.o(.text)
    DMA2_Stream2_IRQHandler                  0x080002db   Thumb Code     0  startup_stm32f40_41xxx.o(.text)
    DMA2_Stream3_IRQHandler                  0x080002db   Thumb Code     0  startup_stm32f40_41xxx.o(.text)
    DMA2_Stream4_IRQHandler                  0x080002db   Thumb Code     0  startup_stm32f40_41xxx.o(.text)
    DMA2_Stream5_IRQHandler                  0x080002db   Thumb Code     0  startup_stm32f40_41xxx.o(.text)
    DMA2_Stream6_IRQHandler                  0x080002db   Thumb Code     0  startup_stm32f40_41xxx.o(.text)
    DMA2_Stream7_IRQHandler                  0x080002db   Thumb Code     0  startup_stm32f40_41xxx.o(.text)
    ETH_IRQHandler                           0x080002db   Thumb Code     0  startup_stm32f40_41xxx.o(.text)
    ETH_WKUP_IRQHandler                      0x080002db   Thumb Code     0  startup_stm32f40_41xxx.o(.text)
    EXTI15_10_IRQHandler                     0x080002db   Thumb Code     0  startup_stm32f40_41xxx.o(.text)
    EXTI1_IRQHandler                         0x080002db   Thumb Code     0  startup_stm32f40_41xxx.o(.text)
    FLASH_IRQHandler                         0x080002db   Thumb Code     0  startup_stm32f40_41xxx.o(.text)
    FPU_IRQHandler                           0x080002db   Thumb Code     0  startup_stm32f40_41xxx.o(.text)
    FSMC_IRQHandler                          0x080002db   Thumb Code     0  startup_stm32f40_41xxx.o(.text)
    HASH_RNG_IRQHandler                      0x080002db   Thumb Code     0  startup_stm32f40_41xxx.o(.text)
    I2C1_ER_IRQHandler                       0x080002db   Thumb Code     0  startup_stm32f40_41xxx.o(.text)
    I2C1_EV_IRQHandler                       0x080002db   Thumb Code     0  startup_stm32f40_41xxx.o(.text)
    I2C2_ER_IRQHandler                       0x080002db   Thumb Code     0  startup_stm32f40_41xxx.o(.text)
    I2C2_EV_IRQHandler                       0x080002db   Thumb Code     0  startup_stm32f40_41xxx.o(.text)
    I2C3_ER_IRQHandler                       0x080002db   Thumb Code     0  startup_stm32f40_41xxx.o(.text)
    I2C3_EV_IRQHandler                       0x080002db   Thumb Code     0  startup_stm32f40_41xxx.o(.text)
    OTG_FS_IRQHandler                        0x080002db   Thumb Code     0  startup_stm32f40_41xxx.o(.text)
    OTG_FS_WKUP_IRQHandler                   0x080002db   Thumb Code     0  startup_stm32f40_41xxx.o(.text)
    OTG_HS_EP1_IN_IRQHandler                 0x080002db   Thumb Code     0  startup_stm32f40_41xxx.o(.text)
    OTG_HS_EP1_OUT_IRQHandler                0x080002db   Thumb Code     0  startup_stm32f40_41xxx.o(.text)
    OTG_HS_IRQHandler                        0x080002db   Thumb Code     0  startup_stm32f40_41xxx.o(.text)
    OTG_HS_WKUP_IRQHandler                   0x080002db   Thumb Code     0  startup_stm32f40_41xxx.o(.text)
    PVD_IRQHandler                           0x080002db   Thumb Code     0  startup_stm32f40_41xxx.o(.text)
    RCC_IRQHandler                           0x080002db   Thumb Code     0  startup_stm32f40_41xxx.o(.text)
    RTC_Alarm_IRQHandler                     0x080002db   Thumb Code     0  startup_stm32f40_41xxx.o(.text)
    RTC_WKUP_IRQHandler                      0x080002db   Thumb Code     0  startup_stm32f40_41xxx.o(.text)
    SDIO_IRQHandler                          0x080002db   Thumb Code     0  startup_stm32f40_41xxx.o(.text)
    SPI1_IRQHandler                          0x080002db   Thumb Code     0  startup_stm32f40_41xxx.o(.text)
    SPI2_IRQHandler                          0x080002db   Thumb Code     0  startup_stm32f40_41xxx.o(.text)
    SPI3_IRQHandler                          0x080002db   Thumb Code     0  startup_stm32f40_41xxx.o(.text)
    TAMP_STAMP_IRQHandler                    0x080002db   Thumb Code     0  startup_stm32f40_41xxx.o(.text)
    TIM1_BRK_TIM9_IRQHandler                 0x080002db   Thumb Code     0  startup_stm32f40_41xxx.o(.text)
    TIM1_CC_IRQHandler                       0x080002db   Thumb Code     0  startup_stm32f40_41xxx.o(.text)
    TIM1_TRG_COM_TIM11_IRQHandler            0x080002db   Thumb Code     0  startup_stm32f40_41xxx.o(.text)
    TIM1_UP_TIM10_IRQHandler                 0x080002db   Thumb Code     0  startup_stm32f40_41xxx.o(.text)
    TIM3_IRQHandler                          0x080002db   Thumb Code     0  startup_stm32f40_41xxx.o(.text)
    TIM4_IRQHandler                          0x080002db   Thumb Code     0  startup_stm32f40_41xxx.o(.text)
    TIM5_IRQHandler                          0x080002db   Thumb Code     0  startup_stm32f40_41xxx.o(.text)
    TIM6_DAC_IRQHandler                      0x080002db   Thumb Code     0  startup_stm32f40_41xxx.o(.text)
    TIM7_IRQHandler                          0x080002db   Thumb Code     0  startup_stm32f40_41xxx.o(.text)
    TIM8_BRK_TIM12_IRQHandler                0x080002db   Thumb Code     0  startup_stm32f40_41xxx.o(.text)
    TIM8_CC_IRQHandler                       0x080002db   Thumb Code     0  startup_stm32f40_41xxx.o(.text)
    TIM8_TRG_COM_TIM14_IRQHandler            0x080002db   Thumb Code     0  startup_stm32f40_41xxx.o(.text)
    TIM8_UP_TIM13_IRQHandler                 0x080002db   Thumb Code     0  startup_stm32f40_41xxx.o(.text)
    UART4_IRQHandler                         0x080002db   Thumb Code     0  startup_stm32f40_41xxx.o(.text)
    UART5_IRQHandler                         0x080002db   Thumb Code     0  startup_stm32f40_41xxx.o(.text)
    USART2_IRQHandler                        0x080002db   Thumb Code     0  startup_stm32f40_41xxx.o(.text)
    USART3_IRQHandler                        0x080002db   Thumb Code     0  startup_stm32f40_41xxx.o(.text)
    USART6_IRQHandler                        0x080002db   Thumb Code     0  startup_stm32f40_41xxx.o(.text)
    WWDG_IRQHandler                          0x080002db   Thumb Code     0  startup_stm32f40_41xxx.o(.text)
    __user_initial_stackheap                 0x080002dd   Thumb Code     0  startup_stm32f40_41xxx.o(.text)
    SystemInit                               0x080003dd   Thumb Code    88  system_stm32f4xx.o(.text)
    SystemCoreClockUpdate                    0x08000435   Thumb Code   174  system_stm32f4xx.o(.text)
    LED_Init                                 0x08000511   Thumb Code    80  led.o(.text)
    LED0_Task                                0x08000569   Thumb Code    32  task.o(.text)
    LED1_Task                                0x08000589   Thumb Code    32  task.o(.text)
    SPEED_CAL_Task                           0x080005a9   Thumb Code    78  task.o(.text)
    KEY_Init                                 0x0800060d   Thumb Code    42  key.o(.text)
    KEY_Scan                                 0x08000637   Thumb Code   188  key.o(.text)
    EXTI0_IRQHandler                         0x08000705   Thumb Code     2  exti.o(.text)
    EXTI2_IRQHandler                         0x08000707   Thumb Code     2  exti.o(.text)
    EXTI3_IRQHandler                         0x08000709   Thumb Code     2  exti.o(.text)
    EXTI4_IRQHandler                         0x0800070b   Thumb Code     2  exti.o(.text)
    EXTI9_5_IRQHandler                       0x0800070d   Thumb Code   288  exti.o(.text)
    EXTIX_Init                               0x0800082d   Thumb Code    82  exti.o(.text)
    TIM2_Init                                0x080008d5   Thumb Code    90  timer.o(.text)
    TIM2_IRQHandler                          0x0800092f   Thumb Code    50  timer.o(.text)
    uart1_init                               0x08000969   Thumb Code   172  usart.o(.text)
    uart1SendChar                            0x08000a15   Thumb Code    22  usart.o(.text)
    fputc                                    0x08000a2b   Thumb Code    30  usart.o(.text)
    uart1SendChars                           0x08000a49   Thumb Code    26  usart.o(.text)
    USART1_IRQHandler                        0x08000a63   Thumb Code   156  usart.o(.text)
    NVIC_PriorityGroupConfig                 0x08000b31   Thumb Code    10  misc.o(.text)
    NVIC_Init                                0x08000b3b   Thumb Code   106  misc.o(.text)
    NVIC_SetVectorTable                      0x08000ba5   Thumb Code    14  misc.o(.text)
    NVIC_SystemLPConfig                      0x08000bb3   Thumb Code    34  misc.o(.text)
    SysTick_CLKSourceConfig                  0x08000bd5   Thumb Code    40  misc.o(.text)
    GPIO_DeInit                              0x08000c11   Thumb Code   268  stm32f4xx_gpio.o(.text)
    GPIO_Init                                0x08000d1d   Thumb Code   144  stm32f4xx_gpio.o(.text)
    GPIO_StructInit                          0x08000dad   Thumb Code    18  stm32f4xx_gpio.o(.text)
    GPIO_PinLockConfig                       0x08000dbf   Thumb Code    34  stm32f4xx_gpio.o(.text)
    GPIO_ReadInputDataBit                    0x08000de1   Thumb Code    18  stm32f4xx_gpio.o(.text)
    GPIO_ReadInputData                       0x08000df3   Thumb Code     8  stm32f4xx_gpio.o(.text)
    GPIO_ReadOutputDataBit                   0x08000dfb   Thumb Code    18  stm32f4xx_gpio.o(.text)
    GPIO_ReadOutputData                      0x08000e0d   Thumb Code     8  stm32f4xx_gpio.o(.text)
    GPIO_SetBits                             0x08000e15   Thumb Code     4  stm32f4xx_gpio.o(.text)
    GPIO_ResetBits                           0x08000e19   Thumb Code     4  stm32f4xx_gpio.o(.text)
    GPIO_WriteBit                            0x08000e1d   Thumb Code    10  stm32f4xx_gpio.o(.text)
    GPIO_Write                               0x08000e27   Thumb Code     4  stm32f4xx_gpio.o(.text)
    GPIO_ToggleBits                          0x08000e2b   Thumb Code     8  stm32f4xx_gpio.o(.text)
    GPIO_PinAFConfig                         0x08000e33   Thumb Code    70  stm32f4xx_gpio.o(.text)
    RCC_DeInit                               0x08000ea5   Thumb Code    82  stm32f4xx_rcc.o(.text)
    RCC_HSEConfig                            0x08000ef7   Thumb Code    14  stm32f4xx_rcc.o(.text)
    RCC_GetFlagStatus                        0x08000f05   Thumb Code    60  stm32f4xx_rcc.o(.text)
    RCC_WaitForHSEStartUp                    0x08000f41   Thumb Code    56  stm32f4xx_rcc.o(.text)
    RCC_AdjustHSICalibrationValue            0x08000f79   Thumb Code    20  stm32f4xx_rcc.o(.text)
    RCC_HSICmd                               0x08000f8d   Thumb Code     6  stm32f4xx_rcc.o(.text)
    RCC_LSEConfig                            0x08000f93   Thumb Code    46  stm32f4xx_rcc.o(.text)
    RCC_LSICmd                               0x08000fc1   Thumb Code     6  stm32f4xx_rcc.o(.text)
    RCC_PLLConfig                            0x08000fc7   Thumb Code    32  stm32f4xx_rcc.o(.text)
    RCC_PLLCmd                               0x08000fe7   Thumb Code     6  stm32f4xx_rcc.o(.text)
    RCC_PLLI2SConfig                         0x08000fed   Thumb Code    14  stm32f4xx_rcc.o(.text)
    RCC_PLLI2SCmd                            0x08000ffb   Thumb Code     6  stm32f4xx_rcc.o(.text)
    RCC_PLLSAIConfig                         0x08001001   Thumb Code    20  stm32f4xx_rcc.o(.text)
    RCC_PLLSAICmd                            0x08001015   Thumb Code     6  stm32f4xx_rcc.o(.text)
    RCC_ClockSecuritySystemCmd               0x0800101b   Thumb Code     6  stm32f4xx_rcc.o(.text)
    RCC_MCO1Config                           0x08001021   Thumb Code    28  stm32f4xx_rcc.o(.text)
    RCC_MCO2Config                           0x0800103d   Thumb Code    28  stm32f4xx_rcc.o(.text)
    RCC_SYSCLKConfig                         0x08001059   Thumb Code    20  stm32f4xx_rcc.o(.text)
    RCC_GetSYSCLKSource                      0x0800106d   Thumb Code    12  stm32f4xx_rcc.o(.text)
    RCC_HCLKConfig                           0x08001079   Thumb Code    20  stm32f4xx_rcc.o(.text)
    RCC_PCLK1Config                          0x0800108d   Thumb Code    20  stm32f4xx_rcc.o(.text)
    RCC_PCLK2Config                          0x080010a1   Thumb Code    22  stm32f4xx_rcc.o(.text)
    RCC_GetClocksFreq                        0x080010b7   Thumb Code   222  stm32f4xx_rcc.o(.text)
    RCC_RTCCLKConfig                         0x08001195   Thumb Code    54  stm32f4xx_rcc.o(.text)
    RCC_RTCCLKCmd                            0x080011cb   Thumb Code     8  stm32f4xx_rcc.o(.text)
    RCC_BackupResetCmd                       0x080011d3   Thumb Code     8  stm32f4xx_rcc.o(.text)
    RCC_I2SCLKConfig                         0x080011db   Thumb Code     6  stm32f4xx_rcc.o(.text)
    RCC_SAIPLLI2SClkDivConfig                0x080011e1   Thumb Code    26  stm32f4xx_rcc.o(.text)
    RCC_SAIPLLSAIClkDivConfig                0x080011fb   Thumb Code    28  stm32f4xx_rcc.o(.text)
    RCC_SAIBlockACLKConfig                   0x08001217   Thumb Code    20  stm32f4xx_rcc.o(.text)
    RCC_SAIBlockBCLKConfig                   0x0800122b   Thumb Code    20  stm32f4xx_rcc.o(.text)
    RCC_LTDCCLKDivConfig                     0x0800123f   Thumb Code    20  stm32f4xx_rcc.o(.text)
    RCC_TIMCLKPresConfig                     0x08001253   Thumb Code     6  stm32f4xx_rcc.o(.text)
    RCC_AHB1PeriphClockCmd                   0x08001259   Thumb Code    34  stm32f4xx_rcc.o(.text)
    RCC_AHB2PeriphClockCmd                   0x0800127b   Thumb Code    78  stm32f4xx_rcc.o(.text)
    RCC_AHB3PeriphClockCmd                   0x080012c9   Thumb Code    34  stm32f4xx_rcc.o(.text)
    RCC_APB1PeriphClockCmd                   0x080012eb   Thumb Code    34  stm32f4xx_rcc.o(.text)
    RCC_APB2PeriphClockCmd                   0x0800130d   Thumb Code    34  stm32f4xx_rcc.o(.text)
    RCC_AHB1PeriphResetCmd                   0x0800132f   Thumb Code    34  stm32f4xx_rcc.o(.text)
    RCC_AHB2PeriphResetCmd                   0x08001351   Thumb Code    34  stm32f4xx_rcc.o(.text)
    RCC_AHB3PeriphResetCmd                   0x08001373   Thumb Code    34  stm32f4xx_rcc.o(.text)
    RCC_APB1PeriphResetCmd                   0x08001395   Thumb Code    34  stm32f4xx_rcc.o(.text)
    RCC_APB2PeriphResetCmd                   0x080013b7   Thumb Code    34  stm32f4xx_rcc.o(.text)
    RCC_AHB1PeriphClockLPModeCmd             0x080013d9   Thumb Code    34  stm32f4xx_rcc.o(.text)
    RCC_AHB2PeriphClockLPModeCmd             0x080013fb   Thumb Code    34  stm32f4xx_rcc.o(.text)
    RCC_AHB3PeriphClockLPModeCmd             0x0800141d   Thumb Code    34  stm32f4xx_rcc.o(.text)
    RCC_APB1PeriphClockLPModeCmd             0x0800143f   Thumb Code    34  stm32f4xx_rcc.o(.text)
    RCC_APB2PeriphClockLPModeCmd             0x08001461   Thumb Code    34  stm32f4xx_rcc.o(.text)
    RCC_LSEModeConfig                        0x08001483   Thumb Code    40  stm32f4xx_rcc.o(.text)
    RCC_ITConfig                             0x080014ab   Thumb Code    34  stm32f4xx_rcc.o(.text)
    RCC_ClearFlag                            0x080014cd   Thumb Code    18  stm32f4xx_rcc.o(.text)
    RCC_GetITStatus                          0x080014df   Thumb Code    22  stm32f4xx_rcc.o(.text)
    RCC_ClearITPendingBit                    0x080014f5   Thumb Code     8  stm32f4xx_rcc.o(.text)
    EXTI_DeInit                              0x08001501   Thumb Code    28  stm32f4xx_exti.o(.text)
    EXTI_Init                                0x0800151d   Thumb Code   142  stm32f4xx_exti.o(.text)
    EXTI_StructInit                          0x080015ab   Thumb Code    16  stm32f4xx_exti.o(.text)
    EXTI_GenerateSWInterrupt                 0x080015bb   Thumb Code    16  stm32f4xx_exti.o(.text)
    EXTI_GetFlagStatus                       0x080015cb   Thumb Code    22  stm32f4xx_exti.o(.text)
    EXTI_ClearFlag                           0x080015e1   Thumb Code     8  stm32f4xx_exti.o(.text)
    EXTI_GetITStatus                         0x080015e9   Thumb Code    22  stm32f4xx_exti.o(.text)
    EXTI_ClearITPendingBit                   0x080015ff   Thumb Code     8  stm32f4xx_exti.o(.text)
    SYSCFG_DeInit                            0x08001611   Thumb Code    22  stm32f4xx_syscfg.o(.text)
    SYSCFG_MemoryRemapConfig                 0x08001627   Thumb Code     6  stm32f4xx_syscfg.o(.text)
    SYSCFG_MemorySwappingBank                0x0800162d   Thumb Code     6  stm32f4xx_syscfg.o(.text)
    SYSCFG_EXTILineConfig                    0x08001633   Thumb Code    66  stm32f4xx_syscfg.o(.text)
    SYSCFG_ETH_MediaInterfaceConfig          0x08001675   Thumb Code     8  stm32f4xx_syscfg.o(.text)
    SYSCFG_CompensationCellCmd               0x0800167d   Thumb Code     6  stm32f4xx_syscfg.o(.text)
    SYSCFG_GetCompensationCellStatus         0x08001683   Thumb Code    22  stm32f4xx_syscfg.o(.text)
    TIM_DeInit                               0x080016a5   Thumb Code   346  stm32f4xx_tim.o(.text)
    TIM_TimeBaseInit                         0x080017ff   Thumb Code   104  stm32f4xx_tim.o(.text)
    TIM_TimeBaseStructInit                   0x08001867   Thumb Code    18  stm32f4xx_tim.o(.text)
    TIM_PrescalerConfig                      0x08001879   Thumb Code     6  stm32f4xx_tim.o(.text)
    TIM_CounterModeConfig                    0x0800187f   Thumb Code    18  stm32f4xx_tim.o(.text)
    TIM_SetCounter                           0x08001891   Thumb Code     4  stm32f4xx_tim.o(.text)
    TIM_SetAutoreload                        0x08001895   Thumb Code     4  stm32f4xx_tim.o(.text)
    TIM_GetCounter                           0x08001899   Thumb Code     6  stm32f4xx_tim.o(.text)
    TIM_GetPrescaler                         0x0800189f   Thumb Code     6  stm32f4xx_tim.o(.text)
    TIM_UpdateDisableConfig                  0x080018a5   Thumb Code    24  stm32f4xx_tim.o(.text)
    TIM_UpdateRequestConfig                  0x080018bd   Thumb Code    24  stm32f4xx_tim.o(.text)
    TIM_ARRPreloadConfig                     0x080018d5   Thumb Code    24  stm32f4xx_tim.o(.text)
    TIM_SelectOnePulseMode                   0x080018ed   Thumb Code    18  stm32f4xx_tim.o(.text)
    TIM_SetClockDivision                     0x080018ff   Thumb Code    18  stm32f4xx_tim.o(.text)
    TIM_Cmd                                  0x08001911   Thumb Code    24  stm32f4xx_tim.o(.text)
    TIM_OC1Init                              0x08001929   Thumb Code   114  stm32f4xx_tim.o(.text)
    TIM_OC2Init                              0x0800199b   Thumb Code   154  stm32f4xx_tim.o(.text)
    TIM_OC3Init                              0x08001a35   Thumb Code   204  stm32f4xx_tim.o(.text)
    TIM_OC4Init                              0x08001b01   Thumb Code   112  stm32f4xx_tim.o(.text)
    TIM_OCStructInit                         0x08001b71   Thumb Code    20  stm32f4xx_tim.o(.text)
    TIM_SelectOCxM                           0x08001b85   Thumb Code    86  stm32f4xx_tim.o(.text)
    TIM_SetCompare1                          0x08001bdb   Thumb Code     4  stm32f4xx_tim.o(.text)
    TIM_SetCompare2                          0x08001bdf   Thumb Code     4  stm32f4xx_tim.o(.text)
    TIM_SetCompare3                          0x08001be3   Thumb Code     4  stm32f4xx_tim.o(.text)
    TIM_SetCompare4                          0x08001be7   Thumb Code     4  stm32f4xx_tim.o(.text)
    TIM_ForcedOC1Config                      0x08001beb   Thumb Code    18  stm32f4xx_tim.o(.text)
    TIM_ForcedOC2Config                      0x08001bfd   Thumb Code    26  stm32f4xx_tim.o(.text)
    TIM_ForcedOC3Config                      0x08001c17   Thumb Code    18  stm32f4xx_tim.o(.text)
    TIM_ForcedOC4Config                      0x08001c29   Thumb Code    26  stm32f4xx_tim.o(.text)
    TIM_OC1PreloadConfig                     0x08001c43   Thumb Code    18  stm32f4xx_tim.o(.text)
    TIM_OC2PreloadConfig                     0x08001c55   Thumb Code    26  stm32f4xx_tim.o(.text)
    TIM_OC3PreloadConfig                     0x08001c6f   Thumb Code    18  stm32f4xx_tim.o(.text)
    TIM_OC4PreloadConfig                     0x08001c81   Thumb Code    26  stm32f4xx_tim.o(.text)
    TIM_OC1FastConfig                        0x08001c9b   Thumb Code    18  stm32f4xx_tim.o(.text)
    TIM_OC2FastConfig                        0x08001cad   Thumb Code    26  stm32f4xx_tim.o(.text)
    TIM_OC3FastConfig                        0x08001cc7   Thumb Code    18  stm32f4xx_tim.o(.text)
    TIM_OC4FastConfig                        0x08001cd9   Thumb Code    26  stm32f4xx_tim.o(.text)
    TIM_ClearOC1Ref                          0x08001cf3   Thumb Code    18  stm32f4xx_tim.o(.text)
    TIM_ClearOC2Ref                          0x08001d05   Thumb Code    24  stm32f4xx_tim.o(.text)
    TIM_ClearOC3Ref                          0x08001d1d   Thumb Code    18  stm32f4xx_tim.o(.text)
    TIM_ClearOC4Ref                          0x08001d2f   Thumb Code    24  stm32f4xx_tim.o(.text)
    TIM_OC1PolarityConfig                    0x08001d47   Thumb Code    18  stm32f4xx_tim.o(.text)
    TIM_OC1NPolarityConfig                   0x08001d59   Thumb Code    18  stm32f4xx_tim.o(.text)
    TIM_OC2PolarityConfig                    0x08001d6b   Thumb Code    26  stm32f4xx_tim.o(.text)
    TIM_OC2NPolarityConfig                   0x08001d85   Thumb Code    26  stm32f4xx_tim.o(.text)
    TIM_OC3PolarityConfig                    0x08001d9f   Thumb Code    26  stm32f4xx_tim.o(.text)
    TIM_OC3NPolarityConfig                   0x08001db9   Thumb Code    26  stm32f4xx_tim.o(.text)
    TIM_OC4PolarityConfig                    0x08001dd3   Thumb Code    26  stm32f4xx_tim.o(.text)
    TIM_CCxCmd                               0x08001ded   Thumb Code    30  stm32f4xx_tim.o(.text)
    TIM_CCxNCmd                              0x08001e0b   Thumb Code    30  stm32f4xx_tim.o(.text)
    TIM_SetIC4Prescaler                      0x08001e29   Thumb Code    26  stm32f4xx_tim.o(.text)
    TIM_SetIC3Prescaler                      0x08001e93   Thumb Code    18  stm32f4xx_tim.o(.text)
    TIM_SetIC2Prescaler                      0x08001eed   Thumb Code    26  stm32f4xx_tim.o(.text)
    TIM_SetIC1Prescaler                      0x08001f61   Thumb Code    18  stm32f4xx_tim.o(.text)
    TIM_ICInit                               0x08001fad   Thumb Code   110  stm32f4xx_tim.o(.text)
    TIM_ICStructInit                         0x0800201b   Thumb Code    18  stm32f4xx_tim.o(.text)
    TIM_PWMIConfig                           0x0800202d   Thumb Code   124  stm32f4xx_tim.o(.text)
    TIM_GetCapture1                          0x080020a9   Thumb Code     6  stm32f4xx_tim.o(.text)
    TIM_GetCapture2                          0x080020af   Thumb Code     6  stm32f4xx_tim.o(.text)
    TIM_GetCapture3                          0x080020b5   Thumb Code     6  stm32f4xx_tim.o(.text)
    TIM_GetCapture4                          0x080020bb   Thumb Code     6  stm32f4xx_tim.o(.text)
    TIM_BDTRConfig                           0x080020c1   Thumb Code    32  stm32f4xx_tim.o(.text)
    TIM_BDTRStructInit                       0x080020e1   Thumb Code    18  stm32f4xx_tim.o(.text)
    TIM_CtrlPWMOutputs                       0x080020f3   Thumb Code    30  stm32f4xx_tim.o(.text)
    TIM_SelectCOM                            0x08002111   Thumb Code    24  stm32f4xx_tim.o(.text)
    TIM_CCPreloadControl                     0x08002129   Thumb Code    24  stm32f4xx_tim.o(.text)
    TIM_ITConfig                             0x08002141   Thumb Code    18  stm32f4xx_tim.o(.text)
    TIM_GenerateEvent                        0x08002153   Thumb Code     4  stm32f4xx_tim.o(.text)
    TIM_GetFlagStatus                        0x08002157   Thumb Code    18  stm32f4xx_tim.o(.text)
    TIM_ClearFlag                            0x08002169   Thumb Code     6  stm32f4xx_tim.o(.text)
    TIM_GetITStatus                          0x0800216f   Thumb Code    34  stm32f4xx_tim.o(.text)
    TIM_ClearITPendingBit                    0x08002191   Thumb Code     6  stm32f4xx_tim.o(.text)
    TIM_DMAConfig                            0x08002197   Thumb Code    10  stm32f4xx_tim.o(.text)
    TIM_DMACmd                               0x080021a1   Thumb Code    18  stm32f4xx_tim.o(.text)
    TIM_SelectCCDMA                          0x080021b3   Thumb Code    24  stm32f4xx_tim.o(.text)
    TIM_InternalClockConfig                  0x080021cb   Thumb Code    12  stm32f4xx_tim.o(.text)
    TIM_SelectInputTrigger                   0x080021d7   Thumb Code    18  stm32f4xx_tim.o(.text)
    TIM_ITRxExternalClockConfig              0x080021e9   Thumb Code    24  stm32f4xx_tim.o(.text)
    TIM_TIxExternalClockConfig               0x08002201   Thumb Code    62  stm32f4xx_tim.o(.text)
    TIM_ETRConfig                            0x0800223f   Thumb Code    28  stm32f4xx_tim.o(.text)
    TIM_ETRClockMode1Config                  0x0800225b   Thumb Code    54  stm32f4xx_tim.o(.text)
    TIM_ETRClockMode2Config                  0x08002291   Thumb Code    32  stm32f4xx_tim.o(.text)
    TIM_SelectOutputTrigger                  0x080022b1   Thumb Code    18  stm32f4xx_tim.o(.text)
    TIM_SelectSlaveMode                      0x080022c3   Thumb Code    18  stm32f4xx_tim.o(.text)
    TIM_SelectMasterSlaveMode                0x080022d5   Thumb Code    18  stm32f4xx_tim.o(.text)
    TIM_EncoderInterfaceConfig               0x080022e7   Thumb Code    66  stm32f4xx_tim.o(.text)
    TIM_SelectHallSensor                     0x08002329   Thumb Code    24  stm32f4xx_tim.o(.text)
    TIM_RemapConfig                          0x08002341   Thumb Code     6  stm32f4xx_tim.o(.text)
    USART_DeInit                             0x08002349   Thumb Code   206  stm32f4xx_usart.o(.text)
    USART_Init                               0x08002417   Thumb Code   204  stm32f4xx_usart.o(.text)
    USART_StructInit                         0x080024e3   Thumb Code    24  stm32f4xx_usart.o(.text)
    USART_ClockInit                          0x080024fb   Thumb Code    32  stm32f4xx_usart.o(.text)
    USART_ClockStructInit                    0x0800251b   Thumb Code    12  stm32f4xx_usart.o(.text)
    USART_Cmd                                0x08002527   Thumb Code    24  stm32f4xx_usart.o(.text)
    USART_SetPrescaler                       0x0800253f   Thumb Code    16  stm32f4xx_usart.o(.text)
    USART_OverSampling8Cmd                   0x0800254f   Thumb Code    22  stm32f4xx_usart.o(.text)
    USART_OneBitMethodCmd                    0x08002565   Thumb Code    24  stm32f4xx_usart.o(.text)
    USART_SendData                           0x0800257d   Thumb Code     8  stm32f4xx_usart.o(.text)
    USART_ReceiveData                        0x08002585   Thumb Code    10  stm32f4xx_usart.o(.text)
    USART_SetAddress                         0x0800258f   Thumb Code    18  stm32f4xx_usart.o(.text)
    USART_ReceiverWakeUpCmd                  0x080025a1   Thumb Code    24  stm32f4xx_usart.o(.text)
    USART_WakeUpConfig                       0x080025b9   Thumb Code    18  stm32f4xx_usart.o(.text)
    USART_LINBreakDetectLengthConfig         0x080025cb   Thumb Code    18  stm32f4xx_usart.o(.text)
    USART_LINCmd                             0x080025dd   Thumb Code    24  stm32f4xx_usart.o(.text)
    USART_SendBreak                          0x080025f5   Thumb Code    10  stm32f4xx_usart.o(.text)
    USART_HalfDuplexCmd                      0x080025ff   Thumb Code    24  stm32f4xx_usart.o(.text)
    USART_SetGuardTime                       0x08002617   Thumb Code    16  stm32f4xx_usart.o(.text)
    USART_SmartCardCmd                       0x08002627   Thumb Code    24  stm32f4xx_usart.o(.text)
    USART_SmartCardNACKCmd                   0x0800263f   Thumb Code    24  stm32f4xx_usart.o(.text)
    USART_IrDAConfig                         0x08002657   Thumb Code    18  stm32f4xx_usart.o(.text)
    USART_IrDACmd                            0x08002669   Thumb Code    24  stm32f4xx_usart.o(.text)
    USART_DMACmd                             0x08002681   Thumb Code    18  stm32f4xx_usart.o(.text)
    USART_ITConfig                           0x08002693   Thumb Code    74  stm32f4xx_usart.o(.text)
    USART_GetFlagStatus                      0x080026dd   Thumb Code    26  stm32f4xx_usart.o(.text)
    USART_ClearFlag                          0x080026f7   Thumb Code    18  stm32f4xx_usart.o(.text)
    USART_GetITStatus                        0x08002709   Thumb Code   118  stm32f4xx_usart.o(.text)
    USART_ClearITPendingBit                  0x0800277f   Thumb Code    30  stm32f4xx_usart.o(.text)
    GPIO_group_OUT                           0x0800279d   Thumb Code   454  common.o(.text)
    GPIO_bits_OUT                            0x08002963   Thumb Code    92  common.o(.text)
    delay_init                               0x080029bf   Thumb Code    56  common.o(.text)
    delay_us                                 0x080029f7   Thumb Code    86  common.o(.text)
    SysTick_Handler                          0x08002a4d   Thumb Code    16  common.o(.text)
    OS_TaskStatStkChk                        0x08002a61   Thumb Code    54  os_core.o(.text)
    OS_TaskStat                              0x08002a97   Thumb Code   116  os_core.o(.text)
    OS_TaskIdle                              0x08002b3f   Thumb Code    34  os_core.o(.text)
    OS_MemClr                                0x08002b95   Thumb Code    18  os_core.o(.text)
    OSInit                                   0x08002cb3   Thumb Code    44  os_core.o(.text)
    OSIntEnter                               0x08002cdf   Thumb Code    28  os_core.o(.text)
    OSIntExit                                0x08002d15   Thumb Code   112  os_core.o(.text)
    OSSchedLock                              0x08002d85   Thumb Code    50  os_core.o(.text)
    OS_Sched                                 0x08002db7   Thumb Code    88  os_core.o(.text)
    OSSchedUnlock                            0x08002e0f   Thumb Code   238  os_core.o(.text)
    OSStart                                  0x08002efd   Thumb Code    48  os_core.o(.text)
    OSStatInit                               0x08002f2d   Thumb Code    62  os_core.o(.text)
    OSTimeTick                               0x08002f6b   Thumb Code   210  os_core.o(.text)
    OSVersion                                0x0800303d   Thumb Code     6  os_core.o(.text)
    OS_Dummy                                 0x08003043   Thumb Code     2  os_core.o(.text)
    OS_EventTaskRemove                       0x08003045   Thumb Code    42  os_core.o(.text)
    OS_EventTaskRdy                          0x0800306f   Thumb Code   114  os_core.o(.text)
    OS_EventTaskWait                         0x080030e1   Thumb Code   112  os_core.o(.text)
    OS_EventWaitListInit                     0x08003151   Thumb Code    28  os_core.o(.text)
    OS_MemCopy                               0x0800316d   Thumb Code    20  os_core.o(.text)
    OS_StrLen                                0x08003181   Thumb Code    20  os_core.o(.text)
    OS_TCBInit                               0x08003195   Thumb Code   280  os_core.o(.text)
    OSFlagAccept                             0x080032f1   Thumb Code   252  os_flag.o(.text)
    OSFlagCreate                             0x080033ed   Thumb Code    86  os_flag.o(.text)
    OS_FlagUnlink                            0x08003443   Thumb Code    36  os_flag.o(.text)
    OSFlagDel                                0x080034b9   Thumb Code   214  os_flag.o(.text)
    OSFlagNameGet                            0x0800358f   Thumb Code    80  os_flag.o(.text)
    OSFlagNameSet                            0x080035df   Thumb Code    66  os_flag.o(.text)
    OSFlagPend                               0x080036b9   Thumb Code   614  os_flag.o(.text)
    OSFlagPendGetFlagsRdy                    0x0800391f   Thumb Code    26  os_flag.o(.text)
    OSFlagPost                               0x08003939   Thumb Code   312  os_flag.o(.text)
    OSFlagQuery                              0x08003a71   Thumb Code    48  os_flag.o(.text)
    OS_FlagInit                              0x08003aa1   Thumb Code    78  os_flag.o(.text)
    OSQAccept                                0x08003afd   Thumb Code    88  os_q.o(.text)
    OSQCreate                                0x08003b55   Thumb Code   140  os_q.o(.text)
    OSQDel                                   0x08003be1   Thumb Code   236  os_q.o(.text)
    OSQFlush                                 0x08003ccd   Thumb Code    36  os_q.o(.text)
    OSQPend                                  0x08003cf1   Thumb Code   272  os_q.o(.text)
    OSQPendAbort                             0x08003e01   Thumb Code   128  os_q.o(.text)
    OSQPost                                  0x08003e81   Thumb Code   114  os_q.o(.text)
    OSQPostFront                             0x08003ef3   Thumb Code   136  os_q.o(.text)
    OSQPostOpt                               0x08003f7b   Thumb Code   182  os_q.o(.text)
    OSQQuery                                 0x08004031   Thumb Code    98  os_q.o(.text)
    OS_QInit                                 0x08004093   Thumb Code    72  os_q.o(.text)
    OSTaskChangePrio                         0x080040e5   Thumb Code   308  os_task.o(.text)
    OSTaskCreate                             0x08004219   Thumb Code   148  os_task.o(.text)
    OS_TaskStkClr                            0x080042ad   Thumb Code    26  os_task.o(.text)
    OSTaskCreateExt                          0x080042c7   Thumb Code   170  os_task.o(.text)
    OSTaskDel                                0x08004371   Thumb Code   294  os_task.o(.text)
    OSTaskDelReq                             0x08004497   Thumb Code   144  os_task.o(.text)
    OSTaskNameGet                            0x08004527   Thumb Code   114  os_task.o(.text)
    OSTaskNameSet                            0x08004599   Thumb Code    98  os_task.o(.text)
    OSTaskResume                             0x080045fb   Thumb Code   154  os_task.o(.text)
    OSTaskStkChk                             0x08004695   Thumb Code   132  os_task.o(.text)
    OSTaskSuspend                            0x08004719   Thumb Code   152  os_task.o(.text)
    OSTaskQuery                              0x080047b1   Thumb Code    82  os_task.o(.text)
    OSTaskRegGet                             0x08004803   Thumb Code    60  os_task.o(.text)
    OSTaskRegSet                             0x0800483f   Thumb Code    62  os_task.o(.text)
    OS_TaskReturn                            0x0800487d   Thumb Code    18  os_task.o(.text)
    OSTimeDly                                0x080048a9   Thumb Code   100  os_time.o(.text)
    OSTimeDlyHMSM                            0x0800490d   Thumb Code    86  os_time.o(.text)
    OSTimeDlyResume                          0x08004963   Thumb Code   168  os_time.o(.text)
    OSTimeGet                                0x08004a0b   Thumb Code    24  os_time.o(.text)
    OSTimeSet                                0x08004a23   Thumb Code    24  os_time.o(.text)
    OSInitHookBegin                          0x08004a59   Thumb Code     2  os_cpu_c.o(.text)
    OSInitHookEnd                            0x08004a5b   Thumb Code     2  os_cpu_c.o(.text)
    OSTaskCreateHook                         0x08004a5d   Thumb Code     2  os_cpu_c.o(.text)
    OSTaskDelHook                            0x08004a5f   Thumb Code     2  os_cpu_c.o(.text)
    OSTaskIdleHook                           0x08004a61   Thumb Code     2  os_cpu_c.o(.text)
    OSTaskStatHook                           0x08004a63   Thumb Code     2  os_cpu_c.o(.text)
    OSTaskStkInit                            0x08004a65   Thumb Code   426  os_cpu_c.o(.text)
    OSTaskSwHook                             0x08004c0f   Thumb Code     2  os_cpu_c.o(.text)
    OSTCBInitHook                            0x08004c11   Thumb Code     2  os_cpu_c.o(.text)
    OSTimeTickHook                           0x08004c13   Thumb Code     2  os_cpu_c.o(.text)
    OSTaskReturnHook                         0x08004c15   Thumb Code     2  os_cpu_c.o(.text)
    OS_CPU_SR_Save                           0x08004c1d   Thumb Code     0  os_cpu_a.o(.text)
    OS_CPU_SR_Restore                        0x08004c25   Thumb Code     0  os_cpu_a.o(.text)
    OSStartHighRdy                           0x08004c2b   Thumb Code     0  os_cpu_a.o(.text)
    OSCtxSw                                  0x08004c4f   Thumb Code     0  os_cpu_a.o(.text)
    OSIntCtxSw                               0x08004c5d   Thumb Code     0  os_cpu_a.o(.text)
    PendSV_Handler                           0x08004c6d   Thumb Code     0  os_cpu_a.o(.text)
    __2sprintf                               0x08004ce5   Thumb Code    34  noretval__2sprintf.o(.text)
    __printf                                 0x08004d0d   Thumb Code   104  __printf.o(.text)
    _printf_int_dec                          0x08004d75   Thumb Code   104  _printf_dec.o(.text)
    strlen                                   0x08004ded   Thumb Code    62  strlen.o(.text)
    __aeabi_memset                           0x08004e2b   Thumb Code    16  aeabi_memset.o(.text)
    strcmp                                   0x08004e3d   Thumb Code   128  strcmpv7m.o(.text)
    __use_two_region_memory                  0x08004ebd   Thumb Code     2  heapauxi.o(.text)
    __rt_heap_escrow$2region                 0x08004ebf   Thumb Code     2  heapauxi.o(.text)
    __rt_heap_expand$2region                 0x08004ec1   Thumb Code     2  heapauxi.o(.text)
    _printf_int_common                       0x08004ec3   Thumb Code   178  _printf_intcommon.o(.text)
    __lib_sel_fp_printf                      0x08004f75   Thumb Code     2  _printf_fp_dec.o(.text)
    _printf_fp_dec_real                      0x08005123   Thumb Code   620  _printf_fp_dec.o(.text)
    _printf_char_common                      0x0800539b   Thumb Code    32  _printf_char_common.o(.text)
    _sputc                                   0x080053c1   Thumb Code    10  _sputc.o(.text)
    __aeabi_memclr                           0x080053cb   Thumb Code     0  rt_memclr.o(.text)
    __rt_memclr                              0x080053cb   Thumb Code    68  rt_memclr.o(.text)
    _memset                                  0x080053cf   Thumb Code     0  rt_memclr.o(.text)
    __rt_locale                              0x08005411   Thumb Code     8  rt_locale_intlibspace.o(.text)
    _ll_udiv10                               0x08005419   Thumb Code   138  lludiv10.o(.text)
    _printf_fp_infnan                        0x080054a5   Thumb Code   112  _printf_fp_infnan.o(.text)
    _btod_etento                             0x08005525   Thumb Code   216  bigflt0.o(.text)
    __aeabi_memclr4                          0x08005601   Thumb Code     0  rt_memclr_w.o(.text)
    __aeabi_memclr8                          0x08005601   Thumb Code     0  rt_memclr_w.o(.text)
    __rt_memclr_w                            0x08005601   Thumb Code    78  rt_memclr_w.o(.text)
    _memset_w                                0x08005605   Thumb Code     0  rt_memclr_w.o(.text)
    __user_libspace                          0x08005651   Thumb Code     8  libspace.o(.text)
    __user_perproc_libspace                  0x08005651   Thumb Code     0  libspace.o(.text)
    __user_perthread_libspace                0x08005651   Thumb Code     0  libspace.o(.text)
    __user_setup_stackheap                   0x08005659   Thumb Code    74  sys_stackheap_outer.o(.text)
    exit                                     0x080056a3   Thumb Code    12  exit.o(.text)
    _sys_exit                                0x080056b1   Thumb Code     8  sys_exit.o(.text)
    __I$use$semihosting                      0x080056bd   Thumb Code     0  use_no_semi.o(.text)
    __use_no_semihosting_swi                 0x080056bd   Thumb Code     2  use_no_semi.o(.text)
    __semihosting_library_function           0x080056bf   Thumb Code     0  indicate_semi.o(.text)
    _btod_d2e                                0x080056bf   Thumb Code    62  btod.o(CL$$btod_d2e)
    _d2e_denorm_low                          0x080056fd   Thumb Code    70  btod.o(CL$$btod_d2e_denorm_low)
    _d2e_norm_op1                            0x08005743   Thumb Code    96  btod.o(CL$$btod_d2e_norm_op1)
    __btod_div_common                        0x080057a3   Thumb Code   696  btod.o(CL$$btod_div_common)
    _e2e                                     0x08005adb   Thumb Code   198  btod.o(CL$$btod_e2e)
    _btod_ediv                               0x08005ba1   Thumb Code    40  btod.o(CL$$btod_ediv)
    _btod_emul                               0x08005bc9   Thumb Code    40  btod.o(CL$$btod_emul)
    __btod_mult_common                       0x08005bf1   Thumb Code   580  btod.o(CL$$btod_mult_common)
    __ARM_fpclassify                         0x08005e35   Thumb Code    48  fpclassify.o(i.__ARM_fpclassify)
    _get_lc_numeric                          0x08005e65   Thumb Code    44  lc_numeric_c.o(locale$$code)
    __aeabi_d2f                              0x08005e91   Thumb Code     0  d2f.o(x$fpl$d2f)
    _d2f                                     0x08005e91   Thumb Code    98  d2f.o(x$fpl$d2f)
    __aeabi_ddiv                             0x08005ef5   Thumb Code     0  ddiv.o(x$fpl$ddiv)
    _ddiv                                    0x08005ef5   Thumb Code   552  ddiv.o(x$fpl$ddiv)
    __aeabi_i2d                              0x080061a5   Thumb Code     0  dflt_clz.o(x$fpl$dflt)
    _dflt                                    0x080061a5   Thumb Code    46  dflt_clz.o(x$fpl$dflt)
    __aeabi_dmul                             0x080061d5   Thumb Code     0  dmul.o(x$fpl$dmul)
    _dmul                                    0x080061d5   Thumb Code   332  dmul.o(x$fpl$dmul)
    __fpl_dnaninf                            0x08006329   Thumb Code   156  dnaninf.o(x$fpl$dnaninf)
    __fpl_dretinf                            0x080063c5   Thumb Code    12  dretinf.o(x$fpl$dretinf)
    __aeabi_f2d                              0x080063d1   Thumb Code     0  f2d.o(x$fpl$f2d)
    _f2d                                     0x080063d1   Thumb Code    86  f2d.o(x$fpl$f2d)
    __fpl_fnaninf                            0x08006427   Thumb Code   140  fnaninf.o(x$fpl$fnaninf)
    _fp_init                                 0x080064b3   Thumb Code    10  fpinit.o(x$fpl$fpinit)
    __fplib_config_fpu_vfp                   0x080064bb   Thumb Code     0  fpinit.o(x$fpl$fpinit)
    __fplib_config_pureend_doubles           0x080064bb   Thumb Code     0  fpinit.o(x$fpl$fpinit)
    __fpl_fretinf                            0x080064bd   Thumb Code    10  fretinf.o(x$fpl$fretinf)
    _printf_fp_dec                           0x080064c7   Thumb Code     4  printf1.o(x$fpl$printf1)
    OSUnMapTbl                               0x080064ca   Data         256  os_core.o(.constdata)
    __I$use$fp                               0x080064ca   Number         0  usenofp.o(x$fpl$usenofp)
    Region$$Table$$Base                      0x08006660   Number         0  anon$$obj.o(Region$$Table)
    Region$$Table$$Limit                     0x08006680   Number         0  anon$$obj.o(Region$$Table)
    SystemCoreClock                          0x20000000   Data           4  system_stm32f4xx.o(.data)
    AHBPrescTable                            0x20000004   Data          16  system_stm32f4xx.o(.data)
    exp_num                                  0x20000018   Data           4  timer.o(.data)
    uart_byte_count                          0x2000001c   Data           1  usart.o(.data)
    OSCtxSwCtr                               0x20000030   Data           4  os_core.o(.data)
    OSEventFreeList                          0x20000034   Data           4  os_core.o(.data)
    OSFlagFreeList                           0x20000038   Data           4  os_core.o(.data)
    OSCPUUsage                               0x2000003c   Data           1  os_core.o(.data)
    OSIdleCtrMax                             0x20000040   Data           4  os_core.o(.data)
    OSIdleCtrRun                             0x20000044   Data           4  os_core.o(.data)
    OSStatRdy                                0x20000048   Data           1  os_core.o(.data)
    OSIntNesting                             0x20000049   Data           1  os_core.o(.data)
    OSLockNesting                            0x2000004a   Data           1  os_core.o(.data)
    OSPrioCur                                0x2000004b   Data           1  os_core.o(.data)
    OSPrioHighRdy                            0x2000004c   Data           1  os_core.o(.data)
    OSRdyGrp                                 0x2000004d   Data           1  os_core.o(.data)
    OSRdyTbl                                 0x2000004e   Data           8  os_core.o(.data)
    OSRunning                                0x20000056   Data           1  os_core.o(.data)
    OSTaskCtr                                0x20000057   Data           1  os_core.o(.data)
    OSIdleCtr                                0x20000058   Data           4  os_core.o(.data)
    OSTCBCur                                 0x2000005c   Data           4  os_core.o(.data)
    OSTCBFreeList                            0x20000060   Data           4  os_core.o(.data)
    OSTCBHighRdy                             0x20000064   Data           4  os_core.o(.data)
    OSTCBList                                0x20000068   Data           4  os_core.o(.data)
    OSTickStepState                          0x2000006c   Data           1  os_core.o(.data)
    OSQFreeList                              0x20000070   Data           4  os_core.o(.data)
    OSTime                                   0x20000074   Data           4  os_core.o(.data)
    LED0_TASK_STK                            0x20000078   Data         256  task.o(.bss)
    LED1_TASK_STK                            0x20000178   Data         256  task.o(.bss)
    SPEED_TASK_STK                           0x20000278   Data         256  task.o(.bss)
    receive_str                              0x20000378   Data         100  usart.o(.bss)
    OSEventTbl                               0x200003dc   Data         200  os_core.o(.bss)
    OSFlagTbl                                0x200004a4   Data          80  os_core.o(.bss)
    OSTaskStatStk                            0x200004f4   Data         512  os_core.o(.bss)
    OSTaskIdleStk                            0x200006f4   Data         512  os_core.o(.bss)
    OSTCBPrioTbl                             0x200008f4   Data         256  os_core.o(.bss)
    OSTCBTbl                                 0x200009f4   Data        1008  os_core.o(.bss)
    OSQTbl                                   0x20000de4   Data         120  os_core.o(.bss)
    __libspace_start                         0x20000e5c   Data          96  libspace.o(.bss)
    __temporary_stack_top$libspace           0x20000ebc   Data           0  libspace.o(.bss)



==============================================================================

Memory Map of the image

  Image Entry point : 0x08000189

  Load Region LR_IROM1 (Base: 0x08000000, Size: 0x00006714, Max: 0x00100000, ABSOLUTE)

    Execution Region ER_IROM1 (Base: 0x08000000, Size: 0x0000669c, Max: 0x00100000, ABSOLUTE)

    Base Addr    Size         Type   Attr      Idx    E Section Name        Object

    0x08000000   0x00000188   Data   RO          194    RESET               startup_stm32f40_41xxx.o
    0x08000188   0x00000008   Code   RO         1396  * !!!main             c_w.l(__main.o)
    0x08000190   0x00000034   Code   RO         1635    !!!scatter          c_w.l(__scatter.o)
    0x080001c4   0x0000001a   Code   RO         1637    !!handler_copy      c_w.l(__scatter_copy.o)
    0x080001de   0x00000002   PAD
    0x080001e0   0x0000001c   Code   RO         1639    !!handler_zi        c_w.l(__scatter_zi.o)
    0x080001fc   0x00000000   Code   RO         1387    .ARM.Collect$$_printf_percent$$00000000  c_w.l(_printf_percent.o)
    0x080001fc   0x00000006   Code   RO         1386    .ARM.Collect$$_printf_percent$$00000003  c_w.l(_printf_f.o)
    0x08000202   0x00000006   Code   RO         1385    .ARM.Collect$$_printf_percent$$00000009  c_w.l(_printf_d.o)
    0x08000208   0x00000004   Code   RO         1425    .ARM.Collect$$_printf_percent$$00000017  c_w.l(_printf_percent_end.o)
    0x0800020c   0x00000002   Code   RO         1509    .ARM.Collect$$libinit$$00000000  c_w.l(libinit.o)
    0x0800020e   0x00000004   Code   RO         1510    .ARM.Collect$$libinit$$00000001  c_w.l(libinit2.o)
    0x08000212   0x00000000   Code   RO         1513    .ARM.Collect$$libinit$$00000004  c_w.l(libinit2.o)
    0x08000212   0x00000000   Code   RO         1516    .ARM.Collect$$libinit$$0000000A  c_w.l(libinit2.o)
    0x08000212   0x00000000   Code   RO         1518    .ARM.Collect$$libinit$$0000000C  c_w.l(libinit2.o)
    0x08000212   0x00000000   Code   RO         1520    .ARM.Collect$$libinit$$0000000E  c_w.l(libinit2.o)
    0x08000212   0x00000006   Code   RO         1521    .ARM.Collect$$libinit$$0000000F  c_w.l(libinit2.o)
    0x08000218   0x00000000   Code   RO         1523    .ARM.Collect$$libinit$$00000011  c_w.l(libinit2.o)
    0x08000218   0x00000000   Code   RO         1525    .ARM.Collect$$libinit$$00000013  c_w.l(libinit2.o)
    0x08000218   0x00000000   Code   RO         1527    .ARM.Collect$$libinit$$00000015  c_w.l(libinit2.o)
    0x08000218   0x0000000a   Code   RO         1528    .ARM.Collect$$libinit$$00000016  c_w.l(libinit2.o)
    0x08000222   0x00000000   Code   RO         1529    .ARM.Collect$$libinit$$00000017  c_w.l(libinit2.o)
    0x08000222   0x00000000   Code   RO         1531    .ARM.Collect$$libinit$$00000019  c_w.l(libinit2.o)
    0x08000222   0x00000000   Code   RO         1533    .ARM.Collect$$libinit$$0000001B  c_w.l(libinit2.o)
    0x08000222   0x00000000   Code   RO         1535    .ARM.Collect$$libinit$$0000001D  c_w.l(libinit2.o)
    0x08000222   0x00000000   Code   RO         1537    .ARM.Collect$$libinit$$0000001F  c_w.l(libinit2.o)
    0x08000222   0x00000000   Code   RO         1539    .ARM.Collect$$libinit$$00000021  c_w.l(libinit2.o)
    0x08000222   0x00000000   Code   RO         1541    .ARM.Collect$$libinit$$00000023  c_w.l(libinit2.o)
    0x08000222   0x00000000   Code   RO         1543    .ARM.Collect$$libinit$$00000025  c_w.l(libinit2.o)
    0x08000222   0x00000000   Code   RO         1547    .ARM.Collect$$libinit$$0000002C  c_w.l(libinit2.o)
    0x08000222   0x00000000   Code   RO         1549    .ARM.Collect$$libinit$$0000002E  c_w.l(libinit2.o)
    0x08000222   0x00000000   Code   RO         1551    .ARM.Collect$$libinit$$00000030  c_w.l(libinit2.o)
    0x08000222   0x00000000   Code   RO         1553    .ARM.Collect$$libinit$$00000032  c_w.l(libinit2.o)
    0x08000222   0x00000002   Code   RO         1554    .ARM.Collect$$libinit$$00000033  c_w.l(libinit2.o)
    0x08000224   0x00000002   Code   RO         1584    .ARM.Collect$$libshutdown$$00000000  c_w.l(libshutdown.o)
    0x08000226   0x00000000   Code   RO         1596    .ARM.Collect$$libshutdown$$00000003  c_w.l(libshutdown2.o)
    0x08000226   0x00000000   Code   RO         1599    .ARM.Collect$$libshutdown$$00000006  c_w.l(libshutdown2.o)
    0x08000226   0x00000000   Code   RO         1602    .ARM.Collect$$libshutdown$$00000009  c_w.l(libshutdown2.o)
    0x08000226   0x00000000   Code   RO         1604    .ARM.Collect$$libshutdown$$0000000B  c_w.l(libshutdown2.o)
    0x08000226   0x00000000   Code   RO         1607    .ARM.Collect$$libshutdown$$0000000E  c_w.l(libshutdown2.o)
    0x08000226   0x00000002   Code   RO         1608    .ARM.Collect$$libshutdown$$0000000F  c_w.l(libshutdown2.o)
    0x08000228   0x00000000   Code   RO         1416    .ARM.Collect$$rtentry$$00000000  c_w.l(__rtentry.o)
    0x08000228   0x00000000   Code   RO         1438    .ARM.Collect$$rtentry$$00000002  c_w.l(__rtentry2.o)
    0x08000228   0x00000006   Code   RO         1450    .ARM.Collect$$rtentry$$00000004  c_w.l(__rtentry4.o)
    0x0800022e   0x00000000   Code   RO         1440    .ARM.Collect$$rtentry$$00000009  c_w.l(__rtentry2.o)
    0x0800022e   0x00000004   Code   RO         1441    .ARM.Collect$$rtentry$$0000000A  c_w.l(__rtentry2.o)
    0x08000232   0x00000000   Code   RO         1443    .ARM.Collect$$rtentry$$0000000C  c_w.l(__rtentry2.o)
    0x08000232   0x00000008   Code   RO         1444    .ARM.Collect$$rtentry$$0000000D  c_w.l(__rtentry2.o)
    0x0800023a   0x00000002   Code   RO         1555    .ARM.Collect$$rtexit$$00000000  c_w.l(rtexit.o)
    0x0800023c   0x00000000   Code   RO         1562    .ARM.Collect$$rtexit$$00000002  c_w.l(rtexit2.o)
    0x0800023c   0x00000004   Code   RO         1563    .ARM.Collect$$rtexit$$00000003  c_w.l(rtexit2.o)
    0x08000240   0x00000006   Code   RO         1564    .ARM.Collect$$rtexit$$00000004  c_w.l(rtexit2.o)
    0x08000246   0x00000002   PAD
    0x08000248   0x00000060   Code   RO            3    .text               main.o
    0x080002a8   0x00000016   Code   RO          171    .text               stm32f4xx_it.o
    0x080002be   0x00000002   PAD
    0x080002c0   0x00000040   Code   RO          195    .text               startup_stm32f40_41xxx.o
    0x08000300   0x00000210   Code   RO          201    .text               system_stm32f4xx.o
    0x08000510   0x00000058   Code   RO          227    .text               led.o
    0x08000568   0x000000a4   Code   RO          247    .text               task.o
    0x0800060c   0x000000f8   Code   RO          286    .text               key.o
    0x08000704   0x000001d0   Code   RO          307    .text               exti.o
    0x080008d4   0x00000094   Code   RO          328    .text               timer.o
    0x08000968   0x000001c8   Code   RO          355    .text               usart.o
    0x08000b30   0x000000e0   Code   RO          382    .text               misc.o
    0x08000c10   0x00000294   Code   RO          402    .text               stm32f4xx_gpio.o
    0x08000ea4   0x0000065c   Code   RO          422    .text               stm32f4xx_rcc.o
    0x08001500   0x00000110   Code   RO          687    .text               stm32f4xx_exti.o
    0x08001610   0x00000094   Code   RO         1019    .text               stm32f4xx_syscfg.o
    0x080016a4   0x00000ca2   Code   RO         1039    .text               stm32f4xx_tim.o
    0x08002346   0x00000002   PAD
    0x08002348   0x00000454   Code   RO         1059    .text               stm32f4xx_usart.o
    0x0800279c   0x000002c4   Code   RO         1100    .text               common.o
    0x08002a60   0x00000890   Code   RO         1125    .text               os_core.o
    0x080032f0   0x0000080c   Code   RO         1153    .text               os_flag.o
    0x08003afc   0x000005e8   Code   RO         1227    .text               os_q.o
    0x080040e4   0x000007c4   Code   RO         1267    .text               os_task.o
    0x080048a8   0x000001b0   Code   RO         1287    .text               os_time.o
    0x08004a58   0x000001c4   Code   RO         1321    .text               os_cpu_c.o
    0x08004c1c   0x000000c8   Code   RO         1352    .text               os_cpu_a.o
    0x08004ce4   0x00000028   Code   RO         1359    .text               c_w.l(noretval__2sprintf.o)
    0x08004d0c   0x00000068   Code   RO         1361    .text               c_w.l(__printf.o)
    0x08004d74   0x00000078   Code   RO         1363    .text               c_w.l(_printf_dec.o)
    0x08004dec   0x0000003e   Code   RO         1388    .text               c_w.l(strlen.o)
    0x08004e2a   0x00000010   Code   RO         1390    .text               c_w.l(aeabi_memset.o)
    0x08004e3a   0x00000002   PAD
    0x08004e3c   0x00000080   Code   RO         1392    .text               c_w.l(strcmpv7m.o)
    0x08004ebc   0x00000006   Code   RO         1394    .text               c_w.l(heapauxi.o)
    0x08004ec2   0x000000b2   Code   RO         1417    .text               c_w.l(_printf_intcommon.o)
    0x08004f74   0x0000041a   Code   RO         1419    .text               c_w.l(_printf_fp_dec.o)
    0x0800538e   0x00000002   PAD
    0x08005390   0x00000030   Code   RO         1421    .text               c_w.l(_printf_char_common.o)
    0x080053c0   0x0000000a   Code   RO         1423    .text               c_w.l(_sputc.o)
    0x080053ca   0x00000044   Code   RO         1426    .text               c_w.l(rt_memclr.o)
    0x0800540e   0x00000002   PAD
    0x08005410   0x00000008   Code   RO         1455    .text               c_w.l(rt_locale_intlibspace.o)
    0x08005418   0x0000008a   Code   RO         1457    .text               c_w.l(lludiv10.o)
    0x080054a2   0x00000002   PAD
    0x080054a4   0x00000080   Code   RO         1459    .text               c_w.l(_printf_fp_infnan.o)
    0x08005524   0x000000dc   Code   RO         1463    .text               c_w.l(bigflt0.o)
    0x08005600   0x0000004e   Code   RO         1491    .text               c_w.l(rt_memclr_w.o)
    0x0800564e   0x00000002   PAD
    0x08005650   0x00000008   Code   RO         1497    .text               c_w.l(libspace.o)
    0x08005658   0x0000004a   Code   RO         1500    .text               c_w.l(sys_stackheap_outer.o)
    0x080056a2   0x0000000c   Code   RO         1502    .text               c_w.l(exit.o)
    0x080056ae   0x00000002   PAD
    0x080056b0   0x0000000c   Code   RO         1574    .text               c_w.l(sys_exit.o)
    0x080056bc   0x00000002   Code   RO         1585    .text               c_w.l(use_no_semi.o)
    0x080056be   0x00000000   Code   RO         1587    .text               c_w.l(indicate_semi.o)
    0x080056be   0x0000003e   Code   RO         1466    CL$$btod_d2e        c_w.l(btod.o)
    0x080056fc   0x00000046   Code   RO         1468    CL$$btod_d2e_denorm_low  c_w.l(btod.o)
    0x08005742   0x00000060   Code   RO         1467    CL$$btod_d2e_norm_op1  c_w.l(btod.o)
    0x080057a2   0x00000338   Code   RO         1476    CL$$btod_div_common  c_w.l(btod.o)
    0x08005ada   0x000000c6   Code   RO         1473    CL$$btod_e2e        c_w.l(btod.o)
    0x08005ba0   0x00000028   Code   RO         1470    CL$$btod_ediv       c_w.l(btod.o)
    0x08005bc8   0x00000028   Code   RO         1469    CL$$btod_emul       c_w.l(btod.o)
    0x08005bf0   0x00000244   Code   RO         1475    CL$$btod_mult_common  c_w.l(btod.o)
    0x08005e34   0x00000030   Code   RO         1495    i.__ARM_fpclassify  m_wm.l(fpclassify.o)
    0x08005e64   0x0000002c   Code   RO         1489    locale$$code        c_w.l(lc_numeric_c.o)
    0x08005e90   0x00000062   Code   RO         1398    x$fpl$d2f           fz_wm.l(d2f.o)
    0x08005ef2   0x00000002   PAD
    0x08005ef4   0x000002b0   Code   RO         1401    x$fpl$ddiv          fz_wm.l(ddiv.o)
    0x080061a4   0x0000002e   Code   RO         1405    x$fpl$dflt          fz_wm.l(dflt_clz.o)
    0x080061d2   0x00000002   PAD
    0x080061d4   0x00000154   Code   RO         1410    x$fpl$dmul          fz_wm.l(dmul.o)
    0x08006328   0x0000009c   Code   RO         1428    x$fpl$dnaninf       fz_wm.l(dnaninf.o)
    0x080063c4   0x0000000c   Code   RO         1430    x$fpl$dretinf       fz_wm.l(dretinf.o)
    0x080063d0   0x00000056   Code   RO         1412    x$fpl$f2d           fz_wm.l(f2d.o)
    0x08006426   0x0000008c   Code   RO         1432    x$fpl$fnaninf       fz_wm.l(fnaninf.o)
    0x080064b2   0x0000000a   Code   RO         1559    x$fpl$fpinit        fz_wm.l(fpinit.o)
    0x080064bc   0x0000000a   Code   RO         1434    x$fpl$fretinf       fz_wm.l(fretinf.o)
    0x080064c6   0x00000004   Code   RO         1414    x$fpl$printf1       fz_wm.l(printf1.o)
    0x080064ca   0x00000000   Code   RO         1436    x$fpl$usenofp       fz_wm.l(usenofp.o)
    0x080064ca   0x00000100   Data   RO         1127    .constdata          os_core.o
    0x080065ca   0x00000002   PAD
    0x080065cc   0x00000094   Data   RO         1464    .constdata          c_w.l(bigflt0.o)
    0x08006660   0x00000020   Data   RO         1633    Region$$Table       anon$$obj.o
    0x08006680   0x0000001c   Data   RO         1488    locale$$data        c_w.l(lc_numeric_c.o)


    Execution Region RW_IRAM1 (Base: 0x20000000, Size: 0x000014c0, Max: 0x00020000, ABSOLUTE)

    Base Addr    Size         Type   Attr      Idx    E Section Name        Object

    0x20000000   0x00000014   Data   RW          202    .data               system_stm32f4xx.o
    0x20000014   0x00000001   Data   RW          287    .data               key.o
    0x20000015   0x00000003   PAD
    0x20000018   0x00000004   Data   RW          329    .data               timer.o
    0x2000001c   0x00000001   Data   RW          357    .data               usart.o
    0x2000001d   0x00000010   Data   RW          423    .data               stm32f4xx_rcc.o
    0x2000002d   0x00000001   Data   RW         1101    .data               common.o
    0x2000002e   0x00000002   PAD
    0x20000030   0x00000048   Data   RW         1128    .data               os_core.o
    0x20000078   0x00000300   Zero   RW          248    .bss                task.o
    0x20000378   0x00000064   Zero   RW          356    .bss                usart.o
    0x200003dc   0x00000a80   Zero   RW         1126    .bss                os_core.o
    0x20000e5c   0x00000060   Zero   RW         1498    .bss                c_w.l(libspace.o)
    0x20000ebc   0x00000004   PAD
    0x20000ec0   0x00000200   Zero   RW          193    HEAP                startup_stm32f40_41xxx.o
    0x200010c0   0x00000400   Zero   RW          192    STACK               startup_stm32f40_41xxx.o


==============================================================================

Image component sizes


      Code (inc. data)   RO Data    RW Data    ZI Data      Debug   Object Name

       708         36          0          1          0       2411   common.o
       464         86          0          0          0       1500   exti.o
       248         18          0          1          0        836   key.o
        88          8          0          0          0        523   led.o
        96         24          0          0          0     294700   main.o
       224         20          0          0          0       1841   misc.o
      2192        218        256         72       2688      15063   os_core.o
       200         32          0          0          0        316   os_cpu_a.o
       452          6          0          0          0      10562   os_cpu_c.o
      2060         42          0          0          0       6892   os_flag.o
      1512         30          0          0          0       5525   os_q.o
      1988         70          0          0          0       7549   os_task.o
       432         30          0          0          0       1802   os_time.o
        64         26        392          0       1536        848   startup_stm32f40_41xxx.o
       272         10          0          0          0       2287   stm32f4xx_exti.o
       660         44          0          0          0       4117   stm32f4xx_gpio.o
        22          0          0          0          0       1043   stm32f4xx_it.o
      1628         52          0         16          0      12904   stm32f4xx_rcc.o
       148         12          0          0          0       1853   stm32f4xx_syscfg.o
      3234         60          0          0          0      22320   stm32f4xx_tim.o
      1108         34          0          0          0       7816   stm32f4xx_usart.o
       528         46          0         20          0       1863   system_stm32f4xx.o
       164         22          0          0        768       1462   task.o
       148          8          0          4          0       2234   timer.o
       456         50          0          1        100       2392   usart.o

    ----------------------------------------------------------------------
     19100        984        682        120       5092     410659   Object Totals
         0          0         32          0          0          0   (incl. Generated)
         4          0          2          5          0          0   (incl. Padding)

    ----------------------------------------------------------------------

      Code (inc. data)   RO Data    RW Data    ZI Data      Debug   Library Member Name

         8          0          0          0          0         68   __main.o
       104          0          0          0          0         84   __printf.o
         0          0          0          0          0          0   __rtentry.o
        12          0          0          0          0          0   __rtentry2.o
         6          0          0          0          0          0   __rtentry4.o
        52          8          0          0          0          0   __scatter.o
        26          0          0          0          0          0   __scatter_copy.o
        28          0          0          0          0          0   __scatter_zi.o
        48          6          0          0          0         96   _printf_char_common.o
         6          0          0          0          0          0   _printf_d.o
       120         16          0          0          0         92   _printf_dec.o
         6          0          0          0          0          0   _printf_f.o
      1050          0          0          0          0        216   _printf_fp_dec.o
       128         16          0          0          0         84   _printf_fp_infnan.o
       178          0          0          0          0         88   _printf_intcommon.o
         0          0          0          0          0          0   _printf_percent.o
         4          0          0          0          0          0   _printf_percent_end.o
        10          0          0          0          0         68   _sputc.o
        16          0          0          0          0         68   aeabi_memset.o
       220          4        148          0          0         96   bigflt0.o
      1910        128          0          0          0        672   btod.o
        12          0          0          0          0         72   exit.o
         6          0          0          0          0        152   heapauxi.o
         0          0          0          0          0          0   indicate_semi.o
        44         10         28          0          0         76   lc_numeric_c.o
         2          0          0          0          0          0   libinit.o
        22          0          0          0          0          0   libinit2.o
         2          0          0          0          0          0   libshutdown.o
         2          0          0          0          0          0   libshutdown2.o
         8          4          0          0         96         68   libspace.o
       138          0          0          0          0         80   lludiv10.o
        40          6          0          0          0         84   noretval__2sprintf.o
         8          4          0          0          0         68   rt_locale_intlibspace.o
        68          0          0          0          0         68   rt_memclr.o
        78          0          0          0          0         80   rt_memclr_w.o
         2          0          0          0          0          0   rtexit.o
        10          0          0          0          0          0   rtexit2.o
       128          0          0          0          0         68   strcmpv7m.o
        62          0          0          0          0         76   strlen.o
        12          4          0          0          0         68   sys_exit.o
        74          0          0          0          0         80   sys_stackheap_outer.o
         2          0          0          0          0         68   use_no_semi.o
        98          4          0          0          0        140   d2f.o
       688        140          0          0          0        256   ddiv.o
        46          0          0          0          0        116   dflt_clz.o
       340         12          0          0          0        152   dmul.o
       156          4          0          0          0        140   dnaninf.o
        12          0          0          0          0        116   dretinf.o
        86          4          0          0          0        132   f2d.o
       140          4          0          0          0        132   fnaninf.o
        10          0          0          0          0        116   fpinit.o
        10          0          0          0          0        116   fretinf.o
         4          0          0          0          0        116   printf1.o
         0          0          0          0          0          0   usenofp.o
        48          0          0          0          0        124   fpclassify.o

    ----------------------------------------------------------------------
      6310        374        176          0        100       4396   Library Totals
        20          0          0          0          4          0   (incl. Padding)

    ----------------------------------------------------------------------

      Code (inc. data)   RO Data    RW Data    ZI Data      Debug   Library Name

      4652        206        176          0         96       2740   c_w.l
      1590        168          0          0          0       1532   fz_wm.l
        48          0          0          0          0        124   m_wm.l

    ----------------------------------------------------------------------
      6310        374        176          0        100       4396   Library Totals

    ----------------------------------------------------------------------

==============================================================================


      Code (inc. data)   RO Data    RW Data    ZI Data      Debug   

     25410       1358        858        120       5192     407647   Grand Totals
     25410       1358        858        120       5192     407647   ELF Image Totals
     25410       1358        858        120          0          0   ROM Totals

==============================================================================

    Total RO  Size (Code + RO Data)                26268 (  25.65kB)
    Total RW  Size (RW Data + ZI Data)              5312 (   5.19kB)
    Total ROM Size (Code + RO Data + RW Data)      26388 (  25.77kB)

==============================================================================

