<html>
<body>
<pre>
<h1>µVision Build Log</h1>
<h2>Tool Versions:</h2>
IDE-Version: ¦ÌVision V5.14.0.0
Copyright (C) 2015 ARM Ltd and ARM Germany GmbH. All rights reserved.
License Information: damon Microsoft, Microsoft, LIC=X1EVE-57BFY-48UFA-1ESYR-QP61Y-QPZV4
 
Tool Versions:
Toolchain:       MDK-ARM Professional  Version: 5.14.0.0
Toolchain Path:  C:\Keil_v5\ARM\ARMCC\Bin
C Compiler:      Armcc.exe V5.05 update 1 (build 106)
Assembler:       Armasm.exe V5.05 update 1 (build 106)
Linker/Locator:  ArmLink.exe V5.05 update 1 (build 106)
Library Manager: ArmAr.exe V5.05 update 1 (build 106)
Hex Converter:   FromElf.exe V5.05 update 1 (build 106)
CPU DLL:         SARMCM3.DLL V5.14.0.0
Dialog DLL:      DCM.DLL V1.13.1.0
Target DLL:      CMSIS_AGDI.dll V1.21.0.0
Dialog DLL:      TCM.DLL V1.14.4.0
 
<h2>Project:</h2>
D:\working\gitsrc\AutoMotor\USER\TEST.uvprojx
Project File Date:  01/27/2019

<h2>Output:</h2>
Build target 'Test'
compiling main.c...
main.c(355): warning:  #550-D: variable "temp" was set but never used
        short temp;                                     //ÎÂ¶È
main.c(380): warning:  #177-D: variable "ret" was declared but never referenced
        u8 ret = 0;
main.c(381): warning:  #177-D: variable "pitch" was declared but never referenced
        float pitch,roll,yaw;
main.c(381): warning:  #177-D: variable "roll" was declared but never referenced
        float pitch,roll,yaw;
main.c(381): warning:  #177-D: variable "yaw" was declared but never referenced
        float pitch,roll,yaw;
main.c(382): warning:  #177-D: variable "aacx" was declared but never referenced
        short aacx,aacy,aacz;
main.c(382): warning:  #177-D: variable "aacy" was declared but never referenced
        short aacx,aacy,aacz;
main.c(382): warning:  #177-D: variable "aacz" was declared but never referenced
        short aacx,aacy,aacz;
main.c(383): warning:  #177-D: variable "gyrox" was declared but never referenced
        short gyrox,gyroy,gyroz;
main.c(383): warning:  #177-D: variable "gyroy" was declared but never referenced
        short gyrox,gyroy,gyroz;
main.c(383): warning:  #177-D: variable "gyroz" was declared but never referenced
        short gyrox,gyroy,gyroz;
main.c(384): warning:  #177-D: variable "temp" was declared but never referenced
        short temp;
main.c(29): warning:  #177-D: variable "LOWER_TASK_STK" was declared but never referenced
  __align(8) static OS_STK LOWER_TASK_STK[LOWER_STK_SIZE];
main.c(34): warning:  #177-D: variable "USART_TASK_STK" was declared but never referenced
  __align(8) static OS_STK USART_TASK_STK[USART_STK_SIZE];
main.c(39): warning:  #177-D: variable "MAIN_TASK_STK" was declared but never referenced
  __align(8) static OS_STK MAIN_TASK_STK[MAIN_STK_SIZE];
main.c(44): warning:  #177-D: variable "HIGHER_TASK_STK" was declared but never referenced
  __align(8) static OS_STK HIGHER_TASK_STK[HIGHER_STK_SIZE];
main.c: 16 warnings, 0 errors
compiling common.c...
common.c(29): warning:  #167-D: argument of type "u8 *" is incompatible with parameter of type "char *restrict"
        strcpy(sys_env.svr_ip, "47.105.112.41");
common.c(30): warning:  #167-D: argument of type "u8 *" is incompatible with parameter of type "char *restrict"
        strcpy(sys_env.svr_apn, "CMNET");
common.c(31): warning:  #167-D: argument of type "u8 *" is incompatible with parameter of type "char *restrict"
        strcpy(sys_env.svr_port, "88");
common.c: 3 warnings, 0 errors
compiling delay.c...
compiling usart.c...
compiling timer.c...
..\HARDWARE\TIMER\timer.c(143): warning:  #177-D: variable "i" was declared but never referenced
                u8 i = 0;
..\HARDWARE\TIMER\timer.c: 1 warning, 0 errors
compiling usart3.c...
compiling sim900a.c...
compiling can2.c...
..\HARDWARE\CAN\can2.c(167): warning:  #177-D: variable "index" was declared but never referenced
                                u8 index = ((RxMessage.ExtId&0xFFFF)>>15) - 0x18B4;
..\HARDWARE\CAN\can2.c(169): warning:  #177-D: variable "index" was declared but never referenced
                                u8 index = ((RxMessage.ExtId&0xFFFF)>>15) - 0x18C8;
..\HARDWARE\CAN\can2.c: 2 warnings, 0 errors
compiling can1.c...
..\HARDWARE\CAN\can1.c(165): warning:  #63-D: shift count is too large
                        g_car_sta |= (1<<BIT_LEFT_DOOR);
..\HARDWARE\CAN\can1.c(166): warning:  #63-D: shift count is too large
                        g_car_sta |= (1<<BIT_RIGHT_DOOR);
..\HARDWARE\CAN\can1.c(169): warning:  #63-D: shift count is too large
                        g_car_sta &= ~(1<<BIT_LEFT_DOOR);
..\HARDWARE\CAN\can1.c(170): warning:  #63-D: shift count is too large
                        g_car_sta &= ~(1<<BIT_RIGHT_DOOR);
..\HARDWARE\CAN\can1.c: 4 warnings, 0 errors
compiling usart5.c...
compiling vs10xx.c...
compiling rtc.c...
..\HARDWARE\RTC\rtc.c(134): warning:  #167-D: argument of type "u8 *" is incompatible with parameter of type "const char *"
        if (14 == strlen(sync_time)) {
..\HARDWARE\RTC\rtc.c: 1 warning, 0 errors
compiling usart6.c...
compiling blue.c...
..\HARDWARE\BLUE\blue.c(268): warning:  #177-D: variable "i" was declared but never referenced
        u8 i = 0;
..\HARDWARE\BLUE\blue.c(269): warning:  #550-D: variable "key" was set but never used
        u8 key = 0;
..\HARDWARE\BLUE\blue.c: 2 warnings, 0 errors
compiling malloc.c...
compiling diskio.c...
compiling os_core.c...
compiling os_flag.c...
compiling os_mbox.c...
compiling os_mem.c...
compiling os_mutex.c...
compiling os_q.c...
compiling os_sem.c...
compiling os_task.c...
compiling os_time.c...
compiling os_tmr.c...
compiling os_cpu_c.c...
compiling mp3play.c...
linking...
Program Size: Code=37446 RO-data=2458 RW-data=508 ZI-data=76028  
FromELF: creating hex file...
After Build - User command #1: C:\Keil_v5\ARM\ARMCC\bin\fromelf.exe  --bin -o  ..\OBJ\TEST.bin ..\OBJ\TEST.axf
"..\OBJ\TEST.axf" - 0 Error(s), 29 Warning(s).

<h2>Collection of Component include folders:</h2>
  D:\working\gitsrc\AutoMotor\USER\RTE
  C:\Keil_v5\ARM\PACK\Keil\STM32F4xx_DFP\2.10.0

<h2>Collection of Component Files used:</h2>
</pre>
</body>
</html>
