Component: ARM Compiler 5.05 update 1 (build 106) Tool: armlink [4d0efa]

==============================================================================

Section Cross References

    main.o(i.HardFault_Handler) refers to _printf_pad.o(.text) for _printf_pre_padding
    main.o(i.HardFault_Handler) refers to _printf_percent.o(.ARM.Collect$$_printf_percent$$00000000) for _printf_percent
    main.o(i.HardFault_Handler) refers to _printf_x.o(.ARM.Collect$$_printf_percent$$0000000C) for _printf_x
    main.o(i.HardFault_Handler) refers to _printf_hex_int_ll_ptr.o(.text) for _printf_longlong_hex
    main.o(i.HardFault_Handler) refers to __2printf.o(.text) for __2printf
    main.o(i.MPU6050_Risk_Check) refers to inv_mpu.o(i.mpu_dmp_get_data) for mpu_dmp_get_data
    main.o(i.MPU6050_Risk_Check) refers to mpu6050.o(i.MPU_Get_Temperature) for MPU_Get_Temperature
    main.o(i.MPU6050_Risk_Check) refers to mpu6050.o(i.MPU_Get_Accelerometer) for MPU_Get_Accelerometer
    main.o(i.MPU6050_Risk_Check) refers to mpu6050.o(i.MPU_Get_Gyroscope) for MPU_Get_Gyroscope
    main.o(i.MPU6050_Risk_Check) refers to __2printf.o(.text) for __2printf
    main.o(i.create_logfile) refers to _printf_pad.o(.text) for _printf_pre_padding
    main.o(i.create_logfile) refers to _printf_percent.o(.ARM.Collect$$_printf_percent$$00000000) for _printf_percent
    main.o(i.create_logfile) refers to _printf_d.o(.ARM.Collect$$_printf_percent$$00000009) for _printf_d
    main.o(i.create_logfile) refers to _printf_dec.o(.text) for _printf_int_dec
    main.o(i.create_logfile) refers to stm32f4xx_rtc.o(i.RTC_GetTime) for RTC_GetTime
    main.o(i.create_logfile) refers to stm32f4xx_rtc.o(i.RTC_GetDate) for RTC_GetDate
    main.o(i.create_logfile) refers to __2sprintf.o(.text) for __2sprintf
    main.o(i.create_logfile) refers to ff.o(i.f_open) for f_open
    main.o(i.create_logfile) refers to ff.o(i.f_close) for f_close
    main.o(i.create_logfile) refers to main.o(.data) for g_sd_existing
    main.o(i.create_logfile) refers to main.o(.bss) for g_logname
    main.o(i.do_sd_check) refers to exfuns.o(i.exf_getfree) for exf_getfree
    main.o(i.do_sd_check) refers to delay.o(i.delay_ms) for delay_ms
    main.o(i.do_sd_check) refers to __2printf.o(.text) for __2printf
    main.o(i.do_sd_check) refers to main.o(.data) for g_sd_existing
    main.o(i.do_sd_init) refers to exfuns.o(i.exfuns_init) for exfuns_init
    main.o(i.do_sd_init) refers to ff.o(i.f_mount) for f_mount
    main.o(i.do_sd_init) refers to main.o(i.do_sd_check) for do_sd_check
    main.o(i.do_sd_init) refers to main.o(i.create_logfile) for create_logfile
    main.o(i.do_sd_init) refers to exfuns.o(.bss) for fs
    main.o(i.higher_task) refers to sim900a.o(i.sim7500e_communication_loop) for sim7500e_communication_loop
    main.o(i.higher_task) refers to os_time.o(i.OSTimeDlyHMSM) for OSTimeDlyHMSM
    main.o(i.lower_task) refers to _printf_percent.o(.ARM.Collect$$_printf_percent$$00000000) for _printf_percent
    main.o(i.lower_task) refers to _printf_s.o(.ARM.Collect$$_printf_percent$$00000014) for _printf_s
    main.o(i.lower_task) refers to _printf_str.o(.text) for _printf_str
    main.o(i.lower_task) refers to rt_memclr_w.o(.text) for __aeabi_memclr4
    main.o(i.lower_task) refers to strlen.o(.text) for strlen
    main.o(i.lower_task) refers to __2sprintf.o(.text) for __2sprintf
    main.o(i.lower_task) refers to mp3play.o(i.music_play) for music_play
    main.o(i.lower_task) refers to rt_memclr.o(.text) for __aeabi_memclr
    main.o(i.lower_task) refers to os_time.o(i.OSTimeDlyHMSM) for OSTimeDlyHMSM
    main.o(i.lower_task) refers to main.o(.data) for g_mp3_play
    main.o(i.lower_task) refers to main.o(.bss) for g_mp3_play_name
    main.o(i.main) refers to misc.o(i.NVIC_PriorityGroupConfig) for NVIC_PriorityGroupConfig
    main.o(i.main) refers to main.o(i.system_init) for system_init
    main.o(i.main) refers to os_core.o(i.OSInit) for OSInit
    main.o(i.main) refers to os_task.o(i.OSTaskCreate) for OSTaskCreate
    main.o(i.main) refers to os_core.o(i.OSStart) for OSStart
    main.o(i.main) refers to main.o(.bss) for START_TASK_STK
    main.o(i.main) refers to main.o(i.start_task) for start_task
    main.o(i.main_task) refers to strstr.o(.text) for strstr
    main.o(i.main_task) refers to sim900a.o(i.sim7500e_mobit_process) for sim7500e_mobit_process
    main.o(i.main_task) refers to __2printf.o(.text) for __2printf
    main.o(i.main_task) refers to os_time.o(i.OSTimeDlyHMSM) for OSTimeDlyHMSM
    main.o(i.main_task) refers to usart3.o(.data) for USART3_RX_STA
    main.o(i.main_task) refers to main.o(.data) for g_trip_meters
    main.o(i.start_task) refers to os_sem.o(i.OSSemCreate) for OSSemCreate
    main.o(i.start_task) refers to os_core.o(i.OSStatInit) for OSStatInit
    main.o(i.start_task) refers to os_cpu_a.o(.text) for OS_CPU_SR_Save
    main.o(i.start_task) refers to main.o(.data) for sem_beep
[...]
    CAN_ITConfig                             0x08001319   Thumb Code    18  stm32f4xx_can.o(i.CAN_ITConfig)
    CAN_Init                                 0x0800132b   Thumb Code   276  stm32f4xx_can.o(i.CAN_Init)
    CAN_Receive                              0x0800143f   Thumb Code   240  stm32f4xx_can.o(i.CAN_Receive)
    CAN_Transmit                             0x0800152f   Thumb Code   294  stm32f4xx_can.o(i.CAN_Transmit)
    CAN_TransmitStatus                       0x08001655   Thumb Code   138  stm32f4xx_can.o(i.CAN_TransmitStatus)
    CmdError                                 0x080016f5   Thumb Code    48  sdio_sdcard.o(i.CmdError)
    CmdResp1Error                            0x08001725   Thumb Code    94  sdio_sdcard.o(i.CmdResp1Error)
    CmdResp2Error                            0x08001789   Thumb Code    80  sdio_sdcard.o(i.CmdResp2Error)
    CmdResp3Error                            0x080017dd   Thumb Code    50  sdio_sdcard.o(i.CmdResp3Error)
    CmdResp6Error                            0x08001815   Thumb Code   144  sdio_sdcard.o(i.CmdResp6Error)
    CmdResp7Error                            0x080018a9   Thumb Code    70  sdio_sdcard.o(i.CmdResp7Error)
    DMA_Cmd                                  0x080018f5   Thumb Code    22  stm32f4xx_dma.o(i.DMA_Cmd)
    DMA_DeInit                               0x0800190d   Thumb Code   324  stm32f4xx_dma.o(i.DMA_DeInit)
    DMA_FlowControllerConfig                 0x08001a65   Thumb Code    22  stm32f4xx_dma.o(i.DMA_FlowControllerConfig)
    DMA_GetCmdStatus                         0x08001a7b   Thumb Code    20  stm32f4xx_dma.o(i.DMA_GetCmdStatus)
    DMA_Init                                 0x08001a91   Thumb Code    82  stm32f4xx_dma.o(i.DMA_Init)
    EXTI_ClearITPendingBit                   0x08001ae9   Thumb Code     6  stm32f4xx_exti.o(i.EXTI_ClearITPendingBit)
    EXTI_Init                                0x08001af5   Thumb Code   142  stm32f4xx_exti.o(i.EXTI_Init)
    FindSCR                                  0x08001b89   Thumb Code   388  sdio_sdcard.o(i.FindSCR)
    GPIO_Init                                0x08001d1d   Thumb Code   144  stm32f4xx_gpio.o(i.GPIO_Init)
    GPIO_PinAFConfig                         0x08001dad   Thumb Code    70  stm32f4xx_gpio.o(i.GPIO_PinAFConfig)
    GPIO_SetBits                             0x08001df3   Thumb Code     4  stm32f4xx_gpio.o(i.GPIO_SetBits)
    HardFault_Handler                        0x08001df9   Thumb Code    98  main.o(i.HardFault_Handler)
    IsCardProgramming                        0x08001e99   Thumb Code   146  sdio_sdcard.o(i.IsCardProgramming)
    KEY_Init                                 0x08001f39   Thumb Code    44  key.o(i.KEY_Init)
    LED_Init                                 0x08001f69   Thumb Code   104  led.o(i.LED_Init)
    My_RTC_Init                              0x08001fdd   Thumb Code   138  rtc.o(i.My_RTC_Init)
    NVIC_Init                                0x08002069   Thumb Code   106  misc.o(i.NVIC_Init)
    NVIC_PriorityGroupConfig                 0x080020e1   Thumb Code    10  misc.o(i.NVIC_PriorityGroupConfig)
    OSInit                                   0x080020f5   Thumb Code    48  os_core.o(i.OSInit)
    OSInitHookBegin                          0x08002125   Thumb Code     2  os_cpu_c.o(i.OSInitHookBegin)
    OSInitHookEnd                            0x08002127   Thumb Code     2  os_cpu_c.o(i.OSInitHookEnd)
    OSIntEnter                               0x08002129   Thumb Code    28  os_core.o(i.OSIntEnter)
    OSIntExit                                0x0800214d   Thumb Code   112  os_core.o(i.OSIntExit)
    OSSchedLock                              0x080021dd   Thumb Code    68  os_core.o(i.OSSchedLock)
    OSSchedUnlock                            0x08002239   Thumb Code    82  os_core.o(i.OSSchedUnlock)
    OSSemCreate                              0x08002299   Thumb Code    72  os_sem.o(i.OSSemCreate)
    OSStart                                  0x080022ed   Thumb Code    48  os_core.o(i.OSStart)
    OSStatInit                               0x08002335   Thumb Code    62  os_core.o(i.OSStatInit)
    OSTCBInitHook                            0x08002381   Thumb Code     2  os_cpu_c.o(i.OSTCBInitHook)
    OSTaskCreate                             0x08002385   Thumb Code   148  os_task.o(i.OSTaskCreate)
    OSTaskCreateExt                          0x08002425   Thumb Code   170  os_task.o(i.OSTaskCreateExt)
    OSTaskCreateHook                         0x080024dd   Thumb Code     2  os_cpu_c.o(i.OSTaskCreateHook)
    OSTaskDel                                0x080024e1   Thumb Code   294  os_task.o(i.OSTaskDel)
    OSTaskDelHook                            0x08002635   Thumb Code     2  os_cpu_c.o(i.OSTaskDelHook)
    OSTaskIdleHook                           0x08002637   Thumb Code     2  os_cpu_c.o(i.OSTaskIdleHook)
    OSTaskNameSet                            0x08002639   Thumb Code    98  os_task.o(i.OSTaskNameSet)
    OSTaskReturnHook                         0x080026a9   Thumb Code     2  os_cpu_c.o(i.OSTaskReturnHook)
    OSTaskStatHook                           0x080026ab   Thumb Code     2  os_cpu_c.o(i.OSTaskStatHook)
    OSTaskStkChk                             0x080026ad   Thumb Code   132  os_task.o(i.OSTaskStkChk)
    OSTaskStkInit                            0x08002739   Thumb Code   426  os_cpu_c.o(i.OSTaskStkInit)
    OSTaskSuspend                            0x080028e9   Thumb Code   152  os_task.o(i.OSTaskSuspend)
    OSTaskSwHook                             0x08002991   Thumb Code     2  os_cpu_c.o(i.OSTaskSwHook)
    OSTimeDly                                0x08002995   Thumb Code   100  os_time.o(i.OSTimeDly)
    OSTimeTick                               0x08002a0d   Thumb Code   210  os_core.o(i.OSTimeTick)
    OSTimeTickHook                           0x08002af9   Thumb Code     2  os_cpu_c.o(i.OSTimeTickHook)
    OS_Dummy                                 0x08002afb   Thumb Code     2  os_core.o(i.OS_Dummy)
    OS_EventTaskRemove                       0x08002afd   Thumb Code    42  os_core.o(i.OS_EventTaskRemove)
    OS_EventWaitListInit                     0x08002b27   Thumb Code    28  os_core.o(i.OS_EventWaitListInit)
    OS_FlagInit                              0x08002b45   Thumb Code    74  os_flag.o(i.OS_FlagInit)
    OS_FlagUnlink                            0x08002b9d   Thumb Code    36  os_flag.o(i.OS_FlagUnlink)
    OS_MemClr                                0x08002dd9   Thumb Code    18  os_core.o(i.OS_MemClr)
    OS_MemInit                               0x08002ded   Thumb Code    74  os_mem.o(i.OS_MemInit)
    OS_QInit                                 0x08002e45   Thumb Code    72  os_q.o(i.OS_QInit)
    OS_Sched                                 0x08002e95   Thumb Code    88  os_core.o(i.OS_Sched)
    OS_TCBInit                               0x08002f35   Thumb Code   278  os_core.o(i.OS_TCBInit)
    OS_TaskIdle                              0x08003069   Thumb Code    34  os_core.o(i.OS_TaskIdle)
    OS_TaskReturn                            0x08003091   Thumb Code    18  os_task.o(i.OS_TaskReturn)
    OS_TaskStat                              0x080030a9   Thumb Code   116  os_core.o(i.OS_TaskStat)
    OS_TaskStatStkChk                        0x08003131   Thumb Code    54  os_core.o(i.OS_TaskStatStkChk)
    OS_TaskStkClr                            0x0800316d   Thumb Code    26  os_task.o(i.OS_TaskStkClr)
    PWR_BackupAccessCmd                      0x08003189   Thumb Code     6  stm32f4xx_pwr.o(i.PWR_BackupAccessCmd)
    RCC_AHB1PeriphClockCmd                   0x08003195   Thumb Code    26  stm32f4xx_rcc.o(i.RCC_AHB1PeriphClockCmd)
    RCC_APB1PeriphClockCmd                   0x080031b5   Thumb Code    26  stm32f4xx_rcc.o(i.RCC_APB1PeriphClockCmd)
    RCC_APB1PeriphResetCmd                   0x080031d5   Thumb Code    26  stm32f4xx_rcc.o(i.RCC_APB1PeriphResetCmd)
    RCC_APB2PeriphClockCmd                   0x080031f5   Thumb Code    26  stm32f4xx_rcc.o(i.RCC_APB2PeriphClockCmd)
    RCC_APB2PeriphResetCmd                   0x08003215   Thumb Code    26  stm32f4xx_rcc.o(i.RCC_APB2PeriphResetCmd)
    RCC_GetClocksFreq                        0x08003235   Thumb Code   214  stm32f4xx_rcc.o(i.RCC_GetClocksFreq)
    RCC_GetFlagStatus                        0x0800331d   Thumb Code    60  stm32f4xx_rcc.o(i.RCC_GetFlagStatus)
    RCC_LSEConfig                            0x0800335d   Thumb Code    40  stm32f4xx_rcc.o(i.RCC_LSEConfig)
    RCC_RTCCLKCmd                            0x08003389   Thumb Code     6  stm32f4xx_rcc.o(i.RCC_RTCCLKCmd)
    RCC_RTCCLKConfig                         0x08003395   Thumb Code    50  stm32f4xx_rcc.o(i.RCC_RTCCLKConfig)
    RTC_Alarm_IRQHandler                     0x080033d1   Thumb Code    44  rtc.o(i.RTC_Alarm_IRQHandler)
    RTC_ClearFlag                            0x0800343d   Thumb Code    24  stm32f4xx_rtc.o(i.RTC_ClearFlag)
    RTC_ClearITPendingBit                    0x08003459   Thumb Code    28  stm32f4xx_rtc.o(i.RTC_ClearITPendingBit)
    RTC_EnterInitMode                        0x08003479   Thumb Code    76  stm32f4xx_rtc.o(i.RTC_EnterInitMode)
    RTC_ExitInitMode                         0x080034c9   Thumb Code    14  stm32f4xx_rtc.o(i.RTC_ExitInitMode)
    RTC_GetDate                              0x080034dd   Thumb Code    68  stm32f4xx_rtc.o(i.RTC_GetDate)
    RTC_GetFlagStatus                        0x08003529   Thumb Code    32  stm32f4xx_rtc.o(i.RTC_GetFlagStatus)
    RTC_GetTime                              0x08003551   Thumb Code    72  stm32f4xx_rtc.o(i.RTC_GetTime)
    RTC_ITConfig                             0x080035a1   Thumb Code    94  stm32f4xx_rtc.o(i.RTC_ITConfig)
    RTC_Init                                 0x08003605   Thumb Code    94  stm32f4xx_rtc.o(i.RTC_Init)
    RTC_ReadBackupRegister                   0x08003669   Thumb Code    26  stm32f4xx_rtc.o(i.RTC_ReadBackupRegister)
    RTC_SetDate                              0x08003689   Thumb Code   190  stm32f4xx_rtc.o(i.RTC_SetDate)
    RTC_SetTime                              0x08003751   Thumb Code   198  stm32f4xx_rtc.o(i.RTC_SetTime)
    RTC_SetWakeUpCounter                     0x08003821   Thumb Code    22  stm32f4xx_rtc.o(i.RTC_SetWakeUpCounter)
    RTC_Set_Date                             0x0800383d   Thumb Code    36  rtc.o(i.RTC_Set_Date)
    RTC_Set_Time                             0x08003861   Thumb Code    36  rtc.o(i.RTC_Set_Time)
    RTC_Set_WakeUp                           0x08003885   Thumb Code   108  rtc.o(i.RTC_Set_WakeUp)
    RTC_WKUP_IRQHandler                      0x080038f5   Thumb Code    54  rtc.o(i.RTC_WKUP_IRQHandler)
    RTC_WaitForSynchro                       0x08003931   Thumb Code    92  stm32f4xx_rtc.o(i.RTC_WaitForSynchro)
    RTC_WakeUpClockConfig                    0x08003991   Thumb Code    42  stm32f4xx_rtc.o(i.RTC_WakeUpClockConfig)
    RTC_WakeUpCmd                            0x080039c1   Thumb Code   116  stm32f4xx_rtc.o(i.RTC_WakeUpCmd)
    RTC_WriteBackupRegister                  0x08003a39   Thumb Code    24  stm32f4xx_rtc.o(i.RTC_WriteBackupRegister)
    SDEnWideBus                              0x08003a55   Thumb Code   158  sdio_sdcard.o(i.SDEnWideBus)
    SDIO_ClearFlag                           0x08003b01   Thumb Code     6  stm32f4xx_sdio.o(i.SDIO_ClearFlag)
    SDIO_Clock_Set                           0x08003b0d   Thumb Code    16  sdio_sdcard.o(i.SDIO_Clock_Set)
    SDIO_DataConfig                          0x08003b21   Thumb Code    46  stm32f4xx_sdio.o(i.SDIO_DataConfig)
    SDIO_GetFlagStatus                       0x08003b55   Thumb Code    20  stm32f4xx_sdio.o(i.SDIO_GetFlagStatus)
    SDIO_GetPowerState                       0x08003b6d   Thumb Code    10  stm32f4xx_sdio.o(i.SDIO_GetPowerState)
    SDIO_IRQHandler                          0x08003b7d   Thumb Code     8  sdio_sdcard.o(i.SDIO_IRQHandler)
    SDIO_Init                                0x08003b85   Thumb Code    42  stm32f4xx_sdio.o(i.SDIO_Init)
    SDIO_Register_Deinit                     0x08003bb5   Thumb Code    48  sdio_sdcard.o(i.SDIO_Register_Deinit)
    SDIO_SendCommand                         0x08003bed   Thumb Code    40  stm32f4xx_sdio.o(i.SDIO_SendCommand)
    SDIO_SetPowerState                       0x08003c19   Thumb Code     6  stm32f4xx_sdio.o(i.SDIO_SetPowerState)
    SD_DMA_Config                            0x08003c25   Thumb Code   118  sdio_sdcard.o(i.SD_DMA_Config)
    SD_EnableWideBusOperation                0x08003ca5   Thumb Code    94  sdio_sdcard.o(i.SD_EnableWideBusOperation)
    SD_GetCardInfo                           0x08003d0d   Thumb Code   772  sdio_sdcard.o(i.SD_GetCardInfo)
    SD_Init                                  0x08004021   Thumb Code   284  sdio_sdcard.o(i.SD_Init)
    SD_InitializeCards                       0x08004151   Thumb Code   330  sdio_sdcard.o(i.SD_InitializeCards)
    SD_PowerON                               0x080042b5   Thumb Code   460  sdio_sdcard.o(i.SD_PowerON)
    SD_ProcessIRQSrc                         0x08004499   Thumb Code   318  sdio_sdcard.o(i.SD_ProcessIRQSrc)
    SD_ReadBlock                             0x080045ed   Thumb Code   574  sdio_sdcard.o(i.SD_ReadBlock)
    SD_ReadDisk                              0x08004855   Thumb Code   148  sdio_sdcard.o(i.SD_ReadDisk)
    SD_ReadMultiBlocks                       0x080048ed   Thumb Code   710  sdio_sdcard.o(i.SD_ReadMultiBlocks)
    SD_SelectDeselect                        0x08004be1   Thumb Code    42  sdio_sdcard.o(i.SD_SelectDeselect)
    SD_SetDeviceMode                         0x08004c11   Thumb Code    20  sdio_sdcard.o(i.SD_SetDeviceMode)
    SD_WriteBlock                            0x08004c29   Thumb Code   862  sdio_sdcard.o(i.SD_WriteBlock)
    SD_WriteDisk                             0x08004fb1   Thumb Code   148  sdio_sdcard.o(i.SD_WriteDisk)
    SD_WriteMultiBlocks                      0x08005049   Thumb Code   934  sdio_sdcard.o(i.SD_WriteMultiBlocks)
    SPI1_Init                                0x08005419   Thumb Code   196  spi.o(i.SPI1_Init)
    SPI1_ReadWriteByte                       0x080054e5   Thumb Code    78  spi.o(i.SPI1_ReadWriteByte)
    SPI1_SetSpeed                            0x08005539   Thumb Code    36  spi.o(i.SPI1_SetSpeed)
    SPI_Cmd                                  0x08005561   Thumb Code    24  stm32f4xx_spi.o(i.SPI_Cmd)
    SPI_I2S_GetFlagStatus                    0x08005579   Thumb Code    18  stm32f4xx_spi.o(i.SPI_I2S_GetFlagStatus)
    SPI_I2S_ReceiveData                      0x0800558b   Thumb Code     6  stm32f4xx_spi.o(i.SPI_I2S_ReceiveData)
    SPI_I2S_SendData                         0x08005591   Thumb Code     4  stm32f4xx_spi.o(i.SPI_I2S_SendData)
    SPI_Init                                 0x08005595   Thumb Code    60  stm32f4xx_spi.o(i.SPI_Init)
    SoftReset                                0x080056bd   Thumb Code    42  main.o(i.SoftReset)
    SysTick_CLKSourceConfig                  0x080056f1   Thumb Code    40  misc.o(i.SysTick_CLKSourceConfig)
    SysTick_Handler                          0x08005719   Thumb Code    24  delay.o(i.SysTick_Handler)
    SystemInit                               0x08005735   Thumb Code    88  system_stm32f4xx.o(i.SystemInit)
    TIM2_IRQHandler                          0x080058c1   Thumb Code    20  timer.o(i.TIM2_IRQHandler)
    TIM2_Init                                0x080058d9   Thumb Code   148  timer.o(i.TIM2_Init)
    TIM3_IRQHandler                          0x08005971   Thumb Code   120  timer.o(i.TIM3_IRQHandler)
    TIM3_Int_Init                            0x08005a09   Thumb Code    88  timer.o(i.TIM3_Int_Init)
    TIM4_IRQHandler                          0x08005a65   Thumb Code   158  timer.o(i.TIM4_IRQHandler)
    TIM4_Init                                0x08005b29   Thumb Code   184  timer.o(i.TIM4_Init)
    TIM5_IRQHandler                          0x08005be9   Thumb Code   194  timer.o(i.TIM5_IRQHandler)
    TIM6_DAC_IRQHandler                      0x08005cb9   Thumb Code    70  timer.o(i.TIM6_DAC_IRQHandler)
    TIM6_Int_Init                            0x08005d0d   Thumb Code    88  timer.o(i.TIM6_Int_Init)
    TIM7_IRQHandler                          0x08005d69   Thumb Code   288  timer.o(i.TIM7_IRQHandler)
    TIM7_Int_Init                            0x08005ed1   Thumb Code    86  timer.o(i.TIM7_Int_Init)
    TIM_ClearITPendingBit                    0x08005f2d   Thumb Code     6  stm32f4xx_tim.o(i.TIM_ClearITPendingBit)
    TIM_Cmd                                  0x08005f33   Thumb Code    24  stm32f4xx_tim.o(i.TIM_Cmd)
    TIM_ETRClockMode2Config                  0x08005f4b   Thumb Code    32  stm32f4xx_tim.o(i.TIM_ETRClockMode2Config)
    TIM_ETRConfig                            0x08005f6b   Thumb Code    28  stm32f4xx_tim.o(i.TIM_ETRConfig)
    TIM_GetCapture1                          0x08005f87   Thumb Code     6  stm32f4xx_tim.o(i.TIM_GetCapture1)
    TIM_GetCapture3                          0x08005f8d   Thumb Code     6  stm32f4xx_tim.o(i.TIM_GetCapture3)
    TIM_GetCounter                           0x08005f93   Thumb Code     6  stm32f4xx_tim.o(i.TIM_GetCounter)
    TIM_GetITStatus                          0x08005f99   Thumb Code    34  stm32f4xx_tim.o(i.TIM_GetITStatus)
    TIM_ICInit                               0x08005fbb   Thumb Code   110  stm32f4xx_tim.o(i.TIM_ICInit)
    TIM_ITConfig                             0x08006029   Thumb Code    18  stm32f4xx_tim.o(i.TIM_ITConfig)
    TIM_ITRxExternalClockConfig              0x0800603b   Thumb Code    24  stm32f4xx_tim.o(i.TIM_ITRxExternalClockConfig)
    TIM_OC1PolarityConfig                    0x08006053   Thumb Code    18  stm32f4xx_tim.o(i.TIM_OC1PolarityConfig)
    TIM_SelectInputTrigger                   0x08006065   Thumb Code    18  stm32f4xx_tim.o(i.TIM_SelectInputTrigger)
    TIM_SetCounter                           0x08006077   Thumb Code     4  stm32f4xx_tim.o(i.TIM_SetCounter)
    TIM_SetIC1Prescaler                      0x0800607b   Thumb Code    18  stm32f4xx_tim.o(i.TIM_SetIC1Prescaler)
    TIM_SetIC2Prescaler                      0x0800608d   Thumb Code    26  stm32f4xx_tim.o(i.TIM_SetIC2Prescaler)
    TIM_SetIC3Prescaler                      0x080060a7   Thumb Code    18  stm32f4xx_tim.o(i.TIM_SetIC3Prescaler)
    TIM_SetIC4Prescaler                      0x080060b9   Thumb Code    26  stm32f4xx_tim.o(i.TIM_SetIC4Prescaler)
    TIM_TimeBaseInit                         0x080060d5   Thumb Code   104  stm32f4xx_tim.o(i.TIM_TimeBaseInit)
    UART5_IRQHandler                         0x08006159   Thumb Code   134  usart5.o(i.UART5_IRQHandler)
    UART6_SendChar                           0x080061f9   Thumb Code    22  usart6.o(i.UART6_SendChar)
    UART6_SendData                           0x08006215   Thumb Code    26  usart6.o(i.UART6_SendData)
    USART1_IRQHandler                        0x08006231   Thumb Code   134  usart.o(i.USART1_IRQHandler)
    USART3_Get_Free_Buf                      0x080062c5   Thumb Code    56  usart3.o(i.USART3_Get_Free_Buf)
    USART3_IRQHandler                        0x08006309   Thumb Code   160  usart3.o(i.USART3_IRQHandler)
    USART6_IRQHandler                        0x080063bd   Thumb Code   102  usart6.o(i.USART6_IRQHandler)
    USART_ClearFlag                          0x08006435   Thumb Code    18  stm32f4xx_usart.o(i.USART_ClearFlag)
    USART_Cmd                                0x08006447   Thumb Code    24  stm32f4xx_usart.o(i.USART_Cmd)
    USART_DeInit                             0x08006461   Thumb Code   206  stm32f4xx_usart.o(i.USART_DeInit)
    USART_GetFlagStatus                      0x08006551   Thumb Code    26  stm32f4xx_usart.o(i.USART_GetFlagStatus)
    USART_GetITStatus                        0x0800656b   Thumb Code    84  stm32f4xx_usart.o(i.USART_GetITStatus)
    USART_ITConfig                           0x080065bf   Thumb Code    74  stm32f4xx_usart.o(i.USART_ITConfig)
    USART_Init                               0x08006609   Thumb Code   204  stm32f4xx_usart.o(i.USART_Init)
    USART_ReceiveData                        0x080066dd   Thumb Code    10  stm32f4xx_usart.o(i.USART_ReceiveData)
    W25QXX_Erase_Sector                      0x080066e9   Thumb Code    70  w25qxx.o(i.W25QXX_Erase_Sector)
    W25QXX_Init                              0x08006741   Thumb Code    74  w25qxx.o(i.W25QXX_Init)
    W25QXX_Read                              0x08006799   Thumb Code    74  w25qxx.o(i.W25QXX_Read)
    W25QXX_ReadID                            0x080067e9   Thumb Code    64  w25qxx.o(i.W25QXX_ReadID)
    W25QXX_ReadSR                            0x08006831   Thumb Code    36  w25qxx.o(i.W25QXX_ReadSR)
    W25QXX_Wait_Busy                         0x0800685d   Thumb Code    18  w25qxx.o(i.W25QXX_Wait_Busy)
    W25QXX_Write                             0x0800686f   Thumb Code   196  w25qxx.o(i.W25QXX_Write)
    W25QXX_Write_Enable                      0x08006935   Thumb Code    24  w25qxx.o(i.W25QXX_Write_Enable)
    W25QXX_Write_NoCheck                     0x08006955   Thumb Code    70  w25qxx.o(i.W25QXX_Write_NoCheck)
    W25QXX_Write_Page                        0x0800699d   Thumb Code    80  w25qxx.o(i.W25QXX_Write_Page)
    _is_digit                                0x080069f1   Thumb Code    14  __printf_wp.o(i._is_digit)
    _sys_exit                                0x080069ff   Thumb Code     4  usart.o(i._sys_exit)
    ack_get_key                              0x08006a05   Thumb Code   122  blue.o(i.ack_get_key)
    ack_other_actions                        0x08006a89   Thumb Code    96  blue.o(i.ack_other_actions)
    auto_err_report                          0x08006af1   Thumb Code    80  blue.o(i.auto_err_report)
    clust2sect                               0x08006be9   Thumb Code    26  ff.o(i.clust2sect)
    convert_from_bytes_to_power_of_two       0x08006c95   Thumb Code    18  sdio_sdcard.o(i.convert_from_bytes_to_power_of_two)
    crc8_calc                                0x08006ca9   Thumb Code    30  blue.o(i.crc8_calc)
    create_logfile                           0x08006da5   Thumb Code   100  main.o(i.create_logfile)
    debug_process                            0x080070a9   Thumb Code   268  usart.o(i.debug_process)
    delay_init                               0x080072ad   Thumb Code    76  delay.o(i.delay_init)
    delay_ms                                 0x08007301   Thumb Code    66  delay.o(i.delay_ms)
    delay_osschedlock                        0x08007351   Thumb Code     8  delay.o(i.delay_osschedlock)
    delay_osschedunlock                      0x08007359   Thumb Code     8  delay.o(i.delay_osschedunlock)
    delay_ostimedly                          0x08007361   Thumb Code    12  delay.o(i.delay_ostimedly)
    delay_us                                 0x0800736d   Thumb Code    84  delay.o(i.delay_us)
    dir_sdi                                  0x08007745   Thumb Code   158  ff.o(i.dir_sdi)
    disk_initialize                          0x080077e5   Thumb Code    52  diskio.o(i.disk_initialize)
    disk_ioctl                               0x0800781d   Thumb Code   170  diskio.o(i.disk_ioctl)
    disk_read                                0x080078d1   Thumb Code   140  diskio.o(i.disk_read)
    disk_status                              0x0800795d   Thumb Code     6  diskio.o(i.disk_status)
    disk_write                               0x08007963   Thumb Code   140  diskio.o(i.disk_write)
    do_sd_check                              0x080079f1   Thumb Code    66  main.o(i.do_sd_check)
    do_sd_init                               0x08007a61   Thumb Code    28  main.o(i.do_sd_init)
    exf_getfree                              0x08007a85   Thumb Code    74  exfuns.o(i.exf_getfree)
    exfuns_init                              0x08007ad1   Thumb Code   114  exfuns.o(i.exfuns_init)
    f_close                                  0x08007b55   Thumb Code    42  ff.o(i.f_close)
    f_getfree                                0x08007b7f   Thumb Code   264  ff.o(i.f_getfree)
    f_mount                                  0x08007c89   Thumb Code    92  ff.o(i.f_mount)
    f_open                                   0x08007ce9   Thumb Code   396  ff.o(i.f_open)
    f_sync                                   0x08007e75   Thumb Code   188  ff.o(i.f_sync)
    ff_convert                               0x08007f31   Thumb Code    10  mycc936.o(i.ff_convert)
    ff_enter                                 0x08007f3d   Thumb Code    46  diskio.o(i.ff_enter)
    ff_leave                                 0x08007f79   Thumb Code    50  diskio.o(i.ff_leave)
    ff_memalloc                              0x08007fb9   Thumb Code    14  diskio.o(i.ff_memalloc)
    ff_memfree                               0x08007fc7   Thumb Code    14  diskio.o(i.ff_memfree)
    ff_wtoupper                              0x08007fd5   Thumb Code    46  mycc936.o(i.ff_wtoupper)
    fputc                                    0x080084a9   Thumb Code    22  usart.o(i.fputc)
    get_fat                                  0x0800858d   Thumb Code   232  ff.o(i.get_fat)
    get_fattime                              0x08008675   Thumb Code     4  diskio.o(i.get_fattime)
    get_svr_info                             0x080086c5   Thumb Code   144  blue.o(i.get_svr_info)
    hc08_init                                0x08008795   Thumb Code    18  blue.o(i.hc08_init)
    hc08_msg_process                         0x080087ad   Thumb Code   300  blue.o(i.hc08_msg_process)
    main                                     0x08008905   Thumb Code    38  main.o(i.main)
    mpu6050_init                             0x080089bb   Thumb Code     2  main.o(i.mpu6050_init)
    my_mem_free                              0x080089bd   Thumb Code    96  malloc.o(i.my_mem_free)
    my_mem_init                              0x08008a29   Thumb Code    54  malloc.o(i.my_mem_init)
    my_mem_malloc                            0x08008a6d   Thumb Code   156  malloc.o(i.my_mem_malloc)
    my_mem_perused                           0x08008b15   Thumb Code    54  malloc.o(i.my_mem_perused)
    myfree                                   0x08008b55   Thumb Code    48  malloc.o(i.myfree)
    mymalloc                                 0x08008b89   Thumb Code    52  malloc.o(i.mymalloc)
    mymemset                                 0x08008bc1   Thumb Code    20  malloc.o(i.mymemset)
    put_fat                                  0x08008bd5   Thumb Code   310  ff.o(i.put_fat)
    rand_encode                              0x08008d0b   Thumb Code    26  blue.o(i.rand_encode)
    rand_fake                                0x08008d25   Thumb Code     4  blue.o(i.rand_fake)
    spiflash_init                            0x08008d95   Thumb Code     2  main.o(i.spiflash_init)
    start_task                               0x08008da9   Thumb Code    36  main.o(i.start_task)
    system_init                              0x08008f05   Thumb Code   144  main.o(i.system_init)
    uart_init                                0x08008fad   Thumb Code   164  usart.o(i.uart_init)
    usart3_init                              0x08009059   Thumb Code   218  usart3.o(i.usart3_init)
    usart5_init                              0x08009149   Thumb Code   210  usart5.o(i.usart5_init)
    usart6_init                              0x08009231   Thumb Code   270  usart6.o(i.usart6_init)
    _get_lc_ctype                            0x08009399   Thumb Code    44  lc_ctype_c.o(locale$$code)
    _fp_init                                 0x080093c5   Thumb Code    10  fpinit.o(x$fpl$fpinit)
    __fplib_config_fpu_vfp                   0x080093cd   Thumb Code     0  fpinit.o(x$fpl$fpinit)
    __fplib_config_pureend_doubles           0x080093cd   Thumb Code     0  fpinit.o(x$fpl$fpinit)
    passw_ok                                 0x080093ce   Data          32  blue.o(.constdata)
    CRC8Table                                0x080093ee   Data         256  blue.o(.constdata)
    memtblsize                               0x080094f0   Data          12  malloc.o(.constdata)
    memblksize                               0x080094fc   Data          12  malloc.o(.constdata)
    memsize                                  0x08009508   Data          12  malloc.o(.constdata)
    OSUnMapTbl                               0x0800990e   Data         256  os_core.o(.constdata)
    Region$$Table$$Base                      0x08009ab0   Number         0  anon$$obj.o(Region$$Table)
    Region$$Table$$Limit                     0x08009ad0   Number         0  anon$$obj.o(Region$$Table)
    __ctype                                  0x08009add   Data           0  lc_ctype_c.o(locale$$data)
    mem3base                                 0x10000000   Data        4096  malloc.o(.ARM.__AT_0x10000000)
    mem3mapbase                              0x10001000   Data         256  malloc.o(.ARM.__AT_0x10001000)
    total_ms                                 0x20000000   Data           4  main.o(.data)
    g_sd_existing                            0x20000004   Data           4  main.o(.data)
    sem_beep                                 0x20000008   Data           4  main.o(.data)
    g_mp3_play                               0x2000000c   Data           1  main.o(.data)
    g_trip_meters                            0x20000010   Data           4  main.o(.data)
    g_trip_meters_old                        0x20000014   Data           4  main.o(.data)
    g_total_meters                           0x20000018   Data           4  main.o(.data)
    __stdout                                 0x20000020   Data           4  usart.o(.data)
    USART_RX_STA                             0x20000024   Data           2  usart.o(.data)
    W25QXX_TYPE                              0x20000026   Data           2  w25qxx.o(.data)
    TransferError                            0x20000032   Data           1  sdio_sdcard.o(.data)
    TransferEnd                              0x20000033   Data           1  sdio_sdcard.o(.data)
    tempbuff                                 0x20000034   Data           4  sdio_sdcard.o(.data)
    pluse_num                                0x20000038   Data           4  timer.o(.data)
    pluse_num_old                            0x2000003c   Data           4  timer.o(.data)
    pluse_num_new                            0x20000040   Data           4  timer.o(.data)
    exp_num                                  0x20000044   Data           4  timer.o(.data)
    total_msTtemp                            0x20000048   Data           4  timer.o(.data)
    capture1                                 0x2000004c   Data           4  timer.o(.data)
    capture2                                 0x20000050   Data           4  timer.o(.data)
    TIM5CH1_CAPTURE_STA                      0x20000054   Data           1  timer.o(.data)
    TIM5CH1_CAPTURE_VAL                      0x20000058   Data           4  timer.o(.data)
    USART3_RX_BUF                            0x2000005c   Data           4  usart3.o(.data)
    U3_RX_ID                                 0x20000060   Data           1  usart3.o(.data)
    USART3_RX_STA                            0x20000062   Data           8  usart3.o(.data)
    g_drlock_sta_chged                       0x2000006c   Data           1  sim900a.o(.data)
    g_door_state                             0x2000006d   Data           1  sim900a.o(.data)
    g_power_state                            0x2000006e   Data           1  sim900a.o(.data)
    g_iap_update                             0x2000006f   Data           1  sim900a.o(.data)
    g_mp3_update                             0x20000070   Data           1  sim900a.o(.data)
    g_dw_recved_sum                          0x20000074   Data           4  sim900a.o(.data)
    g_dw_size_total                          0x20000078   Data           4  sim900a.o(.data)
    g_bms_charge_sta_chged                   0x2000007c   Data           1  sim900a.o(.data)
    g_invaid_move                            0x2000007d   Data           1  sim900a.o(.data)
    g_calypso_active                         0x2000007e   Data           1  sim900a.o(.data)
    g_bms_temp_max                           0x2000007f   Data           1  sim900a.o(.data)
    g_bms_temp_min                           0x20000080   Data           1  sim900a.o(.data)
    g_bms_battery_vol                        0x20000081   Data           1  sim900a.o(.data)
    g_bms_charged_times                      0x20000082   Data           2  sim900a.o(.data)
    g_need_ack                               0x20000084   Data           4  sim900a.o(.data)
    g_hbeaterrcnt                            0x20000088   Data           1  sim900a.o(.data)
    g_car_sta                                0x2000008a   Data           2  sim900a.o(.data)
    g_svr_ip                                 0x2000008c   Data          32  sim900a.o(.data)
    g_svr_port                               0x200000ac   Data           8  sim900a.o(.data)
    g_svr_apn                                0x200000b4   Data          32  sim900a.o(.data)
    sim7500dev                               0x200000d4   Data           1  sim900a.o(.data)
    cmd_list                                 0x200000d8   Data         108  sim900a.o(.data)
    g_hbeat_gap                              0x20000146   Data           1  sim900a.o(.data)
    g_gps_active                             0x20000147   Data           1  sim900a.o(.data)
    g_gps_trace_gap                          0x20000148   Data           2  sim900a.o(.data)
    g_dw_write_enable                        0x2000014a   Data           1  sim900a.o(.data)
    g_data_pos                               0x2000014c   Data           2  sim900a.o(.data)
    g_data_size                              0x2000014e   Data           2  sim900a.o(.data)
    UART5_RX_STA                             0x20000150   Data           2  usart5.o(.data)
    UART5_RX_STA_BAK                         0x20000152   Data           2  usart5.o(.data)
    NVIC_InitStructure                       0x20000154   Data           4  rtc.o(.data)
    UART6_RX_STA                             0x20000158   Data           2  usart6.o(.data)
    g_key_once                               0x2000015a   Data           1  blue.o(.data)
    mallco_dev                               0x2000015c   Data          36  malloc.o(.data)
    FLASH_SECTOR_COUNT                       0x20000180   Data           2  diskio.o(.data)
    cnt0                                     0x20000182   Data           1  diskio.o(.data)
    cnt1                                     0x20000183   Data           1  diskio.o(.data)
    cpu_sr                                   0x20000184   Data           4  diskio.o(.data)
    file                                     0x2000018c   Data           4  exfuns.o(.data)
    ftemp                                    0x20000190   Data           4  exfuns.o(.data)
    br                                       0x20000194   Data           4  exfuns.o(.data)
    bw                                       0x20000198   Data           4  exfuns.o(.data)
    fatbuf                                   0x2000019c   Data           4  exfuns.o(.data)
    OSCtxSwCtr                               0x200001a0   Data           4  os_core.o(.data)
    OSEventFreeList                          0x200001a4   Data           4  os_core.o(.data)
    OSFlagFreeList                           0x200001a8   Data           4  os_core.o(.data)
    OSCPUUsage                               0x200001ac   Data           1  os_core.o(.data)
    OSIdleCtrMax                             0x200001b0   Data           4  os_core.o(.data)
    OSIdleCtrRun                             0x200001b4   Data           4  os_core.o(.data)
    OSStatRdy                                0x200001b8   Data           1  os_core.o(.data)
    OSIntNesting                             0x200001b9   Data           1  os_core.o(.data)
    OSLockNesting                            0x200001ba   Data           1  os_core.o(.data)
    OSPrioCur                                0x200001bb   Data           1  os_core.o(.data)
    OSPrioHighRdy                            0x200001bc   Data           1  os_core.o(.data)
    OSRdyGrp                                 0x200001bd   Data           1  os_core.o(.data)
    OSRdyTbl                                 0x200001be   Data           8  os_core.o(.data)
    OSRunning                                0x200001c6   Data           1  os_core.o(.data)
    OSTaskCtr                                0x200001c7   Data           1  os_core.o(.data)
    OSIdleCtr                                0x200001c8   Data           4  os_core.o(.data)
    OSTCBCur                                 0x200001cc   Data           4  os_core.o(.data)
    OSTCBFreeList                            0x200001d0   Data           4  os_core.o(.data)
    OSTCBHighRdy                             0x200001d4   Data           4  os_core.o(.data)
    OSTCBList                                0x200001d8   Data           4  os_core.o(.data)
    OSTickStepState                          0x200001dc   Data           1  os_core.o(.data)
    OSMemFreeList                            0x200001e0   Data           4  os_core.o(.data)
    OSQFreeList                              0x200001e4   Data           4  os_core.o(.data)
    OSTime                                   0x200001e8   Data           4  os_core.o(.data)
    g_logname                                0x200023c0   Data          65  main.o(.bss)
    g_logmsg                                 0x20002401   Data         256  main.o(.bss)
    g_mp3_play_name                          0x20002501   Data          65  main.o(.bss)
    USART_RX_BUF                             0x20002542   Data         200  usart.o(.bss)
    SDIO_InitStructure                       0x20002610   Data          24  sdio_sdcard.o(.bss)
    SDIO_CmdInitStructure                    0x20002628   Data          20  sdio_sdcard.o(.bss)
    SDIO_DataInitStructure                   0x2000263c   Data          24  sdio_sdcard.o(.bss)
    SDCardInfo                               0x20002678   Data          88  sdio_sdcard.o(.bss)
    SDIO_DATA_BUFFER                         0x200026d0   Data         512  sdio_sdcard.o(.bss)
    UART5_TX_BUF                             0x200028d0   Data         400  usart5.o(.bss)
    UART5_RX_BUF                             0x20002a60   Data         400  usart5.o(.bss)
    UART5_RX_BUF_BAK                         0x20002bf0   Data         400  usart5.o(.bss)
    UART6_TX_BUF                             0x20002d80   Data         400  usart6.o(.bss)
    UART6_RX_BUF                             0x20002f10   Data         400  usart6.o(.bss)
    snd_buf                                  0x200030a0   Data         128  blue.o(.bss)
    mem1base                                 0x20003120   Data       51200  malloc.o(.bss)
    mem1mapbase                              0x2000f920   Data        3200  malloc.o(.bss)
    fs                                       0x200105ac   Data          12  exfuns.o(.bss)
    fileinfo                                 0x200105b8   Data          32  exfuns.o(.bss)
    dir                                      0x200105d8   Data          36  exfuns.o(.bss)
    OSEventTbl                               0x200105fc   Data         360  os_core.o(.bss)
    OSFlagTbl                                0x20010764   Data          80  os_core.o(.bss)
    OSTaskStatStk                            0x200107b4   Data         512  os_core.o(.bss)
    OSTaskIdleStk                            0x200109b4   Data         512  os_core.o(.bss)
    OSTCBPrioTbl                             0x20010bb4   Data         256  os_core.o(.bss)
    OSTCBTbl                                 0x20010cb4   Data        1008  os_core.o(.bss)
    OSMemTbl                                 0x200110a4   Data         120  os_core.o(.bss)
    OSQTbl                                   0x2001111c   Data         120  os_core.o(.bss)
    __libspace_start                         0x20011194   Data          96  libspace.o(.bss)
    __temporary_stack_top$libspace           0x200111f4   Data           0  libspace.o(.bss)



==============================================================================

Memory Map of the image

  Image Entry point : 0x08000189

  Load Region LR_IROM1 (Base: 0x08000000, Size: 0x00009ddc, Max: 0x00100000, ABSOLUTE, COMPRESSED[0x00009c7c])

    Execution Region ER_IROM1 (Base: 0x08000000, Size: 0x00009be0, Max: 0x00100000, ABSOLUTE)

    Base Addr    Size         Type   Attr      Idx    E Section Name        Object

    0x08000000   0x00000188   Data   RO         9200    RESET               startup_stm32f40_41xxx.o
    0x08000188   0x00000008   Code   RO         9353  * !!!main             c_w.l(__main.o)
    0x08000190   0x00000034   Code   RO         9775    !!!scatter          c_w.l(__scatter.o)
    0x080001c4   0x0000005a   Code   RO         9773    !!dczerorl2         c_w.l(__dczerorl2.o)
    0x0800021e   0x00000002   PAD
    0x08000220   0x0000001c   Code   RO         9777    !!handler_zi        c_w.l(__scatter_zi.o)
    0x0800023c   0x00000000   Code   RO         9315    .ARM.Collect$$_printf_percent$$00000000  c_w.l(_printf_percent.o)
    0x0800023c   0x00000006   Code   RO         9314    .ARM.Collect$$_printf_percent$$00000009  c_w.l(_printf_d.o)
    0x08000242   0x00000006   Code   RO         9313    .ARM.Collect$$_printf_percent$$0000000C  c_w.l(_printf_x.o)
    0x08000248   0x00000006   Code   RO         9311    .ARM.Collect$$_printf_percent$$00000013  c_w.l(_printf_c.o)
    0x0800024e   0x00000006   Code   RO         9312    .ARM.Collect$$_printf_percent$$00000014  c_w.l(_printf_s.o)
    0x08000254   0x00000004   Code   RO         9449    .ARM.Collect$$_printf_percent$$00000017  c_w.l(_printf_percent_end.o)
    0x08000258   0x00000002   Code   RO         9643    .ARM.Collect$$libinit$$00000000  c_w.l(libinit.o)
    0x0800025a   0x00000004   Code   RO         9654    .ARM.Collect$$libinit$$00000001  c_w.l(libinit2.o)
    0x0800025e   0x00000000   Code   RO         9657    .ARM.Collect$$libinit$$00000004  c_w.l(libinit2.o)
    0x0800025e   0x00000000   Code   RO         9660    .ARM.Collect$$libinit$$0000000A  c_w.l(libinit2.o)
    0x0800025e   0x00000000   Code   RO         9662    .ARM.Collect$$libinit$$0000000C  c_w.l(libinit2.o)
    0x0800025e   0x00000000   Code   RO         9664    .ARM.Collect$$libinit$$0000000E  c_w.l(libinit2.o)
    0x0800025e   0x00000006   Code   RO         9665    .ARM.Collect$$libinit$$0000000F  c_w.l(libinit2.o)
    0x08000264   0x00000000   Code   RO         9667    .ARM.Collect$$libinit$$00000011  c_w.l(libinit2.o)
    0x08000264   0x0000000c   Code   RO         9668    .ARM.Collect$$libinit$$00000012  c_w.l(libinit2.o)
    0x08000270   0x00000000   Code   RO         9669    .ARM.Collect$$libinit$$00000013  c_w.l(libinit2.o)
    0x08000270   0x00000000   Code   RO         9671    .ARM.Collect$$libinit$$00000015  c_w.l(libinit2.o)
    0x08000270   0x00000000   Code   RO         9673    .ARM.Collect$$libinit$$00000017  c_w.l(libinit2.o)
    0x08000270   0x00000000   Code   RO         9675    .ARM.Collect$$libinit$$00000019  c_w.l(libinit2.o)
    0x08000270   0x00000000   Code   RO         9677    .ARM.Collect$$libinit$$0000001B  c_w.l(libinit2.o)
    0x08000270   0x00000000   Code   RO         9679    .ARM.Collect$$libinit$$0000001D  c_w.l(libinit2.o)
    0x08000270   0x00000000   Code   RO         9681    .ARM.Collect$$libinit$$0000001F  c_w.l(libinit2.o)
    0x08000270   0x00000000   Code   RO         9683    .ARM.Collect$$libinit$$00000021  c_w.l(libinit2.o)
    0x08000270   0x00000000   Code   RO         9685    .ARM.Collect$$libinit$$00000023  c_w.l(libinit2.o)
    0x08000270   0x00000000   Code   RO         9687    .ARM.Collect$$libinit$$00000025  c_w.l(libinit2.o)
    0x08000270   0x00000000   Code   RO         9691    .ARM.Collect$$libinit$$0000002C  c_w.l(libinit2.o)
    0x08000270   0x00000000   Code   RO         9693    .ARM.Collect$$libinit$$0000002E  c_w.l(libinit2.o)
    0x08000270   0x00000000   Code   RO         9695    .ARM.Collect$$libinit$$00000030  c_w.l(libinit2.o)
    0x08000270   0x00000000   Code   RO         9697    .ARM.Collect$$libinit$$00000032  c_w.l(libinit2.o)
    0x08000270   0x00000002   Code   RO         9698    .ARM.Collect$$libinit$$00000033  c_w.l(libinit2.o)
    0x08000272   0x00000002   Code   RO         9726    .ARM.Collect$$libshutdown$$00000000  c_w.l(libshutdown.o)
    0x08000274   0x00000000   Code   RO         9741    .ARM.Collect$$libshutdown$$00000003  c_w.l(libshutdown2.o)
    0x08000274   0x00000000   Code   RO         9744    .ARM.Collect$$libshutdown$$00000006  c_w.l(libshutdown2.o)
    0x08000274   0x00000000   Code   RO         9747    .ARM.Collect$$libshutdown$$00000009  c_w.l(libshutdown2.o)
    0x08000274   0x00000000   Code   RO         9749    .ARM.Collect$$libshutdown$$0000000B  c_w.l(libshutdown2.o)
    0x08000274   0x00000000   Code   RO         9752    .ARM.Collect$$libshutdown$$0000000E  c_w.l(libshutdown2.o)
    0x08000274   0x00000002   Code   RO         9753    .ARM.Collect$$libshutdown$$0000000F  c_w.l(libshutdown2.o)
    0x08000276   0x00000000   Code   RO         9405    .ARM.Collect$$rtentry$$00000000  c_w.l(__rtentry.o)
    0x08000276   0x00000000   Code   RO         9541    .ARM.Collect$$rtentry$$00000002  c_w.l(__rtentry2.o)
    0x08000276   0x00000006   Code   RO         9553    .ARM.Collect$$rtentry$$00000004  c_w.l(__rtentry4.o)
    0x0800027c   0x00000000   Code   RO         9543    .ARM.Collect$$rtentry$$00000009  c_w.l(__rtentry2.o)
    0x0800027c   0x00000004   Code   RO         9544    .ARM.Collect$$rtentry$$0000000A  c_w.l(__rtentry2.o)
    0x08000280   0x00000000   Code   RO         9546    .ARM.Collect$$rtentry$$0000000C  c_w.l(__rtentry2.o)
    0x08000280   0x00000008   Code   RO         9547    .ARM.Collect$$rtentry$$0000000D  c_w.l(__rtentry2.o)
    0x08000288   0x00000002   Code   RO         9648    .ARM.Collect$$rtexit$$00000000  c_w.l(rtexit.o)
    0x0800028a   0x00000000   Code   RO         9700    .ARM.Collect$$rtexit$$00000002  c_w.l(rtexit2.o)
    0x0800028a   0x00000004   Code   RO         9701    .ARM.Collect$$rtexit$$00000003  c_w.l(rtexit2.o)
    0x0800028e   0x00000006   Code   RO         9702    .ARM.Collect$$rtexit$$00000004  c_w.l(rtexit2.o)
    0x08000294   0x00000010   Code   RO          541    .emb_text           sys.o
    0x080002a4   0x000000c8   Code   RO         4465    .text               os_cpu_a.o
    0x0800036c   0x0000003c   Code   RO         9201    .text               startup_stm32f40_41xxx.o
    0x080003a8   0x00000002   Code   RO         9248    .text               c_w.l(use_no_semi_2.o)
    0x080003aa   0x00000048   Code   RO         9250    .text               c_w.l(llsdiv.o)
    0x080003f2   0x00000002   PAD
    0x080003f4   0x00000018   Code   RO         9254    .text               c_w.l(__2printf.o)
    0x0800040c   0x0000002c   Code   RO         9256    .text               c_w.l(__2sprintf.o)
    0x08000438   0x0000004e   Code   RO         9264    .text               c_w.l(_printf_pad.o)
    0x08000486   0x00000052   Code   RO         9266    .text               c_w.l(_printf_str.o)
    0x080004d8   0x00000078   Code   RO         9268    .text               c_w.l(_printf_dec.o)
    0x08000550   0x00000094   Code   RO         9288    .text               c_w.l(_printf_hex_int_ll_ptr.o)
    0x080005e4   0x00000188   Code   RO         9308    .text               c_w.l(__printf_flags_ss_wp.o)
    0x0800076c   0x0000001a   Code   RO         9320    .text               c_w.l(atoi.o)
    0x08000786   0x00000024   Code   RO         9325    .text               c_w.l(strstr.o)
    0x080007aa   0x00000058   Code   RO         9327    .text               c_w.l(memcmp.o)
    0x08000802   0x00000096   Code   RO         9333    .text               c_w.l(strncmp.o)
    0x08000898   0x0000008a   Code   RO         9337    .text               c_w.l(rt_memcpy_v6.o)
    0x08000922   0x00000064   Code   RO         9339    .text               c_w.l(rt_memcpy_w.o)
    0x08000986   0x00000044   Code   RO         9343    .text               c_w.l(rt_memclr.o)
    0x080009ca   0x0000004e   Code   RO         9345    .text               c_w.l(rt_memclr_w.o)
    0x08000a18   0x00000056   Code   RO         9347    .text               c_w.l(strncpy.o)
    0x08000a6e   0x00000002   PAD
    0x08000a70   0x00000080   Code   RO         9349    .text               c_w.l(strcmpv7m.o)
    0x08000af0   0x00000006   Code   RO         9351    .text               c_w.l(heapauxi.o)
    0x08000af6   0x00000002   Code   RO         9403    .text               c_w.l(use_no_semi.o)
    0x08000af8   0x00000008   Code   RO         9409    .text               c_w.l(rt_errno_addr_intlibspace.o)
    0x08000b00   0x000000ee   Code   RO         9411    .text               c_w.l(lludivv7m.o)
    0x08000bee   0x000000b2   Code   RO         9417    .text               c_w.l(_printf_intcommon.o)
    0x08000ca0   0x00000030   Code   RO         9421    .text               c_w.l(_printf_char_common.o)
    0x08000cd0   0x0000000a   Code   RO         9423    .text               c_w.l(_sputc.o)
    0x08000cda   0x0000002c   Code   RO         9425    .text               c_w.l(_printf_char.o)
    0x08000d06   0x00000002   PAD
    0x08000d08   0x00000024   Code   RO         9427    .text               c_w.l(_printf_char_file.o)
    0x08000d2c   0x00000070   Code   RO         9463    .text               c_w.l(strtol.o)
    0x08000d9c   0x00000008   Code   RO         9537    .text               c_w.l(libspace.o)
    0x08000da4   0x00000010   Code   RO         9555    .text               c_w.l(rt_ctype_table.o)
    0x08000db4   0x0000009e   Code   RO         9576    .text               c_w.l(_strtoul.o)
    0x08000e52   0x00000008   Code   RO         9578    .text               c_w.l(ferror.o)
    0x08000e5a   0x0000004a   Code   RO         9592    .text               c_w.l(sys_stackheap_outer.o)
    0x08000ea4   0x00000008   Code   RO         9599    .text               c_w.l(rt_locale_intlibspace.o)
    0x08000eac   0x0000001c   Code   RO         9603    .text               c_w.l(_chval.o)
    0x08000ec8   0x0000000c   Code   RO         9636    .text               c_w.l(exit.o)
    0x08000ed4   0x00000020   Code   RO         1580    i.CAN1_CloseDoor    can1.o
    0x08000ef4   0x00000020   Code   RO         1581    i.CAN1_JumpLamp     can1.o
    0x08000f14   0x000000f8   Code   RO         1582    i.CAN1_Mode_Init    can1.o
    0x0800100c   0x00000020   Code   RO         1583    i.CAN1_OpenDoor     can1.o
    0x0800102c   0x00000038   Code   RO         1584    i.CAN1_RX0_IRQHandler  can1.o
    0x08001064   0x00000078   Code   RO         1587    i.CAN1_Send_Msg     can1.o
    0x080010dc   0x000000fc   Code   RO         1541    i.CAN2_Mode_Init    can2.o
    0x080011d8   0x00000038   Code   RO         1542    i.CAN2_RX0_IRQHandler  can2.o
    0x08001210   0x00000108   Code   RO         4762    i.CAN_FilterInit    stm32f4xx_can.o
    0x08001318   0x00000012   Code   RO         4768    i.CAN_ITConfig      stm32f4xx_can.o
    0x0800132a   0x00000114   Code   RO         4769    i.CAN_Init          stm32f4xx_can.o
    0x0800143e   0x000000f0   Code   RO         4772    i.CAN_Receive       stm32f4xx_can.o
    0x0800152e   0x00000126   Code   RO         4777    i.CAN_Transmit      stm32f4xx_can.o
    0x08001654   0x000000a0   Code   RO         4778    i.CAN_TransmitStatus  stm32f4xx_can.o
    0x080016f4   0x00000030   Code   RO          835    i.CmdError          sdio_sdcard.o
    0x08001724   0x00000064   Code   RO          836    i.CmdResp1Error     sdio_sdcard.o
    0x08001788   0x00000054   Code   RO          837    i.CmdResp2Error     sdio_sdcard.o
    0x080017dc   0x00000038   Code   RO          838    i.CmdResp3Error     sdio_sdcard.o
    0x08001814   0x00000094   Code   RO          839    i.CmdResp6Error     sdio_sdcard.o
    0x080018a8   0x0000004c   Code   RO          840    i.CmdResp7Error     sdio_sdcard.o
    0x080018f4   0x00000016   Code   RO         5590    i.DMA_Cmd           stm32f4xx_dma.o
    0x0800190a   0x00000002   PAD
    0x0800190c   0x00000158   Code   RO         5591    i.DMA_DeInit        stm32f4xx_dma.o
    0x08001a64   0x00000016   Code   RO         5594    i.DMA_FlowControllerConfig  stm32f4xx_dma.o
    0x08001a7a   0x00000014   Code   RO         5595    i.DMA_GetCmdStatus  stm32f4xx_dma.o
    0x08001a8e   0x00000002   PAD
    0x08001a90   0x00000058   Code   RO         5602    i.DMA_Init          stm32f4xx_dma.o
    0x08001ae8   0x0000000c   Code   RO         5717    i.EXTI_ClearITPendingBit  stm32f4xx_exti.o
    0x08001af4   0x00000094   Code   RO         5722    i.EXTI_Init         stm32f4xx_exti.o
    0x08001b88   0x00000194   Code   RO          841    i.FindSCR           sdio_sdcard.o
    0x08001d1c   0x00000090   Code   RO         6193    i.GPIO_Init         stm32f4xx_gpio.o
    0x08001dac   0x00000046   Code   RO         6194    i.GPIO_PinAFConfig  stm32f4xx_gpio.o
    0x08001df2   0x00000004   Code   RO         6201    i.GPIO_SetBits      stm32f4xx_gpio.o
    0x08001df6   0x00000002   PAD
    0x08001df8   0x000000a0   Code   RO            3    i.HardFault_Handler  main.o
    0x08001e98   0x000000a0   Code   RO          842    i.IsCardProgramming  sdio_sdcard.o
    0x08001f38   0x00000030   Code   RO          641    i.KEY_Init          key.o
    0x08001f68   0x00000074   Code   RO          621    i.LED_Init          led.o
    0x08001fdc   0x0000008a   Code   RO         2643    i.My_RTC_Init       rtc.o
    0x08002066   0x00000002   PAD
    0x08002068   0x00000078   Code   RO         4470    i.NVIC_Init         misc.o
    0x080020e0   0x00000014   Code   RO         4471    i.NVIC_PriorityGroupConfig  misc.o
    0x080020f4   0x00000030   Code   RO         3611    i.OSInit            os_core.o
    0x08002124   0x00000002   Code   RO         4377    i.OSInitHookBegin   os_cpu_c.o
    0x08002126   0x00000002   Code   RO         4378    i.OSInitHookEnd     os_cpu_c.o
    0x08002128   0x00000024   Code   RO         3612    i.OSIntEnter        os_core.o
    0x0800214c   0x00000090   Code   RO         3613    i.OSIntExit         os_core.o
    0x080021dc   0x0000005c   Code   RO         3614    i.OSSchedLock       os_core.o
    0x08002238   0x00000060   Code   RO         3615    i.OSSchedUnlock     os_core.o
    0x08002298   0x00000054   Code   RO         4154    i.OSSemCreate       os_sem.o
    0x080022ec   0x00000048   Code   RO         3616    i.OSStart           os_core.o
    0x08002334   0x0000004c   Code   RO         3617    i.OSStatInit        os_core.o
    0x08002380   0x00000002   Code   RO         4379    i.OSTCBInitHook     os_cpu_c.o
    0x08002382   0x00000002   PAD
    0x08002384   0x000000a0   Code   RO         4216    i.OSTaskCreate      os_task.o
    0x08002424   0x000000b8   Code   RO         4217    i.OSTaskCreateExt   os_task.o
    0x080024dc   0x00000002   Code   RO         4380    i.OSTaskCreateHook  os_cpu_c.o
    0x080024de   0x00000002   PAD
    0x080024e0   0x00000154   Code   RO         4218    i.OSTaskDel         os_task.o
    0x08002634   0x00000002   Code   RO         4381    i.OSTaskDelHook     os_cpu_c.o
    0x08002636   0x00000002   Code   RO         4382    i.OSTaskIdleHook    os_cpu_c.o
    0x08002638   0x00000070   Code   RO         4221    i.OSTaskNameSet     os_task.o
    0x080026a8   0x00000002   Code   RO         4383    i.OSTaskReturnHook  os_cpu_c.o
    0x080026aa   0x00000002   Code   RO         4384    i.OSTaskStatHook    os_cpu_c.o
    0x080026ac   0x0000008c   Code   RO         4226    i.OSTaskStkChk      os_task.o
    0x08002738   0x000001b0   Code   RO         4385    i.OSTaskStkInit     os_cpu_c.o
    0x080028e8   0x000000a8   Code   RO         4227    i.OSTaskSuspend     os_task.o
    0x08002990   0x00000002   Code   RO         4386    i.OSTaskSwHook      os_cpu_c.o
    0x08002992   0x00000002   PAD
    0x08002994   0x00000078   Code   RO         4319    i.OSTimeDly         os_time.o
    0x08002a0c   0x000000ec   Code   RO         3618    i.OSTimeTick        os_core.o
    0x08002af8   0x00000002   Code   RO         4387    i.OSTimeTickHook    os_cpu_c.o
    0x08002afa   0x00000002   Code   RO         3620    i.OS_Dummy          os_core.o
    0x08002afc   0x0000002a   Code   RO         3622    i.OS_EventTaskRemove  os_core.o
    0x08002b26   0x0000001c   Code   RO         3624    i.OS_EventWaitListInit  os_core.o
    0x08002b42   0x00000002   PAD
    0x08002b44   0x00000058   Code   RO         3820    i.OS_FlagInit       os_flag.o
    0x08002b9c   0x00000024   Code   RO         3822    i.OS_FlagUnlink     os_flag.o
    0x08002bc0   0x00000060   Code   RO         3625    i.OS_InitEventList  os_core.o
    0x08002c20   0x00000054   Code   RO         3626    i.OS_InitMisc       os_core.o
    0x08002c74   0x00000044   Code   RO         3627    i.OS_InitRdyList    os_core.o
    0x08002cb8   0x00000080   Code   RO         3628    i.OS_InitTCBList    os_core.o
    0x08002d38   0x00000050   Code   RO         3629    i.OS_InitTaskIdle   os_core.o
    0x08002d88   0x00000050   Code   RO         3630    i.OS_InitTaskStat   os_core.o
    0x08002dd8   0x00000012   Code   RO         3631    i.OS_MemClr         os_core.o
    0x08002dea   0x00000002   PAD
    0x08002dec   0x00000058   Code   RO         3968    i.OS_MemInit        os_mem.o
    0x08002e44   0x00000050   Code   RO         4083    i.OS_QInit          os_q.o
    0x08002e94   0x00000074   Code   RO         3633    i.OS_Sched          os_core.o
    0x08002f08   0x0000002c   Code   RO         3634    i.OS_SchedNew       os_core.o
    0x08002f34   0x00000134   Code   RO         3636    i.OS_TCBInit        os_core.o
    0x08003068   0x00000028   Code   RO         3637    i.OS_TaskIdle       os_core.o
    0x08003090   0x00000018   Code   RO         4228    i.OS_TaskReturn     os_task.o
    0x080030a8   0x00000088   Code   RO         3638    i.OS_TaskStat       os_core.o
    0x08003130   0x0000003c   Code   RO         3639    i.OS_TaskStatStkChk  os_core.o
    0x0800316c   0x0000001a   Code   RO         4229    i.OS_TaskStkClr     os_task.o
    0x08003186   0x00000002   PAD
    0x08003188   0x0000000c   Code   RO         6935    i.PWR_BackupAccessCmd  stm32f4xx_pwr.o
    0x08003194   0x00000020   Code   RO         7057    i.RCC_AHB1PeriphClockCmd  stm32f4xx_rcc.o
    0x080031b4   0x00000020   Code   RO         7066    i.RCC_APB1PeriphClockCmd  stm32f4xx_rcc.o
    0x080031d4   0x00000020   Code   RO         7068    i.RCC_APB1PeriphResetCmd  stm32f4xx_rcc.o
    0x080031f4   0x00000020   Code   RO         7069    i.RCC_APB2PeriphClockCmd  stm32f4xx_rcc.o
    0x08003214   0x00000020   Code   RO         7071    i.RCC_APB2PeriphResetCmd  stm32f4xx_rcc.o
    0x08003234   0x000000e8   Code   RO         7078    i.RCC_GetClocksFreq  stm32f4xx_rcc.o
    0x0800331c   0x00000040   Code   RO         7079    i.RCC_GetFlagStatus  stm32f4xx_rcc.o
    0x0800335c   0x0000002c   Code   RO         7087    i.RCC_LSEConfig     stm32f4xx_rcc.o
    0x08003388   0x0000000c   Code   RO         7101    i.RCC_RTCCLKCmd     stm32f4xx_rcc.o
    0x08003394   0x0000003c   Code   RO         7102    i.RCC_RTCCLKConfig  stm32f4xx_rcc.o
    0x080033d0   0x00000038   Code   RO         2644    i.RTC_Alarm_IRQHandler  rtc.o
    0x08003408   0x00000016   Code   RO         7456    i.RTC_Bcd2ToByte    stm32f4xx_rtc.o
    0x0800341e   0x0000001c   Code   RO         7458    i.RTC_ByteToBcd2    stm32f4xx_rtc.o
    0x0800343a   0x00000002   PAD
    0x0800343c   0x0000001c   Code   RO         7461    i.RTC_ClearFlag     stm32f4xx_rtc.o
    0x08003458   0x00000020   Code   RO         7462    i.RTC_ClearITPendingBit  stm32f4xx_rtc.o
    0x08003478   0x00000050   Code   RO         7468    i.RTC_EnterInitMode  stm32f4xx_rtc.o
    0x080034c8   0x00000014   Code   RO         7469    i.RTC_ExitInitMode  stm32f4xx_rtc.o
    0x080034dc   0x0000004c   Code   RO         7472    i.RTC_GetDate       stm32f4xx_rtc.o
    0x08003528   0x00000028   Code   RO         7473    i.RTC_GetFlagStatus  stm32f4xx_rtc.o
    0x08003550   0x00000050   Code   RO         7477    i.RTC_GetTime       stm32f4xx_rtc.o
    0x080035a0   0x00000064   Code   RO         7481    i.RTC_ITConfig      stm32f4xx_rtc.o
    0x08003604   0x00000064   Code   RO         7482    i.RTC_Init          stm32f4xx_rtc.o
    0x08003668   0x00000020   Code   RO         7485    i.RTC_ReadBackupRegister  stm32f4xx_rtc.o
    0x08003688   0x000000c8   Code   RO         7488    i.RTC_SetDate       stm32f4xx_rtc.o
    0x08003750   0x000000d0   Code   RO         7489    i.RTC_SetTime       stm32f4xx_rtc.o
    0x08003820   0x0000001c   Code   RO         7490    i.RTC_SetWakeUpCounter  stm32f4xx_rtc.o
    0x0800383c   0x00000024   Code   RO         2649    i.RTC_Set_Date      rtc.o
    0x08003860   0x00000024   Code   RO         2650    i.RTC_Set_Time      rtc.o
    0x08003884   0x00000070   Code   RO         2651    i.RTC_Set_WakeUp    rtc.o
    0x080038f4   0x0000003c   Code   RO         2653    i.RTC_WKUP_IRQHandler  rtc.o
    0x08003930   0x00000060   Code   RO         7505    i.RTC_WaitForSynchro  stm32f4xx_rtc.o
    0x08003990   0x00000030   Code   RO         7506    i.RTC_WakeUpClockConfig  stm32f4xx_rtc.o
    0x080039c0   0x00000078   Code   RO         7507    i.RTC_WakeUpCmd     stm32f4xx_rtc.o
    0x08003a38   0x0000001c   Code   RO         7508    i.RTC_WriteBackupRegister  stm32f4xx_rtc.o
    0x08003a54   0x000000ac   Code   RO          843    i.SDEnWideBus       sdio_sdcard.o
    0x08003b00   0x0000000c   Code   RO         7975    i.SDIO_ClearFlag    stm32f4xx_sdio.o
    0x08003b0c   0x00000014   Code   RO          844    i.SDIO_Clock_Set    sdio_sdcard.o
    0x08003b20   0x00000034   Code   RO         7981    i.SDIO_DataConfig   stm32f4xx_sdio.o
    0x08003b54   0x00000018   Code   RO         7987    i.SDIO_GetFlagStatus  stm32f4xx_sdio.o
    0x08003b6c   0x00000010   Code   RO         7989    i.SDIO_GetPowerState  stm32f4xx_sdio.o
    0x08003b7c   0x00000008   Code   RO          845    i.SDIO_IRQHandler   sdio_sdcard.o
    0x08003b84   0x00000030   Code   RO         7992    i.SDIO_Init         stm32f4xx_sdio.o
    0x08003bb4   0x00000038   Code   RO          846    i.SDIO_Register_Deinit  sdio_sdcard.o
    0x08003bec   0x0000002c   Code   RO         7995    i.SDIO_SendCommand  stm32f4xx_sdio.o
    0x08003c18   0x0000000c   Code   RO         7997    i.SDIO_SetPowerState  stm32f4xx_sdio.o
    0x08003c24   0x00000080   Code   RO          847    i.SD_DMA_Config     sdio_sdcard.o
    0x08003ca4   0x00000068   Code   RO          848    i.SD_EnableWideBusOperation  sdio_sdcard.o
    0x08003d0c   0x00000314   Code   RO          849    i.SD_GetCardInfo    sdio_sdcard.o
    0x08004020   0x00000130   Code   RO          851    i.SD_Init           sdio_sdcard.o
    0x08004150   0x00000164   Code   RO          852    i.SD_InitializeCards  sdio_sdcard.o
    0x080042b4   0x000001e4   Code   RO          854    i.SD_PowerON        sdio_sdcard.o
    0x08004498   0x00000154   Code   RO          855    i.SD_ProcessIRQSrc  sdio_sdcard.o
    0x080045ec   0x00000268   Code   RO          856    i.SD_ReadBlock      sdio_sdcard.o
    0x08004854   0x00000098   Code   RO          857    i.SD_ReadDisk       sdio_sdcard.o
    0x080048ec   0x000002f4   Code   RO          858    i.SD_ReadMultiBlocks  sdio_sdcard.o
    0x08004be0   0x00000030   Code   RO          859    i.SD_SelectDeselect  sdio_sdcard.o
    0x08004c10   0x00000018   Code   RO          861    i.SD_SetDeviceMode  sdio_sdcard.o
    0x08004c28   0x00000388   Code   RO          862    i.SD_WriteBlock     sdio_sdcard.o
    0x08004fb0   0x00000098   Code   RO          863    i.SD_WriteDisk      sdio_sdcard.o
    0x08005048   0x000003d0   Code   RO          864    i.SD_WriteMultiBlocks  sdio_sdcard.o
    0x08005418   0x000000cc   Code   RO          668    i.SPI1_Init         spi.o
    0x080054e4   0x00000054   Code   RO          669    i.SPI1_ReadWriteByte  spi.o
    0x08005538   0x00000028   Code   RO          670    i.SPI1_SetSpeed     spi.o
    0x08005560   0x00000018   Code   RO         8174    i.SPI_Cmd           stm32f4xx_spi.o
    0x08005578   0x00000012   Code   RO         8182    i.SPI_I2S_GetFlagStatus  stm32f4xx_spi.o
    0x0800558a   0x00000006   Code   RO         8185    i.SPI_I2S_ReceiveData  stm32f4xx_spi.o
    0x08005590   0x00000004   Code   RO         8186    i.SPI_I2S_SendData  stm32f4xx_spi.o
    0x08005594   0x0000003c   Code   RO         8187    i.SPI_Init          stm32f4xx_spi.o
    0x080055d0   0x000000ec   Code   RO          379    i.SetSysClock       system_stm32f4xx.o
    0x080056bc   0x00000034   Code   RO            5    i.SoftReset         main.o
    0x080056f0   0x00000028   Code   RO         4474    i.SysTick_CLKSourceConfig  misc.o
    0x08005718   0x0000001c   Code   RO          483    i.SysTick_Handler   delay.o
    0x08005734   0x00000068   Code   RO          381    i.SystemInit        system_stm32f4xx.o
    0x0800579c   0x0000003a   Code   RO         8388    i.TI1_Config        stm32f4xx_tim.o
    0x080057d6   0x00000050   Code   RO         8389    i.TI2_Config        stm32f4xx_tim.o
    0x08005826   0x00000048   Code   RO         8390    i.TI3_Config        stm32f4xx_tim.o
    0x0800586e   0x00000050   Code   RO         8391    i.TI4_Config        stm32f4xx_tim.o
    0x080058be   0x00000002   PAD
    0x080058c0   0x00000018   Code   RO         1051    i.TIM2_IRQHandler   timer.o
    0x080058d8   0x00000098   Code   RO         1052    i.TIM2_Init         timer.o
    0x08005970   0x00000098   Code   RO         1053    i.TIM3_IRQHandler   timer.o
    0x08005a08   0x0000005c   Code   RO         1054    i.TIM3_Int_Init     timer.o
    0x08005a64   0x000000c4   Code   RO         1055    i.TIM4_IRQHandler   timer.o
    0x08005b28   0x000000c0   Code   RO         1056    i.TIM4_Init         timer.o
    0x08005be8   0x000000d0   Code   RO         1058    i.TIM5_IRQHandler   timer.o
    0x08005cb8   0x00000054   Code   RO         1059    i.TIM6_DAC_IRQHandler  timer.o
    0x08005d0c   0x0000005c   Code   RO         1060    i.TIM6_Int_Init     timer.o
    0x08005d68   0x00000168   Code   RO         1061    i.TIM7_IRQHandler   timer.o
    0x08005ed0   0x0000005c   Code   RO         1062    i.TIM7_Int_Init     timer.o
    0x08005f2c   0x00000006   Code   RO         8399    i.TIM_ClearITPendingBit  stm32f4xx_tim.o
    0x08005f32   0x00000018   Code   RO         8404    i.TIM_Cmd           stm32f4xx_tim.o
    0x08005f4a   0x00000020   Code   RO         8411    i.TIM_ETRClockMode2Config  stm32f4xx_tim.o
    0x08005f6a   0x0000001c   Code   RO         8412    i.TIM_ETRConfig     stm32f4xx_tim.o
    0x08005f86   0x00000006   Code   RO         8419    i.TIM_GetCapture1   stm32f4xx_tim.o
    0x08005f8c   0x00000006   Code   RO         8421    i.TIM_GetCapture3   stm32f4xx_tim.o
    0x08005f92   0x00000006   Code   RO         8423    i.TIM_GetCounter    stm32f4xx_tim.o
    0x08005f98   0x00000022   Code   RO         8425    i.TIM_GetITStatus   stm32f4xx_tim.o
    0x08005fba   0x0000006e   Code   RO         8427    i.TIM_ICInit        stm32f4xx_tim.o
    0x08006028   0x00000012   Code   RO         8429    i.TIM_ITConfig      stm32f4xx_tim.o
    0x0800603a   0x00000018   Code   RO         8430    i.TIM_ITRxExternalClockConfig  stm32f4xx_tim.o
    0x08006052   0x00000012   Code   RO         8435    i.TIM_OC1PolarityConfig  stm32f4xx_tim.o
    0x08006064   0x00000012   Code   RO         8458    i.TIM_SelectInputTrigger  stm32f4xx_tim.o
    0x08006076   0x00000004   Code   RO         8470    i.TIM_SetCounter    stm32f4xx_tim.o
    0x0800607a   0x00000012   Code   RO         8471    i.TIM_SetIC1Prescaler  stm32f4xx_tim.o
    0x0800608c   0x0000001a   Code   RO         8472    i.TIM_SetIC2Prescaler  stm32f4xx_tim.o
    0x080060a6   0x00000012   Code   RO         8473    i.TIM_SetIC3Prescaler  stm32f4xx_tim.o
    0x080060b8   0x0000001a   Code   RO         8474    i.TIM_SetIC4Prescaler  stm32f4xx_tim.o
    0x080060d2   0x00000002   PAD
    0x080060d4   0x00000084   Code   RO         8476    i.TIM_TimeBaseInit  stm32f4xx_tim.o
    0x08006158   0x000000a0   Code   RO         1667    i.UART5_IRQHandler  usart5.o
    0x080061f8   0x0000001c   Code   RO         2727    i.UART6_SendChar    usart6.o
    0x08006214   0x0000001a   Code   RO         2728    i.UART6_SendData    usart6.o
    0x0800622e   0x00000002   PAD
    0x08006230   0x00000094   Code   RO          565    i.USART1_IRQHandler  usart.o
    0x080062c4   0x00000044   Code   RO         1158    i.USART3_Get_Free_Buf  usart3.o
    0x08006308   0x000000b4   Code   RO         1159    i.USART3_IRQHandler  usart3.o
    0x080063bc   0x00000078   Code   RO         2729    i.USART6_IRQHandler  usart6.o
    0x08006434   0x00000012   Code   RO         8950    i.USART_ClearFlag   stm32f4xx_usart.o
    0x08006446   0x00000018   Code   RO         8954    i.USART_Cmd         stm32f4xx_usart.o
    0x0800645e   0x00000002   PAD
    0x08006460   0x000000f0   Code   RO         8956    i.USART_DeInit      stm32f4xx_usart.o
    0x08006550   0x0000001a   Code   RO         8957    i.USART_GetFlagStatus  stm32f4xx_usart.o
    0x0800656a   0x00000054   Code   RO         8958    i.USART_GetITStatus  stm32f4xx_usart.o
    0x080065be   0x0000004a   Code   RO         8960    i.USART_ITConfig    stm32f4xx_usart.o
    0x08006608   0x000000d4   Code   RO         8961    i.USART_Init        stm32f4xx_usart.o
    0x080066dc   0x0000000a   Code   RO         8968    i.USART_ReceiveData  stm32f4xx_usart.o
    0x080066e6   0x00000002   PAD
    0x080066e8   0x00000058   Code   RO          722    i.W25QXX_Erase_Sector  w25qxx.o
    0x08006740   0x00000058   Code   RO          723    i.W25QXX_Init       w25qxx.o
    0x08006798   0x00000050   Code   RO          725    i.W25QXX_Read       w25qxx.o
    0x080067e8   0x00000048   Code   RO          726    i.W25QXX_ReadID     w25qxx.o
    0x08006830   0x0000002c   Code   RO          727    i.W25QXX_ReadSR     w25qxx.o
    0x0800685c   0x00000012   Code   RO          729    i.W25QXX_Wait_Busy  w25qxx.o
    0x0800686e   0x000000c4   Code   RO          730    i.W25QXX_Write      w25qxx.o
    0x08006932   0x00000002   PAD
    0x08006934   0x00000020   Code   RO          732    i.W25QXX_Write_Enable  w25qxx.o
    0x08006954   0x00000046   Code   RO          733    i.W25QXX_Write_NoCheck  w25qxx.o
    0x0800699a   0x00000002   PAD
    0x0800699c   0x00000054   Code   RO          734    i.W25QXX_Write_Page  w25qxx.o
    0x080069f0   0x0000000e   Code   RO         9301    i._is_digit         c_w.l(__printf_wp.o)
    0x080069fe   0x00000004   Code   RO          566    i._sys_exit         usart.o
    0x08006a02   0x00000002   PAD
    0x08006a04   0x00000084   Code   RO         2772    i.ack_get_key       blue.o
    0x08006a88   0x00000068   Code   RO         2773    i.ack_other_actions  blue.o
    0x08006af0   0x00000054   Code   RO         2774    i.auto_err_report   blue.o
    0x08006b44   0x00000090   Code   RO         3014    i.check_fs          ff.o
    0x08006bd4   0x00000014   Code   RO         3015    i.chk_chr           ff.o
    0x08006be8   0x0000001a   Code   RO         3017    i.clust2sect        ff.o
    0x08006c02   0x00000002   PAD
    0x08006c04   0x00000090   Code   RO         3018    i.cmp_lfn           ff.o
    0x08006c94   0x00000012   Code   RO          865    i.convert_from_bytes_to_power_of_two  sdio_sdcard.o
    0x08006ca6   0x00000002   PAD
    0x08006ca8   0x00000024   Code   RO         2775    i.crc8_calc         blue.o
    0x08006ccc   0x000000d6   Code   RO         3019    i.create_chain      ff.o
    0x08006da2   0x00000002   PAD
    0x08006da4   0x00000094   Code   RO            6    i.create_logfile    main.o
    0x08006e38   0x00000270   Code   RO         3020    i.create_name       ff.o
    0x080070a8   0x00000204   Code   RO          567    i.debug_process     usart.o
    0x080072ac   0x00000054   Code   RO          484    i.delay_init        delay.o
    0x08007300   0x00000050   Code   RO          485    i.delay_ms          delay.o
    0x08007350   0x00000008   Code   RO          486    i.delay_osschedlock  delay.o
    0x08007358   0x00000008   Code   RO          487    i.delay_osschedunlock  delay.o
    0x08007360   0x0000000c   Code   RO          488    i.delay_ostimedly   delay.o
    0x0800736c   0x00000058   Code   RO          489    i.delay_us          delay.o
    0x080073c4   0x0000005c   Code   RO         3021    i.dir_alloc         ff.o
    0x08007420   0x000000ea   Code   RO         3022    i.dir_find          ff.o
    0x0800750a   0x00000110   Code   RO         3023    i.dir_next          ff.o
    0x0800761a   0x0000012a   Code   RO         3025    i.dir_register      ff.o
    0x08007744   0x0000009e   Code   RO         3027    i.dir_sdi           ff.o
    0x080077e2   0x00000002   PAD
    0x080077e4   0x00000038   Code   RO         2936    i.disk_initialize   diskio.o
    0x0800781c   0x000000b4   Code   RO         2937    i.disk_ioctl        diskio.o
    0x080078d0   0x0000008c   Code   RO         2938    i.disk_read         diskio.o
    0x0800795c   0x00000006   Code   RO         2939    i.disk_status       diskio.o
    0x08007962   0x0000008c   Code   RO         2940    i.disk_write        diskio.o
    0x080079ee   0x00000002   PAD
    0x080079f0   0x00000070   Code   RO            7    i.do_sd_check       main.o
    0x08007a60   0x00000024   Code   RO            8    i.do_sd_init        main.o
    0x08007a84   0x0000004a   Code   RO         3363    i.exf_getfree       exfuns.o
    0x08007ace   0x00000002   PAD
    0x08007ad0   0x00000084   Code   RO         3364    i.exfuns_init       exfuns.o
    0x08007b54   0x0000002a   Code   RO         3029    i.f_close           ff.o
    0x08007b7e   0x00000108   Code   RO         3031    i.f_getfree         ff.o
    0x08007c86   0x00000002   PAD
    0x08007c88   0x00000060   Code   RO         3037    i.f_mount           ff.o
    0x08007ce8   0x0000018c   Code   RO         3038    i.f_open            ff.o
    0x08007e74   0x000000bc   Code   RO         3048    i.f_sync            ff.o
    0x08007f30   0x0000000a   Code   RO         3582    i.ff_convert        mycc936.o
    0x08007f3a   0x00000002   PAD
    0x08007f3c   0x0000003c   Code   RO         2941    i.ff_enter          diskio.o
    0x08007f78   0x00000040   Code   RO         2942    i.ff_leave          diskio.o
    0x08007fb8   0x0000000e   Code   RO         2943    i.ff_memalloc       diskio.o
    0x08007fc6   0x0000000e   Code   RO         2944    i.ff_memfree        diskio.o
    0x08007fd4   0x00000038   Code   RO         3583    i.ff_wtoupper       mycc936.o
    0x0800800c   0x0000038c   Code   RO         3053    i.find_volume       ff.o
    0x08008398   0x00000080   Code   RO         3054    i.fit_lfn           ff.o
    0x08008418   0x00000090   Code   RO         3055    i.follow_path       ff.o
    0x080084a8   0x0000001c   Code   RO          568    i.fputc             usart.o
    0x080084c4   0x000000c8   Code   RO         3056    i.gen_numname       ff.o
    0x0800858c   0x000000e8   Code   RO         3057    i.get_fat           ff.o
    0x08008674   0x00000004   Code   RO         2945    i.get_fattime       diskio.o
    0x08008678   0x0000004a   Code   RO         3059    i.get_ldnumber      ff.o
    0x080086c2   0x00000002   PAD
    0x080086c4   0x000000d0   Code   RO         2776    i.get_svr_info      blue.o
    0x08008794   0x00000018   Code   RO         2777    i.hc08_init         blue.o
    0x080087ac   0x00000138   Code   RO         2778    i.hc08_msg_process  blue.o
    0x080088e4   0x00000020   Code   RO         3060    i.ld_clust          ff.o
    0x08008904   0x00000030   Code   RO           12    i.main              main.o
    0x08008934   0x00000026   Code   RO         3061    i.mem_cmp           ff.o
    0x0800895a   0x0000001a   Code   RO         3062    i.mem_cpy           ff.o
    0x08008974   0x00000014   Code   RO         3063    i.mem_set           ff.o
    0x08008988   0x00000032   Code   RO         3064    i.move_window       ff.o
    0x080089ba   0x00000002   Code   RO           14    i.mpu6050_init      main.o
    0x080089bc   0x0000006c   Code   RO         2858    i.my_mem_free       malloc.o
    0x08008a28   0x00000044   Code   RO         2859    i.my_mem_init       malloc.o
    0x08008a6c   0x000000a8   Code   RO         2860    i.my_mem_malloc     malloc.o
    0x08008b14   0x00000040   Code   RO         2861    i.my_mem_perused    malloc.o
    0x08008b54   0x00000034   Code   RO         2862    i.myfree            malloc.o
    0x08008b88   0x00000038   Code   RO         2863    i.mymalloc          malloc.o
    0x08008bc0   0x00000014   Code   RO         2865    i.mymemset          malloc.o
    0x08008bd4   0x00000136   Code   RO         3066    i.put_fat           ff.o
    0x08008d0a   0x0000001a   Code   RO         2781    i.rand_encode       blue.o
    0x08008d24   0x00000004   Code   RO         2782    i.rand_fake         blue.o
    0x08008d28   0x0000006c   Code   RO         3068    i.remove_chain      ff.o
    0x08008d94   0x00000002   Code   RO           15    i.spiflash_init     main.o
    0x08008d96   0x00000010   Code   RO         3069    i.st_clust          ff.o
    0x08008da6   0x00000002   PAD
    0x08008da8   0x00000028   Code   RO           16    i.start_task        main.o
    0x08008dd0   0x00000020   Code   RO         3070    i.sum_sfn           ff.o
    0x08008df0   0x000000c8   Code   RO         3071    i.sync_fs           ff.o
    0x08008eb8   0x0000004c   Code   RO         3072    i.sync_window       ff.o
    0x08008f04   0x000000a8   Code   RO           17    i.system_init       main.o
    0x08008fac   0x000000ac   Code   RO          569    i.uart_init         usart.o
    0x08009058   0x000000f0   Code   RO         1161    i.usart3_init       usart3.o
    0x08009148   0x000000e8   Code   RO         1670    i.usart5_init       usart5.o
    0x08009230   0x0000012c   Code   RO         2730    i.usart6_init       usart6.o
    0x0800935c   0x0000003c   Code   RO         3073    i.validate          ff.o
    0x08009398   0x0000002c   Code   RO         9631    locale$$code        c_w.l(lc_ctype_c.o)
    0x080093c4   0x0000000a   Code   RO         9714    x$fpl$fpinit        fz_wm.l(fpinit.o)
    0x080093ce   0x00000120   Data   RO         2784    .constdata          blue.o
    0x080094ee   0x00000002   PAD
    0x080094f0   0x00000024   Data   RO         2870    .constdata          malloc.o
    0x08009514   0x0000003a   Data   RO         3075    .constdata          ff.o
    0x0800954e   0x000003c0   Data   RO         3584    .constdata          mycc936.o
    0x0800990e   0x00000100   Data   RO         3641    .constdata          os_core.o
    0x08009a0e   0x00000028   Data   RO         9289    .constdata          c_w.l(_printf_hex_int_ll_ptr.o)
    0x08009a36   0x00000011   Data   RO         9309    .constdata          c_w.l(__printf_flags_ss_wp.o)
    0x08009a47   0x00000001   PAD
    0x08009a48   0x00000067   Data   RO         1260    .conststring        sim900a.o
    0x08009aaf   0x00000001   PAD
    0x08009ab0   0x00000020   Data   RO         9771    Region$$Table       anon$$obj.o
    0x08009ad0   0x00000110   Data   RO         9630    locale$$data        c_w.l(lc_ctype_c.o)


    Execution Region RW_IRAM1 (Base: 0x20000000, Size: 0x000119f8, Max: 0x00020000, ABSOLUTE, COMPRESSED[0x0000009c])

    Base Addr    Size         Type   Attr      Idx    E Section Name        Object

    0x20000000   0x0000001c   Data   RW           23    .data               main.o
    0x2000001c   0x00000004   Data   RW          490    .data               delay.o
    0x20000020   0x00000006   Data   RW          571    .data               usart.o
    0x20000026   0x00000002   Data   RW          736    .data               w25qxx.o
    0x20000028   0x00000010   Data   RW          867    .data               sdio_sdcard.o
    0x20000038   0x00000024   Data   RW         1065    .data               timer.o
    0x2000005c   0x0000000e   Data   RW         1163    .data               usart3.o
    0x2000006a   0x00000002   PAD
    0x2000006c   0x000000e4   Data   RW         1261    .data               sim900a.o
    0x20000150   0x00000004   Data   RW         1672    .data               usart5.o
    0x20000154   0x00000004   Data   RW         2655    .data               rtc.o
    0x20000158   0x00000002   Data   RW         2732    .data               usart6.o
    0x2000015a   0x00000001   Data   RW         2785    .data               blue.o
    0x2000015b   0x00000001   PAD
    0x2000015c   0x00000024   Data   RW         2871    .data               malloc.o
    0x20000180   0x00000008   Data   RW         2946    .data               diskio.o
    0x20000188   0x00000002   Data   RW         3076    .data               ff.o
    0x2000018a   0x00000002   PAD
    0x2000018c   0x00000014   Data   RW         3369    .data               exfuns.o
    0x200001a0   0x0000004c   Data   RW         3642    .data               os_core.o
    0x200001ec   0x00000010   Data   RW         7110    .data               stm32f4xx_rcc.o
    0x200001fc   0x00000004   PAD
    0x20000200   0x00002342   Zero   RW           22    .bss                main.o
    0x20002542   0x000000c8   Zero   RW          570    .bss                usart.o
    0x2000260a   0x00000006   PAD
    0x20002610   0x000002c0   Zero   RW          866    .bss                sdio_sdcard.o
    0x200028d0   0x000004b0   Zero   RW         1671    .bss                usart5.o
    0x20002d80   0x00000320   Zero   RW         2731    .bss                usart6.o
    0x200030a0   0x00000080   Zero   RW         2783    .bss                blue.o
    0x20003120   0x0000d480   Zero   RW         2869    .bss                malloc.o
    0x200105a0   0x0000000c   Zero   RW         3074    .bss                ff.o
    0x200105ac   0x00000050   Zero   RW         3366    .bss                exfuns.o
    0x200105fc   0x00000b98   Zero   RW         3640    .bss                os_core.o
    0x20011194   0x00000060   Zero   RW         9538    .bss                c_w.l(libspace.o)
    0x200111f4   0x00000004   PAD
    0x200111f8   0x00000000   Zero   RW         9199    HEAP                startup_stm32f40_41xxx.o
    0x200111f8   0x00000800   Zero   RW         9198    STACK               startup_stm32f40_41xxx.o



  Load Region LR$$.ARM.__AT_0x10000000 (Base: 0x10000000, Size: 0x00000000, Max: 0x00001000, ABSOLUTE)

    Execution Region ER$$.ARM.__AT_0x10000000 (Base: 0x10000000, Size: 0x00001000, Max: 0x00001000, ABSOLUTE, UNINIT)

    Base Addr    Size         Type   Attr      Idx    E Section Name        Object

    0x10000000   0x00001000   Zero   RW         2867    .ARM.__AT_0x10000000  malloc.o



  Load Region LR$$.ARM.__AT_0x10001000 (Base: 0x10001000, Size: 0x00000000, Max: 0x00000100, ABSOLUTE)

    Execution Region ER$$.ARM.__AT_0x10001000 (Base: 0x10001000, Size: 0x00000100, Max: 0x00000100, ABSOLUTE, UNINIT)

    Base Addr    Size         Type   Attr      Idx    E Section Name        Object

    0x10001000   0x00000100   Zero   RW         2868    .ARM.__AT_0x10001000  malloc.o


==============================================================================

Image component sizes


      Code (inc. data)   RO Data    RW Data    ZI Data      Debug   Object Name

       930        110        288          1        128       6540   blue.o
       520         78          0          0          0       4338   can1.o
       308         38          0          0          0       1387   can2.o
       308         30          0          4          0       3881   delay.o
       678         42          0          8          0       7747   diskio.o
       206         18          0         20         80       2324   exfuns.o
      5866         62         58          2         12      33614   ff.o
        48          4          0          0          0        503   key.o
       116         12          0          0          0        543   led.o
       768        212          0         28       9026     383754   main.o
       536         56         36         36      58752       6217   malloc.o
       180         24          0          0          0       1985   misc.o
        66         10        960          0          0       1519   mycc936.o
      2130        408        256         76       2968      21786   os_core.o
       200         32          0          0          0        312   os_cpu_a.o
       452          6          0          0          0      14293   os_cpu_c.o
       124         14          0          0          0       1214   os_flag.o
        88         14          0          0          0        553   os_mem.o
        80          8          0          0          0        575   os_q.o
        84         12          0          0          0        686   os_sem.o
      1154        116          0          0          0       6680   os_task.o
       120         20          0          0          0        632   os_time.o
       438         22          0          4          0       4350   rtc.o
      7482        400          0         16        704      33689   sdio_sdcard.o
         0          0        103        228          0       5339   sim900a.o
       328         18          0          0          0       1841   spi.o
        60         22        392          0       2048        824   startup_stm32f40_41xxx.o
      1252         28          0          0          0       4965   stm32f4xx_can.o
       496         26          0          0          0       4116   stm32f4xx_dma.o
       160         12          0          0          0       1421   stm32f4xx_exti.o
       218          0          0          0          0       2210   stm32f4xx_gpio.o
        12          6          0          0          0        510   stm32f4xx_pwr.o
       572         72          0         16          0       7844   stm32f4xx_rcc.o
      1366        104          0          0          0      12168   stm32f4xx_rtc.o
       208         38          0          0          0       5477   stm32f4xx_sdio.o
       112          0          0          0          0       3330   stm32f4xx_spi.o
       844         28          0          0          0      14370   stm32f4xx_tim.o
       688         42          0          0          0       5881   stm32f4xx_usart.o
        16          0          0          0          0        476   sys.o
       340         32          0          0          0       1401   system_stm32f4xx.o
      1644        200          0         36          0       7469   timer.o
       868        276          0          6        200       5361   usart.o
       488         54          0         14          0       2689   usart3.o
       392         48          0          4       1200       2208   usart5.o
       474         54          0          2        800       3221   usart6.o
       772         66          0          2          0       6731   w25qxx.o

    ----------------------------------------------------------------------
     34250       2874       2128        508      75928     638974   Object Totals
         0          0         32          0          0          0   (incl. Generated)
        58          0          3          5         10          0   (incl. Padding)

    ----------------------------------------------------------------------

      Code (inc. data)   RO Data    RW Data    ZI Data      Debug   Library Member Name

        24          4          0          0          0         84   __2printf.o
        44          6          0          0          0         84   __2sprintf.o
        90          0          0          0          0          0   __dczerorl2.o
         8          0          0          0          0         68   __main.o
       392          4         17          0          0         92   __printf_flags_ss_wp.o
        14          0          0          0          0         68   __printf_wp.o
         0          0          0          0          0          0   __rtentry.o
        12          0          0          0          0          0   __rtentry2.o
         6          0          0          0          0          0   __rtentry4.o
        52          8          0          0          0          0   __scatter.o
        28          0          0          0          0          0   __scatter_zi.o
        28          0          0          0          0         68   _chval.o
         6          0          0          0          0          0   _printf_c.o
        44          0          0          0          0        108   _printf_char.o
        48          6          0          0          0         96   _printf_char_common.o
        36          4          0          0          0         80   _printf_char_file.o
         6          0          0          0          0          0   _printf_d.o
       120         16          0          0          0         92   _printf_dec.o
       148          4         40          0          0        160   _printf_hex_int_ll_ptr.o
       178          0          0          0          0         88   _printf_intcommon.o
        78          0          0          0          0        108   _printf_pad.o
         0          0          0          0          0          0   _printf_percent.o
         4          0          0          0          0          0   _printf_percent_end.o
         6          0          0          0          0          0   _printf_s.o
        82          0          0          0          0         80   _printf_str.o
         6          0          0          0          0          0   _printf_x.o
        10          0          0          0          0         68   _sputc.o
       158          0          0          0          0         92   _strtoul.o
        26          0          0          0          0         80   atoi.o
        12          0          0          0          0         72   exit.o
         8          0          0          0          0         68   ferror.o
         6          0          0          0          0        152   heapauxi.o
        44         10        272          0          0         76   lc_ctype_c.o
         2          0          0          0          0          0   libinit.o
        24          0          0          0          0          0   libinit2.o
         2          0          0          0          0          0   libshutdown.o
         2          0          0          0          0          0   libshutdown2.o
         8          4          0          0         96         68   libspace.o
        72          0          0          0          0         76   llsdiv.o
       238          0          0          0          0        100   lludivv7m.o
        88          0          0          0          0         76   memcmp.o
        16          4          0          0          0         76   rt_ctype_table.o
         8          4          0          0          0         68   rt_errno_addr_intlibspace.o
         8          4          0          0          0         68   rt_locale_intlibspace.o
        68          0          0          0          0         68   rt_memclr.o
        78          0          0          0          0         80   rt_memclr_w.o
       138          0          0          0          0         68   rt_memcpy_v6.o
       100          0          0          0          0         80   rt_memcpy_w.o
         2          0          0          0          0          0   rtexit.o
        10          0          0          0          0          0   rtexit2.o
       128          0          0          0          0         68   strcmpv7m.o
       150          0          0          0          0         80   strncmp.o
        86          0          0          0          0         76   strncpy.o
        36          0          0          0          0         80   strstr.o
       112          0          0          0          0         88   strtol.o
        74          0          0          0          0         80   sys_stackheap_outer.o
         2          0          0          0          0         68   use_no_semi.o
         2          0          0          0          0         68   use_no_semi_2.o
        10          0          0          0          0        116   fpinit.o

    ----------------------------------------------------------------------
      3196         78        330          0        100       3436   Library Totals
         8          0          1          0          4          0   (incl. Padding)

    ----------------------------------------------------------------------

      Code (inc. data)   RO Data    RW Data    ZI Data      Debug   Library Name

      3178         78        329          0         96       3320   c_w.l
        10          0          0          0          0        116   fz_wm.l

    ----------------------------------------------------------------------
      3196         78        330          0        100       3436   Library Totals

    ----------------------------------------------------------------------

==============================================================================


      Code (inc. data)   RO Data    RW Data    ZI Data      Debug   

     37446       2952       2458        508      76028     610538   Grand Totals
     37446       2952       2458        156      76028     610538   ELF Image Totals (compressed)
     37446       2952       2458        156          0          0   ROM Totals

==============================================================================

    Total RO  Size (Code + RO Data)                39904 (  38.97kB)
    Total RW  Size (RW Data + ZI Data)             76536 (  74.74kB)
    Total ROM Size (Code + RO Data + RW Data)      40060 (  39.12kB)

==============================================================================

